::1 - - [28/Jan/2022:13:42:41 +0000] "OPTIONS /user/login HTTP/1.1" 200 4 "http://localhost:3000/" "Mozilla/5.0 (Macintosh; Intel Mac OS X 10_15_7) AppleWebKit/537.36 (KHTML, like Gecko) Chrome/97.0.4692.99 Safari/537.36"
::1 - - [28/Jan/2022:13:42:41 +0000] "POST /user/login HTTP/1.1" 200 303 "http://localhost:3000/" "Mozilla/5.0 (Macintosh; Intel Mac OS X 10_15_7) AppleWebKit/537.36 (KHTML, like Gecko) Chrome/97.0.4692.99 Safari/537.36"
::1 - - [28/Jan/2022:13:42:52 +0000] "OPTIONS /user/login HTTP/1.1" 200 4 "http://localhost:3000/" "Mozilla/5.0 (Macintosh; Intel Mac OS X 10_15_7) AppleWebKit/537.36 (KHTML, like Gecko) Chrome/97.0.4692.99 Safari/537.36"
::1 - - [28/Jan/2022:13:42:52 +0000] "POST /user/login HTTP/1.1" 200 303 "http://localhost:3000/" "Mozilla/5.0 (Macintosh; Intel Mac OS X 10_15_7) AppleWebKit/537.36 (KHTML, like Gecko) Chrome/97.0.4692.99 Safari/537.36"
::ffff:127.0.0.1 - - [28/Jan/2022:13:43:01 +0000] "GET /pull/lifetimeData/psn/thedirtybadger94 HTTP/1.1" 200 23333 "-" "axios/0.21.4"
::ffff:127.0.0.1 - - [28/Jan/2022:13:43:01 +0000] "GET /extract/generalStats/psn/thedirtybadger94 HTTP/1.1" 200 1704 "-" "axios/0.21.4"
::ffff:127.0.0.1 - - [28/Jan/2022:13:43:02 +0000] "GET /pull/lifetimeData/psn/mini_niv HTTP/1.1" 200 19929 "-" "axios/0.21.4"
::ffff:127.0.0.1 - - [28/Jan/2022:13:43:02 +0000] "GET /extract/generalStats/psn/mini_niv HTTP/1.1" 200 386 "-" "axios/0.21.4"
::ffff:127.0.0.1 - - [28/Jan/2022:13:43:02 +0000] "GET /pull/lifetimeData/battle/legendary117%232249 HTTP/1.1" 200 24543 "-" "axios/0.21.4"
::ffff:127.0.0.1 - - [28/Jan/2022:13:43:02 +0000] "GET /extract/generalStats/battle/legendary117%25232249 HTTP/1.1" 200 3061 "-" "axios/0.21.4"
::ffff:127.0.0.1 - - [28/Jan/2022:13:43:02 +0000] "GET /pull/lastGamesData/psn/nikto-armada HTTP/1.1" 200 131267 "-" "axios/0.21.4"
::ffff:127.0.0.1 - - [28/Jan/2022:13:43:02 +0000] "GET /extract/lastGamesStats/psn/nikto-armada HTTP/1.1" 200 5708 "-" "axios/0.21.4"
::ffff:127.0.0.1 - - [28/Jan/2022:13:43:02 +0000] "GET /pull/lifetimeData/psn/robindesnoix29 HTTP/1.1" 200 22146 "-" "axios/0.21.4"
::ffff:127.0.0.1 - - [28/Jan/2022:13:43:02 +0000] "GET /extract/generalStats/psn/robindesnoix29 HTTP/1.1" 200 1820 "-" "axios/0.21.4"
::ffff:127.0.0.1 - - [28/Jan/2022:13:43:02 +0000] "GET /pull/lifetimeData/psn/nikto-armada HTTP/1.1" 200 23197 "-" "axios/0.21.4"
::ffff:127.0.0.1 - - [28/Jan/2022:13:43:02 +0000] "GET /extract/generalStats/psn/nikto-armada HTTP/1.1" 200 1553 "-" "axios/0.21.4"
::ffff:127.0.0.1 - - [28/Jan/2022:13:43:02 +0000] "GET /pull/lifetimeData/psn/mp3il HTTP/1.1" 200 20783 "-" "axios/0.21.4"
::ffff:127.0.0.1 - - [28/Jan/2022:13:43:02 +0000] "GET /extract/generalStats/psn/mp3il HTTP/1.1" 200 384 "-" "axios/0.21.4"
::ffff:127.0.0.1 - - [28/Jan/2022:13:43:02 +0000] "GET /pull/lastGamesData/battle/legendary117%232249 HTTP/1.1" 200 166616 "-" "axios/0.21.4"
::ffff:127.0.0.1 - - [28/Jan/2022:13:43:02 +0000] "GET /extract/lastGamesStats/battle/legendary117%25232249 HTTP/1.1" 200 5631 "-" "axios/0.21.4"
::ffff:127.0.0.1 - - [28/Jan/2022:13:43:02 +0000] "GET /pull/lastGamesData/psn/thedirtybadger94 HTTP/1.1" 200 172392 "-" "axios/0.21.4"
::ffff:127.0.0.1 - - [28/Jan/2022:13:43:02 +0000] "GET /extract/lastGamesStats/psn/thedirtybadger94 HTTP/1.1" 200 5365 "-" "axios/0.21.4"
::ffff:127.0.0.1 - - [28/Jan/2022:13:43:02 +0000] "GET /pull/lastGamesData/psn/mini_niv HTTP/1.1" 200 140027 "-" "axios/0.21.4"
::ffff:127.0.0.1 - - [28/Jan/2022:13:43:02 +0000] "GET /extract/lastGamesStats/psn/mini_niv HTTP/1.1" 200 5652 "-" "axios/0.21.4"
::ffff:127.0.0.1 - - [28/Jan/2022:13:43:04 +0000] "GET /pull/lastGamesData/psn/mp3il HTTP/1.1" 200 132889 "-" "axios/0.21.4"
::ffff:127.0.0.1 - - [28/Jan/2022:13:43:04 +0000] "GET /pull/lastGamesData/psn/robindesnoix29 HTTP/1.1" 200 197306 "-" "axios/0.21.4"
::ffff:127.0.0.1 - - [28/Jan/2022:13:43:04 +0000] "GET /extract/lastGamesStats/psn/mp3il HTTP/1.1" 200 5524 "-" "axios/0.21.4"
::ffff:127.0.0.1 - - [28/Jan/2022:13:43:04 +0000] "GET /extract/lastGamesStats/psn/robindesnoix29 HTTP/1.1" 200 5565 "-" "axios/0.21.4"
::1 - - [28/Jan/2022:13:43:08 +0000] "OPTIONS /user/login HTTP/1.1" 200 4 "http://localhost:3000/" "Mozilla/5.0 (Macintosh; Intel Mac OS X 10_15_7) AppleWebKit/537.36 (KHTML, like Gecko) Chrome/97.0.4692.99 Safari/537.36"
::1 - - [28/Jan/2022:13:43:08 +0000] "POST /user/login HTTP/1.1" 200 303 "http://localhost:3000/" "Mozilla/5.0 (Macintosh; Intel Mac OS X 10_15_7) AppleWebKit/537.36 (KHTML, like Gecko) Chrome/97.0.4692.99 Safari/537.36"
::1 - - [28/Jan/2022:13:43:16 +0000] "OPTIONS /profile/username/mini_niv/platform/psn HTTP/1.1" 200 8 "http://localhost:3000/" "Mozilla/5.0 (Macintosh; Intel Mac OS X 10_15_7) AppleWebKit/537.36 (KHTML, like Gecko) Chrome/97.0.4692.99 Safari/537.36"
::1 - - [28/Jan/2022:13:43:16 +0000] "GET /profile/username/mini_niv/platform/psn HTTP/1.1" 304 - "http://localhost:3000/" "Mozilla/5.0 (Macintosh; Intel Mac OS X 10_15_7) AppleWebKit/537.36 (KHTML, like Gecko) Chrome/97.0.4692.99 Safari/537.36"
::1 - - [28/Jan/2022:13:43:19 +0000] "OPTIONS /profile/username/mini_niv/platform/xbl HTTP/1.1" 200 8 "http://localhost:3000/" "Mozilla/5.0 (Macintosh; Intel Mac OS X 10_15_7) AppleWebKit/537.36 (KHTML, like Gecko) Chrome/97.0.4692.99 Safari/537.36"
::ffff:127.0.0.1 - - [28/Jan/2022:13:43:19 +0000] "GET /pull/lastGamesData/xbl/mini_niv HTTP/1.1" 500 62 "-" "axios/0.21.4"
::ffff:127.0.0.1 - - [28/Jan/2022:13:43:19 +0000] "GET /extract/lastGamesStats/xbl/mini_niv/5 HTTP/1.1" 500 240 "-" "axios/0.21.4"
::1 - - [28/Jan/2022:13:43:19 +0000] "GET /profile/username/mini_niv/platform/xbl HTTP/1.1" 500 314 "http://localhost:3000/" "Mozilla/5.0 (Macintosh; Intel Mac OS X 10_15_7) AppleWebKit/537.36 (KHTML, like Gecko) Chrome/97.0.4692.99 Safari/537.36"
::ffff:127.0.0.1 - - [28/Jan/2022:13:43:19 +0000] "GET /pull/lifetimeData/xbl/mini_niv HTTP/1.1" 500 62 "-" "axios/0.21.4"
::ffff:127.0.0.1 - - [28/Jan/2022:13:43:19 +0000] "GET /extract/generalStats/xbl/mini_niv HTTP/1.1" 500 246 "-" "axios/0.21.4"
::1 - - [28/Jan/2022:13:43:30 +0000] "OPTIONS /profile/username/a/platform/psn HTTP/1.1" 200 8 "http://localhost:3000/" "Mozilla/5.0 (Macintosh; Intel Mac OS X 10_15_7) AppleWebKit/537.36 (KHTML, like Gecko) Chrome/97.0.4692.99 Safari/537.36"
::ffff:127.0.0.1 - - [28/Jan/2022:13:43:30 +0000] "GET /pull/lastGamesData/psn/a HTTP/1.1" 404 163 "-" "axios/0.21.4"
::ffff:127.0.0.1 - - [28/Jan/2022:13:43:30 +0000] "GET /extract/lastGamesStats/psn/a/5 HTTP/1.1" 404 240 "-" "axios/0.21.4"
::1 - - [28/Jan/2022:13:43:30 +0000] "GET /profile/username/a/platform/psn HTTP/1.1" 500 314 "http://localhost:3000/" "Mozilla/5.0 (Macintosh; Intel Mac OS X 10_15_7) AppleWebKit/537.36 (KHTML, like Gecko) Chrome/97.0.4692.99 Safari/537.36"
::ffff:127.0.0.1 - - [28/Jan/2022:13:43:30 +0000] "GET /pull/lifetimeData/psn/a HTTP/1.1" 500 28 "-" "axios/0.21.4"
::ffff:127.0.0.1 - - [28/Jan/2022:13:43:30 +0000] "GET /extract/generalStats/psn/a HTTP/1.1" 500 246 "-" "axios/0.21.4"
::1 - - [28/Jan/2022:13:43:35 +0000] "OPTIONS /profile/username/a/platform/psn HTTP/1.1" 200 8 "http://localhost:3000/" "Mozilla/5.0 (Macintosh; Intel Mac OS X 10_15_7) AppleWebKit/537.36 (KHTML, like Gecko) Chrome/97.0.4692.99 Safari/537.36"
::ffff:127.0.0.1 - - [28/Jan/2022:13:43:36 +0000] "GET /pull/lifetimeData/psn/a HTTP/1.1" 500 28 "-" "axios/0.21.4"
::ffff:127.0.0.1 - - [28/Jan/2022:13:43:36 +0000] "GET /extract/generalStats/psn/a HTTP/1.1" 500 246 "-" "axios/0.21.4"
::1 - - [28/Jan/2022:13:43:36 +0000] "GET /profile/username/a/platform/psn HTTP/1.1" 500 313 "http://localhost:3000/" "Mozilla/5.0 (Macintosh; Intel Mac OS X 10_15_7) AppleWebKit/537.36 (KHTML, like Gecko) Chrome/97.0.4692.99 Safari/537.36"
::ffff:127.0.0.1 - - [28/Jan/2022:13:43:36 +0000] "GET /pull/lastGamesData/psn/a HTTP/1.1" 404 163 "-" "axios/0.21.4"
::ffff:127.0.0.1 - - [28/Jan/2022:13:43:36 +0000] "GET /extract/lastGamesStats/psn/a/5 HTTP/1.1" 404 240 "-" "axios/0.21.4"
::ffff:127.0.0.1 - - [28/Jan/2022:13:43:38 +0000] "GET /pull/lifetimeData/psn/a HTTP/1.1" 500 28 "-" "axios/0.21.4"
::ffff:127.0.0.1 - - [28/Jan/2022:13:43:38 +0000] "GET /extract/generalStats/psn/a HTTP/1.1" 500 246 "-" "axios/0.21.4"
::1 - - [28/Jan/2022:13:43:38 +0000] "GET /profile/username/a/platform/psn HTTP/1.1" 500 313 "http://localhost:3000/" "Mozilla/5.0 (Macintosh; Intel Mac OS X 10_15_7) AppleWebKit/537.36 (KHTML, like Gecko) Chrome/97.0.4692.99 Safari/537.36"
::ffff:127.0.0.1 - - [28/Jan/2022:13:43:38 +0000] "GET /pull/lastGamesData/psn/a HTTP/1.1" 404 163 "-" "axios/0.21.4"
::ffff:127.0.0.1 - - [28/Jan/2022:13:43:38 +0000] "GET /extract/lastGamesStats/psn/a/5 HTTP/1.1" 404 240 "-" "axios/0.21.4"
::ffff:127.0.0.1 - - [28/Jan/2022:13:43:39 +0000] "GET /pull/lifetimeData/psn/a HTTP/1.1" 500 28 "-" "axios/0.21.4"
::ffff:127.0.0.1 - - [28/Jan/2022:13:43:39 +0000] "GET /extract/generalStats/psn/a HTTP/1.1" 500 246 "-" "axios/0.21.4"
::1 - - [28/Jan/2022:13:43:39 +0000] "GET /profile/username/a/platform/psn HTTP/1.1" 500 313 "http://localhost:3000/" "Mozilla/5.0 (Macintosh; Intel Mac OS X 10_15_7) AppleWebKit/537.36 (KHTML, like Gecko) Chrome/97.0.4692.99 Safari/537.36"
::ffff:127.0.0.1 - - [28/Jan/2022:13:43:39 +0000] "GET /pull/lastGamesData/psn/a HTTP/1.1" 404 163 "-" "axios/0.21.4"
::ffff:127.0.0.1 - - [28/Jan/2022:13:43:39 +0000] "GET /extract/lastGamesStats/psn/a/5 HTTP/1.1" 404 240 "-" "axios/0.21.4"
::ffff:127.0.0.1 - - [28/Jan/2022:13:43:39 +0000] "GET /pull/lastGamesData/psn/a HTTP/1.1" 404 163 "-" "axios/0.21.4"
::ffff:127.0.0.1 - - [28/Jan/2022:13:43:39 +0000] "GET /extract/lastGamesStats/psn/a/5 HTTP/1.1" 404 240 "-" "axios/0.21.4"
::1 - - [28/Jan/2022:13:43:39 +0000] "GET /profile/username/a/platform/psn HTTP/1.1" 500 314 "http://localhost:3000/" "Mozilla/5.0 (Macintosh; Intel Mac OS X 10_15_7) AppleWebKit/537.36 (KHTML, like Gecko) Chrome/97.0.4692.99 Safari/537.36"
::ffff:127.0.0.1 - - [28/Jan/2022:13:43:39 +0000] "GET /pull/lifetimeData/psn/a HTTP/1.1" 500 28 "-" "axios/0.21.4"
::ffff:127.0.0.1 - - [28/Jan/2022:13:43:39 +0000] "GET /extract/generalStats/psn/a HTTP/1.1" 500 246 "-" "axios/0.21.4"
::ffff:127.0.0.1 - - [28/Jan/2022:13:43:40 +0000] "GET /pull/lifetimeData/psn/a HTTP/1.1" 500 28 "-" "axios/0.21.4"
::ffff:127.0.0.1 - - [28/Jan/2022:13:43:40 +0000] "GET /extract/generalStats/psn/a HTTP/1.1" 500 246 "-" "axios/0.21.4"
::ffff:127.0.0.1 - - [28/Jan/2022:13:43:40 +0000] "GET /pull/lastGamesData/psn/a HTTP/1.1" 404 163 "-" "axios/0.21.4"
::1 - - [28/Jan/2022:13:43:40 +0000] "GET /profile/username/a/platform/psn HTTP/1.1" 500 313 "http://localhost:3000/" "Mozilla/5.0 (Macintosh; Intel Mac OS X 10_15_7) AppleWebKit/537.36 (KHTML, like Gecko) Chrome/97.0.4692.99 Safari/537.36"
::ffff:127.0.0.1 - - [28/Jan/2022:13:43:40 +0000] "GET /extract/lastGamesStats/psn/a/5 HTTP/1.1" 404 240 "-" "axios/0.21.4"
::1 - - [28/Jan/2022:13:43:40 +0000] "OPTIONS /profile/username/a/platform/psn HTTP/1.1" 200 8 "http://localhost:3000/" "Mozilla/5.0 (Macintosh; Intel Mac OS X 10_15_7) AppleWebKit/537.36 (KHTML, like Gecko) Chrome/97.0.4692.99 Safari/537.36"
::ffff:127.0.0.1 - - [28/Jan/2022:13:43:41 +0000] "GET /pull/lastGamesData/psn/a HTTP/1.1" 404 163 "-" "axios/0.21.4"
::ffff:127.0.0.1 - - [28/Jan/2022:13:43:41 +0000] "GET /extract/lastGamesStats/psn/a/5 HTTP/1.1" 404 240 "-" "axios/0.21.4"
::1 - - [28/Jan/2022:13:43:41 +0000] "GET /profile/username/a/platform/psn HTTP/1.1" 500 314 "http://localhost:3000/" "Mozilla/5.0 (Macintosh; Intel Mac OS X 10_15_7) AppleWebKit/537.36 (KHTML, like Gecko) Chrome/97.0.4692.99 Safari/537.36"
::ffff:127.0.0.1 - - [28/Jan/2022:13:43:41 +0000] "GET /pull/lifetimeData/psn/a HTTP/1.1" 500 28 "-" "axios/0.21.4"
::ffff:127.0.0.1 - - [28/Jan/2022:13:43:41 +0000] "GET /extract/generalStats/psn/a HTTP/1.1" 500 246 "-" "axios/0.21.4"
::ffff:127.0.0.1 - - [28/Jan/2022:13:43:41 +0000] "GET /pull/lastGamesData/psn/a HTTP/1.1" 404 163 "-" "axios/0.21.4"
::ffff:127.0.0.1 - - [28/Jan/2022:13:43:41 +0000] "GET /pull/lifetimeData/psn/a HTTP/1.1" 500 28 "-" "axios/0.21.4"
::ffff:127.0.0.1 - - [28/Jan/2022:13:43:41 +0000] "GET /extract/lastGamesStats/psn/a/5 HTTP/1.1" 404 240 "-" "axios/0.21.4"
::ffff:127.0.0.1 - - [28/Jan/2022:13:43:41 +0000] "GET /extract/generalStats/psn/a HTTP/1.1" 500 246 "-" "axios/0.21.4"
::1 - - [28/Jan/2022:13:43:41 +0000] "GET /profile/username/a/platform/psn HTTP/1.1" 500 314 "http://localhost:3000/" "Mozilla/5.0 (Macintosh; Intel Mac OS X 10_15_7) AppleWebKit/537.36 (KHTML, like Gecko) Chrome/97.0.4692.99 Safari/537.36"
::ffff:127.0.0.1 - - [28/Jan/2022:13:43:42 +0000] "GET /pull/lifetimeData/psn/a HTTP/1.1" 500 28 "-" "axios/0.21.4"
::ffff:127.0.0.1 - - [28/Jan/2022:13:43:42 +0000] "GET /extract/generalStats/psn/a HTTP/1.1" 500 246 "-" "axios/0.21.4"
::ffff:127.0.0.1 - - [28/Jan/2022:13:43:42 +0000] "GET /pull/lastGamesData/psn/a HTTP/1.1" 404 163 "-" "axios/0.21.4"
::1 - - [28/Jan/2022:13:43:42 +0000] "GET /profile/username/a/platform/psn HTTP/1.1" 500 313 "http://localhost:3000/" "Mozilla/5.0 (Macintosh; Intel Mac OS X 10_15_7) AppleWebKit/537.36 (KHTML, like Gecko) Chrome/97.0.4692.99 Safari/537.36"
::ffff:127.0.0.1 - - [28/Jan/2022:13:43:42 +0000] "GET /extract/lastGamesStats/psn/a/5 HTTP/1.1" 404 240 "-" "axios/0.21.4"
::ffff:127.0.0.1 - - [28/Jan/2022:13:43:42 +0000] "GET /pull/lifetimeData/psn/a HTTP/1.1" 500 28 "-" "axios/0.21.4"
::ffff:127.0.0.1 - - [28/Jan/2022:13:43:42 +0000] "GET /extract/generalStats/psn/a HTTP/1.1" 500 246 "-" "axios/0.21.4"
::ffff:127.0.0.1 - - [28/Jan/2022:13:43:42 +0000] "GET /pull/lastGamesData/psn/a HTTP/1.1" 404 163 "-" "axios/0.21.4"
::1 - - [28/Jan/2022:13:43:42 +0000] "GET /profile/username/a/platform/psn HTTP/1.1" 500 313 "http://localhost:3000/" "Mozilla/5.0 (Macintosh; Intel Mac OS X 10_15_7) AppleWebKit/537.36 (KHTML, like Gecko) Chrome/97.0.4692.99 Safari/537.36"
::ffff:127.0.0.1 - - [28/Jan/2022:13:43:42 +0000] "GET /extract/lastGamesStats/psn/a/5 HTTP/1.1" 404 240 "-" "axios/0.21.4"
::ffff:127.0.0.1 - - [28/Jan/2022:13:43:43 +0000] "GET /pull/lifetimeData/psn/a HTTP/1.1" 500 28 "-" "axios/0.21.4"
::ffff:127.0.0.1 - - [28/Jan/2022:13:43:43 +0000] "GET /extract/generalStats/psn/a HTTP/1.1" 500 246 "-" "axios/0.21.4"
::ffff:127.0.0.1 - - [28/Jan/2022:13:43:43 +0000] "GET /pull/lastGamesData/psn/a HTTP/1.1" 404 163 "-" "axios/0.21.4"
::1 - - [28/Jan/2022:13:43:43 +0000] "GET /profile/username/a/platform/psn HTTP/1.1" 500 313 "http://localhost:3000/" "Mozilla/5.0 (Macintosh; Intel Mac OS X 10_15_7) AppleWebKit/537.36 (KHTML, like Gecko) Chrome/97.0.4692.99 Safari/537.36"
::ffff:127.0.0.1 - - [28/Jan/2022:13:43:43 +0000] "GET /extract/lastGamesStats/psn/a/5 HTTP/1.1" 404 240 "-" "axios/0.21.4"
::ffff:127.0.0.1 - - [28/Jan/2022:13:43:43 +0000] "GET /pull/lastGamesData/psn/a HTTP/1.1" 404 163 "-" "axios/0.21.4"
::ffff:127.0.0.1 - - [28/Jan/2022:13:43:43 +0000] "GET /pull/lifetimeData/psn/a HTTP/1.1" 500 28 "-" "axios/0.21.4"
::ffff:127.0.0.1 - - [28/Jan/2022:13:43:43 +0000] "GET /extract/lastGamesStats/psn/a/5 HTTP/1.1" 404 240 "-" "axios/0.21.4"
::ffff:127.0.0.1 - - [28/Jan/2022:13:43:43 +0000] "GET /extract/generalStats/psn/a HTTP/1.1" 500 246 "-" "axios/0.21.4"
::1 - - [28/Jan/2022:13:43:43 +0000] "GET /profile/username/a/platform/psn HTTP/1.1" 500 314 "http://localhost:3000/" "Mozilla/5.0 (Macintosh; Intel Mac OS X 10_15_7) AppleWebKit/537.36 (KHTML, like Gecko) Chrome/97.0.4692.99 Safari/537.36"
::ffff:127.0.0.1 - - [28/Jan/2022:13:43:44 +0000] "GET /pull/lastGamesData/psn/a HTTP/1.1" 404 163 "-" "axios/0.21.4"
::ffff:127.0.0.1 - - [28/Jan/2022:13:43:44 +0000] "GET /pull/lifetimeData/psn/a HTTP/1.1" 500 28 "-" "axios/0.21.4"
::ffff:127.0.0.1 - - [28/Jan/2022:13:43:44 +0000] "GET /extract/lastGamesStats/psn/a/5 HTTP/1.1" 404 240 "-" "axios/0.21.4"
::ffff:127.0.0.1 - - [28/Jan/2022:13:43:44 +0000] "GET /extract/generalStats/psn/a HTTP/1.1" 500 246 "-" "axios/0.21.4"
::1 - - [28/Jan/2022:13:43:44 +0000] "GET /profile/username/a/platform/psn HTTP/1.1" 500 314 "http://localhost:3000/" "Mozilla/5.0 (Macintosh; Intel Mac OS X 10_15_7) AppleWebKit/537.36 (KHTML, like Gecko) Chrome/97.0.4692.99 Safari/537.36"
::ffff:127.0.0.1 - - [28/Jan/2022:13:43:44 +0000] "GET /pull/lifetimeData/psn/a HTTP/1.1" 500 28 "-" "axios/0.21.4"
::ffff:127.0.0.1 - - [28/Jan/2022:13:43:44 +0000] "GET /extract/generalStats/psn/a HTTP/1.1" 500 246 "-" "axios/0.21.4"
::ffff:127.0.0.1 - - [28/Jan/2022:13:43:44 +0000] "GET /pull/lastGamesData/psn/a HTTP/1.1" 404 163 "-" "axios/0.21.4"
::1 - - [28/Jan/2022:13:43:44 +0000] "GET /profile/username/a/platform/psn HTTP/1.1" 500 313 "http://localhost:3000/" "Mozilla/5.0 (Macintosh; Intel Mac OS X 10_15_7) AppleWebKit/537.36 (KHTML, like Gecko) Chrome/97.0.4692.99 Safari/537.36"
::ffff:127.0.0.1 - - [28/Jan/2022:13:43:44 +0000] "GET /extract/lastGamesStats/psn/a/5 HTTP/1.1" 404 240 "-" "axios/0.21.4"
::ffff:127.0.0.1 - - [28/Jan/2022:13:43:45 +0000] "GET /pull/lastGamesData/psn/a HTTP/1.1" 404 163 "-" "axios/0.21.4"
::ffff:127.0.0.1 - - [28/Jan/2022:13:43:45 +0000] "GET /extract/lastGamesStats/psn/a/5 HTTP/1.1" 404 240 "-" "axios/0.21.4"
::ffff:127.0.0.1 - - [28/Jan/2022:13:43:45 +0000] "GET /pull/lifetimeData/psn/a HTTP/1.1" 500 28 "-" "axios/0.21.4"
::1 - - [28/Jan/2022:13:43:45 +0000] "GET /profile/username/a/platform/psn HTTP/1.1" 500 314 "http://localhost:3000/" "Mozilla/5.0 (Macintosh; Intel Mac OS X 10_15_7) AppleWebKit/537.36 (KHTML, like Gecko) Chrome/97.0.4692.99 Safari/537.36"
::ffff:127.0.0.1 - - [28/Jan/2022:13:43:45 +0000] "GET /extract/generalStats/psn/a HTTP/1.1" 500 246 "-" "axios/0.21.4"
::ffff:127.0.0.1 - - [28/Jan/2022:13:43:45 +0000] "GET /pull/lastGamesData/psn/a HTTP/1.1" 404 163 "-" "axios/0.21.4"
::ffff:127.0.0.1 - - [28/Jan/2022:13:43:45 +0000] "GET /pull/lifetimeData/psn/a HTTP/1.1" 500 28 "-" "axios/0.21.4"
::ffff:127.0.0.1 - - [28/Jan/2022:13:43:45 +0000] "GET /extract/lastGamesStats/psn/a/5 HTTP/1.1" 404 240 "-" "axios/0.21.4"
::ffff:127.0.0.1 - - [28/Jan/2022:13:43:45 +0000] "GET /extract/generalStats/psn/a HTTP/1.1" 500 246 "-" "axios/0.21.4"
::1 - - [28/Jan/2022:13:43:45 +0000] "GET /profile/username/a/platform/psn HTTP/1.1" 500 314 "http://localhost:3000/" "Mozilla/5.0 (Macintosh; Intel Mac OS X 10_15_7) AppleWebKit/537.36 (KHTML, like Gecko) Chrome/97.0.4692.99 Safari/537.36"
::ffff:127.0.0.1 - - [28/Jan/2022:13:43:46 +0000] "GET /pull/lastGamesData/psn/a HTTP/1.1" 404 163 "-" "axios/0.21.4"
::ffff:127.0.0.1 - - [28/Jan/2022:13:43:46 +0000] "GET /pull/lifetimeData/psn/a HTTP/1.1" 500 28 "-" "axios/0.21.4"
::ffff:127.0.0.1 - - [28/Jan/2022:13:43:46 +0000] "GET /extract/lastGamesStats/psn/a/5 HTTP/1.1" 404 240 "-" "axios/0.21.4"
::ffff:127.0.0.1 - - [28/Jan/2022:13:43:46 +0000] "GET /extract/generalStats/psn/a HTTP/1.1" 500 246 "-" "axios/0.21.4"
::1 - - [28/Jan/2022:13:43:46 +0000] "GET /profile/username/a/platform/psn HTTP/1.1" 500 314 "http://localhost:3000/" "Mozilla/5.0 (Macintosh; Intel Mac OS X 10_15_7) AppleWebKit/537.36 (KHTML, like Gecko) Chrome/97.0.4692.99 Safari/537.36"
::ffff:127.0.0.1 - - [28/Jan/2022:13:43:46 +0000] "GET /pull/lifetimeData/psn/a HTTP/1.1" 500 28 "-" "axios/0.21.4"
::ffff:127.0.0.1 - - [28/Jan/2022:13:43:46 +0000] "GET /extract/generalStats/psn/a HTTP/1.1" 500 246 "-" "axios/0.21.4"
::ffff:127.0.0.1 - - [28/Jan/2022:13:43:46 +0000] "GET /pull/lastGamesData/psn/a HTTP/1.1" 404 163 "-" "axios/0.21.4"
::1 - - [28/Jan/2022:13:43:46 +0000] "GET /profile/username/a/platform/psn HTTP/1.1" 500 313 "http://localhost:3000/" "Mozilla/5.0 (Macintosh; Intel Mac OS X 10_15_7) AppleWebKit/537.36 (KHTML, like Gecko) Chrome/97.0.4692.99 Safari/537.36"
::ffff:127.0.0.1 - - [28/Jan/2022:13:43:46 +0000] "GET /extract/lastGamesStats/psn/a/5 HTTP/1.1" 404 240 "-" "axios/0.21.4"
::ffff:127.0.0.1 - - [28/Jan/2022:13:43:47 +0000] "GET /pull/lifetimeData/psn/a HTTP/1.1" 500 28 "-" "axios/0.21.4"
::ffff:127.0.0.1 - - [28/Jan/2022:13:43:47 +0000] "GET /extract/generalStats/psn/a HTTP/1.1" 500 246 "-" "axios/0.21.4"
::1 - - [28/Jan/2022:13:43:47 +0000] "GET /profile/username/a/platform/psn HTTP/1.1" 500 313 "http://localhost:3000/" "Mozilla/5.0 (Macintosh; Intel Mac OS X 10_15_7) AppleWebKit/537.36 (KHTML, like Gecko) Chrome/97.0.4692.99 Safari/537.36"
::ffff:127.0.0.1 - - [28/Jan/2022:13:43:47 +0000] "GET /pull/lastGamesData/psn/a HTTP/1.1" 404 163 "-" "axios/0.21.4"
::ffff:127.0.0.1 - - [28/Jan/2022:13:43:47 +0000] "GET /extract/lastGamesStats/psn/a/5 HTTP/1.1" 404 240 "-" "axios/0.21.4"
::ffff:127.0.0.1 - - [28/Jan/2022:13:43:47 +0000] "GET /pull/lastGamesData/psn/a HTTP/1.1" 404 163 "-" "axios/0.21.4"
::ffff:127.0.0.1 - - [28/Jan/2022:13:43:47 +0000] "GET /pull/lifetimeData/psn/a HTTP/1.1" 500 28 "-" "axios/0.21.4"
::ffff:127.0.0.1 - - [28/Jan/2022:13:43:47 +0000] "GET /extract/lastGamesStats/psn/a/5 HTTP/1.1" 404 240 "-" "axios/0.21.4"
::ffff:127.0.0.1 - - [28/Jan/2022:13:43:47 +0000] "GET /extract/generalStats/psn/a HTTP/1.1" 500 246 "-" "axios/0.21.4"
::1 - - [28/Jan/2022:13:43:47 +0000] "GET /profile/username/a/platform/psn HTTP/1.1" 500 314 "http://localhost:3000/" "Mozilla/5.0 (Macintosh; Intel Mac OS X 10_15_7) AppleWebKit/537.36 (KHTML, like Gecko) Chrome/97.0.4692.99 Safari/537.36"
::ffff:127.0.0.1 - - [28/Jan/2022:13:43:48 +0000] "GET /pull/lifetimeData/psn/a HTTP/1.1" 500 28 "-" "axios/0.21.4"
::ffff:127.0.0.1 - - [28/Jan/2022:13:43:48 +0000] "GET /extract/generalStats/psn/a HTTP/1.1" 500 246 "-" "axios/0.21.4"
::ffff:127.0.0.1 - - [28/Jan/2022:13:43:48 +0000] "GET /pull/lastGamesData/psn/a HTTP/1.1" 404 163 "-" "axios/0.21.4"
::1 - - [28/Jan/2022:13:43:48 +0000] "GET /profile/username/a/platform/psn HTTP/1.1" 500 313 "http://localhost:3000/" "Mozilla/5.0 (Macintosh; Intel Mac OS X 10_15_7) AppleWebKit/537.36 (KHTML, like Gecko) Chrome/97.0.4692.99 Safari/537.36"
::ffff:127.0.0.1 - - [28/Jan/2022:13:43:48 +0000] "GET /extract/lastGamesStats/psn/a/5 HTTP/1.1" 404 240 "-" "axios/0.21.4"
::ffff:127.0.0.1 - - [28/Jan/2022:13:43:48 +0000] "GET /pull/lastGamesData/psn/a HTTP/1.1" 404 163 "-" "axios/0.21.4"
::ffff:127.0.0.1 - - [28/Jan/2022:13:43:48 +0000] "GET /extract/lastGamesStats/psn/a/5 HTTP/1.1" 404 240 "-" "axios/0.21.4"
::1 - - [28/Jan/2022:13:43:48 +0000] "GET /profile/username/a/platform/psn HTTP/1.1" 500 314 "http://localhost:3000/" "Mozilla/5.0 (Macintosh; Intel Mac OS X 10_15_7) AppleWebKit/537.36 (KHTML, like Gecko) Chrome/97.0.4692.99 Safari/537.36"
::ffff:127.0.0.1 - - [28/Jan/2022:13:43:48 +0000] "GET /pull/lifetimeData/psn/a HTTP/1.1" 500 28 "-" "axios/0.21.4"
::ffff:127.0.0.1 - - [28/Jan/2022:13:43:48 +0000] "GET /extract/generalStats/psn/a HTTP/1.1" 500 246 "-" "axios/0.21.4"
::ffff:127.0.0.1 - - [28/Jan/2022:13:43:48 +0000] "GET /pull/lifetimeData/psn/a HTTP/1.1" 500 28 "-" "axios/0.21.4"
::ffff:127.0.0.1 - - [28/Jan/2022:13:43:48 +0000] "GET /extract/generalStats/psn/a HTTP/1.1" 500 246 "-" "axios/0.21.4"
::1 - - [28/Jan/2022:13:43:48 +0000] "GET /profile/username/a/platform/psn HTTP/1.1" 500 313 "http://localhost:3000/" "Mozilla/5.0 (Macintosh; Intel Mac OS X 10_15_7) AppleWebKit/537.36 (KHTML, like Gecko) Chrome/97.0.4692.99 Safari/537.36"
::ffff:127.0.0.1 - - [28/Jan/2022:13:43:48 +0000] "GET /pull/lastGamesData/psn/a HTTP/1.1" 404 163 "-" "axios/0.21.4"
::ffff:127.0.0.1 - - [28/Jan/2022:13:43:48 +0000] "GET /extract/lastGamesStats/psn/a/5 HTTP/1.1" 404 240 "-" "axios/0.21.4"
::ffff:127.0.0.1 - - [28/Jan/2022:13:43:49 +0000] "GET /pull/lastGamesData/psn/a HTTP/1.1" 404 163 "-" "axios/0.21.4"
::ffff:127.0.0.1 - - [28/Jan/2022:13:43:49 +0000] "GET /extract/lastGamesStats/psn/a/5 HTTP/1.1" 404 240 "-" "axios/0.21.4"
::ffff:127.0.0.1 - - [28/Jan/2022:13:43:49 +0000] "GET /pull/lifetimeData/psn/a HTTP/1.1" 500 28 "-" "axios/0.21.4"
::1 - - [28/Jan/2022:13:43:49 +0000] "GET /profile/username/a/platform/psn HTTP/1.1" 500 314 "http://localhost:3000/" "Mozilla/5.0 (Macintosh; Intel Mac OS X 10_15_7) AppleWebKit/537.36 (KHTML, like Gecko) Chrome/97.0.4692.99 Safari/537.36"
::ffff:127.0.0.1 - - [28/Jan/2022:13:43:49 +0000] "GET /extract/generalStats/psn/a HTTP/1.1" 500 246 "-" "axios/0.21.4"
::ffff:127.0.0.1 - - [28/Jan/2022:13:43:49 +0000] "GET /pull/lastGamesData/psn/a HTTP/1.1" 404 163 "-" "axios/0.21.4"
::ffff:127.0.0.1 - - [28/Jan/2022:13:43:49 +0000] "GET /pull/lifetimeData/psn/a HTTP/1.1" 500 28 "-" "axios/0.21.4"
::ffff:127.0.0.1 - - [28/Jan/2022:13:43:49 +0000] "GET /extract/lastGamesStats/psn/a/5 HTTP/1.1" 404 240 "-" "axios/0.21.4"
::ffff:127.0.0.1 - - [28/Jan/2022:13:43:49 +0000] "GET /extract/generalStats/psn/a HTTP/1.1" 500 246 "-" "axios/0.21.4"
::1 - - [28/Jan/2022:13:43:49 +0000] "GET /profile/username/a/platform/psn HTTP/1.1" 500 314 "http://localhost:3000/" "Mozilla/5.0 (Macintosh; Intel Mac OS X 10_15_7) AppleWebKit/537.36 (KHTML, like Gecko) Chrome/97.0.4692.99 Safari/537.36"
::ffff:127.0.0.1 - - [28/Jan/2022:13:44:01 +0000] "GET /pull/lifetimeData/psn/mp3il HTTP/1.1" 200 20783 "-" "axios/0.21.4"
::ffff:127.0.0.1 - - [28/Jan/2022:13:44:01 +0000] "GET /extract/generalStats/psn/mp3il HTTP/1.1" 200 384 "-" "axios/0.21.4"
::ffff:127.0.0.1 - - [28/Jan/2022:13:44:02 +0000] "GET /pull/lifetimeData/psn/mini_niv HTTP/1.1" 200 19929 "-" "axios/0.21.4"
::ffff:127.0.0.1 - - [28/Jan/2022:13:44:02 +0000] "GET /extract/generalStats/psn/mini_niv HTTP/1.1" 200 386 "-" "axios/0.21.4"
::ffff:127.0.0.1 - - [28/Jan/2022:13:44:02 +0000] "GET /pull/lifetimeData/psn/thedirtybadger94 HTTP/1.1" 200 23333 "-" "axios/0.21.4"
::ffff:127.0.0.1 - - [28/Jan/2022:13:44:02 +0000] "GET /pull/lifetimeData/psn/robindesnoix29 HTTP/1.1" 200 22146 "-" "axios/0.21.4"
::ffff:127.0.0.1 - - [28/Jan/2022:13:44:02 +0000] "GET /extract/generalStats/psn/thedirtybadger94 HTTP/1.1" 200 1704 "-" "axios/0.21.4"
::ffff:127.0.0.1 - - [28/Jan/2022:13:44:02 +0000] "GET /extract/generalStats/psn/robindesnoix29 HTTP/1.1" 200 1820 "-" "axios/0.21.4"
::ffff:127.0.0.1 - - [28/Jan/2022:13:44:02 +0000] "GET /pull/lifetimeData/psn/nikto-armada HTTP/1.1" 200 23197 "-" "axios/0.21.4"
::ffff:127.0.0.1 - - [28/Jan/2022:13:44:02 +0000] "GET /extract/generalStats/psn/nikto-armada HTTP/1.1" 200 1553 "-" "axios/0.21.4"
::ffff:127.0.0.1 - - [28/Jan/2022:13:44:02 +0000] "GET /pull/lastGamesData/battle/legendary117%232249 HTTP/1.1" 200 166616 "-" "axios/0.21.4"
::ffff:127.0.0.1 - - [28/Jan/2022:13:44:02 +0000] "GET /extract/lastGamesStats/battle/legendary117%25232249 HTTP/1.1" 200 5631 "-" "axios/0.21.4"
::ffff:127.0.0.1 - - [28/Jan/2022:13:44:02 +0000] "GET /pull/lifetimeData/battle/legendary117%232249 HTTP/1.1" 200 24543 "-" "axios/0.21.4"
::ffff:127.0.0.1 - - [28/Jan/2022:13:44:02 +0000] "GET /extract/generalStats/battle/legendary117%25232249 HTTP/1.1" 200 3061 "-" "axios/0.21.4"
::ffff:127.0.0.1 - - [28/Jan/2022:13:44:02 +0000] "GET /pull/lastGamesData/psn/nikto-armada HTTP/1.1" 200 131267 "-" "axios/0.21.4"
::ffff:127.0.0.1 - - [28/Jan/2022:13:44:02 +0000] "GET /extract/lastGamesStats/psn/nikto-armada HTTP/1.1" 200 5708 "-" "axios/0.21.4"
::ffff:127.0.0.1 - - [28/Jan/2022:13:44:02 +0000] "GET /pull/lastGamesData/psn/mini_niv HTTP/1.1" 200 140027 "-" "axios/0.21.4"
::ffff:127.0.0.1 - - [28/Jan/2022:13:44:02 +0000] "GET /extract/lastGamesStats/psn/mini_niv HTTP/1.1" 200 5652 "-" "axios/0.21.4"
::ffff:127.0.0.1 - - [28/Jan/2022:13:44:02 +0000] "GET /pull/lastGamesData/psn/thedirtybadger94 HTTP/1.1" 200 172392 "-" "axios/0.21.4"
::ffff:127.0.0.1 - - [28/Jan/2022:13:44:02 +0000] "GET /extract/lastGamesStats/psn/thedirtybadger94 HTTP/1.1" 200 5365 "-" "axios/0.21.4"
::ffff:127.0.0.1 - - [28/Jan/2022:13:44:02 +0000] "GET /pull/lastGamesData/psn/robindesnoix29 HTTP/1.1" 200 197306 "-" "axios/0.21.4"
::ffff:127.0.0.1 - - [28/Jan/2022:13:44:02 +0000] "GET /extract/lastGamesStats/psn/robindesnoix29 HTTP/1.1" 200 5565 "-" "axios/0.21.4"
::ffff:127.0.0.1 - - [28/Jan/2022:13:44:04 +0000] "GET /pull/lastGamesData/psn/mp3il HTTP/1.1" 200 132889 "-" "axios/0.21.4"
::ffff:127.0.0.1 - - [28/Jan/2022:13:44:04 +0000] "GET /extract/lastGamesStats/psn/mp3il HTTP/1.1" 200 5524 "-" "axios/0.21.4"
::1 - - [28/Jan/2022:13:44:59 +0000] "OPTIONS /profile/username/a/platform/psn HTTP/1.1" 200 8 "http://localhost:3000/" "Mozilla/5.0 (Macintosh; Intel Mac OS X 10_15_7) AppleWebKit/537.36 (KHTML, like Gecko) Chrome/97.0.4692.99 Safari/537.36"
::ffff:127.0.0.1 - - [28/Jan/2022:13:45:00 +0000] "GET /pull/lifetimeData/psn/a HTTP/1.1" 500 28 "-" "axios/0.21.4"
::ffff:127.0.0.1 - - [28/Jan/2022:13:45:00 +0000] "GET /extract/generalStats/psn/a HTTP/1.1" 500 246 "-" "axios/0.21.4"
::ffff:127.0.0.1 - - [28/Jan/2022:13:45:00 +0000] "GET /pull/lastGamesData/psn/a HTTP/1.1" 404 163 "-" "axios/0.21.4"
::1 - - [28/Jan/2022:13:45:00 +0000] "GET /profile/username/a/platform/psn HTTP/1.1" 500 313 "http://localhost:3000/" "Mozilla/5.0 (Macintosh; Intel Mac OS X 10_15_7) AppleWebKit/537.36 (KHTML, like Gecko) Chrome/97.0.4692.99 Safari/537.36"
::ffff:127.0.0.1 - - [28/Jan/2022:13:45:00 +0000] "GET /extract/lastGamesStats/psn/a/5 HTTP/1.1" 404 240 "-" "axios/0.21.4"
::ffff:127.0.0.1 - - [28/Jan/2022:13:45:00 +0000] "GET /pull/lastGamesData/psn/a HTTP/1.1" 404 163 "-" "axios/0.21.4"
::ffff:127.0.0.1 - - [28/Jan/2022:13:45:00 +0000] "GET /pull/lifetimeData/psn/a HTTP/1.1" 500 28 "-" "axios/0.21.4"
::ffff:127.0.0.1 - - [28/Jan/2022:13:45:00 +0000] "GET /extract/lastGamesStats/psn/a/5 HTTP/1.1" 404 240 "-" "axios/0.21.4"
::ffff:127.0.0.1 - - [28/Jan/2022:13:45:00 +0000] "GET /extract/generalStats/psn/a HTTP/1.1" 500 246 "-" "axios/0.21.4"
::1 - - [28/Jan/2022:13:45:00 +0000] "GET /profile/username/a/platform/psn HTTP/1.1" 500 314 "http://localhost:3000/" "Mozilla/5.0 (Macintosh; Intel Mac OS X 10_15_7) AppleWebKit/537.36 (KHTML, like Gecko) Chrome/97.0.4692.99 Safari/537.36"
::ffff:127.0.0.1 - - [28/Jan/2022:13:45:00 +0000] "GET /pull/lifetimeData/psn/a HTTP/1.1" 500 28 "-" "axios/0.21.4"
::ffff:127.0.0.1 - - [28/Jan/2022:13:45:00 +0000] "GET /extract/generalStats/psn/a HTTP/1.1" 500 246 "-" "axios/0.21.4"
::1 - - [28/Jan/2022:13:45:00 +0000] "GET /profile/username/a/platform/psn HTTP/1.1" 500 313 "http://localhost:3000/" "Mozilla/5.0 (Macintosh; Intel Mac OS X 10_15_7) AppleWebKit/537.36 (KHTML, like Gecko) Chrome/97.0.4692.99 Safari/537.36"
::ffff:127.0.0.1 - - [28/Jan/2022:13:45:00 +0000] "GET /pull/lastGamesData/psn/a HTTP/1.1" 404 163 "-" "axios/0.21.4"
::ffff:127.0.0.1 - - [28/Jan/2022:13:45:00 +0000] "GET /extract/lastGamesStats/psn/a/5 HTTP/1.1" 404 240 "-" "axios/0.21.4"
::ffff:127.0.0.1 - - [28/Jan/2022:13:45:01 +0000] "GET /pull/lifetimeData/psn/mini_niv HTTP/1.1" 200 19929 "-" "axios/0.21.4"
::ffff:127.0.0.1 - - [28/Jan/2022:13:45:01 +0000] "GET /pull/lifetimeData/psn/nikto-armada HTTP/1.1" 200 23197 "-" "axios/0.21.4"
::ffff:127.0.0.1 - - [28/Jan/2022:13:45:01 +0000] "GET /pull/lifetimeData/battle/legendary117%232249 HTTP/1.1" 200 24543 "-" "axios/0.21.4"
::ffff:127.0.0.1 - - [28/Jan/2022:13:45:01 +0000] "GET /pull/lifetimeData/psn/thedirtybadger94 HTTP/1.1" 200 23333 "-" "axios/0.21.4"
::ffff:127.0.0.1 - - [28/Jan/2022:13:45:01 +0000] "GET /extract/generalStats/psn/mini_niv HTTP/1.1" 200 386 "-" "axios/0.21.4"
::ffff:127.0.0.1 - - [28/Jan/2022:13:45:01 +0000] "GET /extract/generalStats/psn/nikto-armada HTTP/1.1" 200 1553 "-" "axios/0.21.4"
::ffff:127.0.0.1 - - [28/Jan/2022:13:45:01 +0000] "GET /extract/generalStats/battle/legendary117%25232249 HTTP/1.1" 200 3061 "-" "axios/0.21.4"
::ffff:127.0.0.1 - - [28/Jan/2022:13:45:01 +0000] "GET /extract/generalStats/psn/thedirtybadger94 HTTP/1.1" 200 1704 "-" "axios/0.21.4"
::ffff:127.0.0.1 - - [28/Jan/2022:13:45:01 +0000] "GET /pull/lifetimeData/psn/mp3il HTTP/1.1" 200 20783 "-" "axios/0.21.4"
::ffff:127.0.0.1 - - [28/Jan/2022:13:45:01 +0000] "GET /extract/generalStats/psn/mp3il HTTP/1.1" 200 384 "-" "axios/0.21.4"
::ffff:127.0.0.1 - - [28/Jan/2022:13:45:01 +0000] "GET /pull/lifetimeData/psn/robindesnoix29 HTTP/1.1" 200 22146 "-" "axios/0.21.4"
::ffff:127.0.0.1 - - [28/Jan/2022:13:45:01 +0000] "GET /extract/generalStats/psn/robindesnoix29 HTTP/1.1" 200 1820 "-" "axios/0.21.4"
::ffff:127.0.0.1 - - [28/Jan/2022:13:45:01 +0000] "GET /pull/lastGamesData/psn/thedirtybadger94 HTTP/1.1" 200 172392 "-" "axios/0.21.4"
::ffff:127.0.0.1 - - [28/Jan/2022:13:45:01 +0000] "GET /extract/lastGamesStats/psn/thedirtybadger94 HTTP/1.1" 200 5365 "-" "axios/0.21.4"
::ffff:127.0.0.1 - - [28/Jan/2022:13:45:01 +0000] "GET /pull/lastGamesData/battle/legendary117%232249 HTTP/1.1" 200 166616 "-" "axios/0.21.4"
::ffff:127.0.0.1 - - [28/Jan/2022:13:45:01 +0000] "GET /extract/lastGamesStats/battle/legendary117%25232249 HTTP/1.1" 200 5631 "-" "axios/0.21.4"
::ffff:127.0.0.1 - - [28/Jan/2022:13:45:01 +0000] "GET /pull/lifetimeData/psn/a HTTP/1.1" 500 28 "-" "axios/0.21.4"
::ffff:127.0.0.1 - - [28/Jan/2022:13:45:01 +0000] "GET /pull/lastGamesData/psn/a HTTP/1.1" 404 163 "-" "axios/0.21.4"
::ffff:127.0.0.1 - - [28/Jan/2022:13:45:01 +0000] "GET /extract/generalStats/psn/a HTTP/1.1" 500 246 "-" "axios/0.21.4"
::ffff:127.0.0.1 - - [28/Jan/2022:13:45:01 +0000] "GET /extract/lastGamesStats/psn/a/5 HTTP/1.1" 404 240 "-" "axios/0.21.4"
::1 - - [28/Jan/2022:13:45:01 +0000] "GET /profile/username/a/platform/psn HTTP/1.1" 500 313 "http://localhost:3000/" "Mozilla/5.0 (Macintosh; Intel Mac OS X 10_15_7) AppleWebKit/537.36 (KHTML, like Gecko) Chrome/97.0.4692.99 Safari/537.36"
::ffff:127.0.0.1 - - [28/Jan/2022:13:45:01 +0000] "GET /pull/lastGamesData/psn/nikto-armada HTTP/1.1" 200 131267 "-" "axios/0.21.4"
::ffff:127.0.0.1 - - [28/Jan/2022:13:45:01 +0000] "GET /extract/lastGamesStats/psn/nikto-armada HTTP/1.1" 200 5708 "-" "axios/0.21.4"
::ffff:127.0.0.1 - - [28/Jan/2022:13:45:02 +0000] "GET /pull/lastGamesData/psn/mp3il HTTP/1.1" 200 132889 "-" "axios/0.21.4"
::ffff:127.0.0.1 - - [28/Jan/2022:13:45:02 +0000] "GET /extract/lastGamesStats/psn/mp3il HTTP/1.1" 200 5524 "-" "axios/0.21.4"
::ffff:127.0.0.1 - - [28/Jan/2022:13:45:02 +0000] "GET /pull/lastGamesData/psn/a HTTP/1.1" 404 163 "-" "axios/0.21.4"
::ffff:127.0.0.1 - - [28/Jan/2022:13:45:02 +0000] "GET /pull/lifetimeData/psn/a HTTP/1.1" 500 28 "-" "axios/0.21.4"
::ffff:127.0.0.1 - - [28/Jan/2022:13:45:02 +0000] "GET /extract/lastGamesStats/psn/a/5 HTTP/1.1" 404 240 "-" "axios/0.21.4"
::ffff:127.0.0.1 - - [28/Jan/2022:13:45:02 +0000] "GET /extract/generalStats/psn/a HTTP/1.1" 500 246 "-" "axios/0.21.4"
::1 - - [28/Jan/2022:13:45:02 +0000] "GET /profile/username/a/platform/psn HTTP/1.1" 500 314 "http://localhost:3000/" "Mozilla/5.0 (Macintosh; Intel Mac OS X 10_15_7) AppleWebKit/537.36 (KHTML, like Gecko) Chrome/97.0.4692.99 Safari/537.36"
::ffff:127.0.0.1 - - [28/Jan/2022:13:45:02 +0000] "GET /pull/lifetimeData/psn/a HTTP/1.1" 500 28 "-" "axios/0.21.4"
::ffff:127.0.0.1 - - [28/Jan/2022:13:45:02 +0000] "GET /extract/generalStats/psn/a HTTP/1.1" 500 246 "-" "axios/0.21.4"
::ffff:127.0.0.1 - - [28/Jan/2022:13:45:02 +0000] "GET /pull/lastGamesData/psn/a HTTP/1.1" 404 163 "-" "axios/0.21.4"
::1 - - [28/Jan/2022:13:45:02 +0000] "GET /profile/username/a/platform/psn HTTP/1.1" 500 313 "http://localhost:3000/" "Mozilla/5.0 (Macintosh; Intel Mac OS X 10_15_7) AppleWebKit/537.36 (KHTML, like Gecko) Chrome/97.0.4692.99 Safari/537.36"
::ffff:127.0.0.1 - - [28/Jan/2022:13:45:02 +0000] "GET /extract/lastGamesStats/psn/a/5 HTTP/1.1" 404 240 "-" "axios/0.21.4"
::ffff:127.0.0.1 - - [28/Jan/2022:13:45:02 +0000] "GET /pull/lastGamesData/psn/mini_niv HTTP/1.1" 200 140027 "-" "axios/0.21.4"
::ffff:127.0.0.1 - - [28/Jan/2022:13:45:02 +0000] "GET /extract/lastGamesStats/psn/mini_niv HTTP/1.1" 200 5652 "-" "axios/0.21.4"
::ffff:127.0.0.1 - - [28/Jan/2022:13:45:02 +0000] "GET /pull/lifetimeData/psn/a HTTP/1.1" 500 28 "-" "axios/0.21.4"
::ffff:127.0.0.1 - - [28/Jan/2022:13:45:02 +0000] "GET /extract/generalStats/psn/a HTTP/1.1" 500 246 "-" "axios/0.21.4"
::1 - - [28/Jan/2022:13:45:02 +0000] "GET /profile/username/a/platform/psn HTTP/1.1" 500 313 "http://localhost:3000/" "Mozilla/5.0 (Macintosh; Intel Mac OS X 10_15_7) AppleWebKit/537.36 (KHTML, like Gecko) Chrome/97.0.4692.99 Safari/537.36"
::ffff:127.0.0.1 - - [28/Jan/2022:13:45:02 +0000] "GET /pull/lastGamesData/psn/a HTTP/1.1" 404 163 "-" "axios/0.21.4"
::ffff:127.0.0.1 - - [28/Jan/2022:13:45:02 +0000] "GET /extract/lastGamesStats/psn/a/5 HTTP/1.1" 404 240 "-" "axios/0.21.4"
::ffff:127.0.0.1 - - [28/Jan/2022:13:45:03 +0000] "GET /pull/lastGamesData/psn/a HTTP/1.1" 404 163 "-" "axios/0.21.4"
::ffff:127.0.0.1 - - [28/Jan/2022:13:45:03 +0000] "GET /extract/lastGamesStats/psn/a/5 HTTP/1.1" 404 240 "-" "axios/0.21.4"
::1 - - [28/Jan/2022:13:45:03 +0000] "GET /profile/username/a/platform/psn HTTP/1.1" 500 314 "http://localhost:3000/" "Mozilla/5.0 (Macintosh; Intel Mac OS X 10_15_7) AppleWebKit/537.36 (KHTML, like Gecko) Chrome/97.0.4692.99 Safari/537.36"
::ffff:127.0.0.1 - - [28/Jan/2022:13:45:03 +0000] "GET /pull/lifetimeData/psn/a HTTP/1.1" 500 28 "-" "axios/0.21.4"
::ffff:127.0.0.1 - - [28/Jan/2022:13:45:03 +0000] "GET /extract/generalStats/psn/a HTTP/1.1" 500 246 "-" "axios/0.21.4"
::ffff:127.0.0.1 - - [28/Jan/2022:13:45:04 +0000] "GET /pull/lastGamesData/psn/robindesnoix29 HTTP/1.1" 200 197306 "-" "axios/0.21.4"
::ffff:127.0.0.1 - - [28/Jan/2022:13:45:04 +0000] "GET /extract/lastGamesStats/psn/robindesnoix29 HTTP/1.1" 200 5565 "-" "axios/0.21.4"
::1 - - [28/Jan/2022:13:45:08 +0000] "OPTIONS /profile/username/a/platform/psn HTTP/1.1" 200 8 "http://localhost:3000/" "Mozilla/5.0 (Macintosh; Intel Mac OS X 10_15_7) AppleWebKit/537.36 (KHTML, like Gecko) Chrome/97.0.4692.99 Safari/537.36"
::ffff:127.0.0.1 - - [28/Jan/2022:13:45:08 +0000] "GET /pull/lifetimeData/psn/a HTTP/1.1" 500 28 "-" "axios/0.21.4"
::ffff:127.0.0.1 - - [28/Jan/2022:13:45:08 +0000] "GET /extract/generalStats/psn/a HTTP/1.1" 500 246 "-" "axios/0.21.4"
::ffff:127.0.0.1 - - [28/Jan/2022:13:45:08 +0000] "GET /pull/lastGamesData/psn/a HTTP/1.1" 404 163 "-" "axios/0.21.4"
::1 - - [28/Jan/2022:13:45:08 +0000] "GET /profile/username/a/platform/psn HTTP/1.1" 500 313 "http://localhost:3000/" "Mozilla/5.0 (Macintosh; Intel Mac OS X 10_15_7) AppleWebKit/537.36 (KHTML, like Gecko) Chrome/97.0.4692.99 Safari/537.36"
::ffff:127.0.0.1 - - [28/Jan/2022:13:45:08 +0000] "GET /extract/lastGamesStats/psn/a/5 HTTP/1.1" 404 240 "-" "axios/0.21.4"
::ffff:127.0.0.1 - - [28/Jan/2022:13:45:09 +0000] "GET /pull/lastGamesData/psn/a HTTP/1.1" 404 163 "-" "axios/0.21.4"
::ffff:127.0.0.1 - - [28/Jan/2022:13:45:09 +0000] "GET /pull/lifetimeData/psn/a HTTP/1.1" 500 28 "-" "axios/0.21.4"
::ffff:127.0.0.1 - - [28/Jan/2022:13:45:09 +0000] "GET /extract/lastGamesStats/psn/a/5 HTTP/1.1" 404 240 "-" "axios/0.21.4"
::ffff:127.0.0.1 - - [28/Jan/2022:13:45:09 +0000] "GET /extract/generalStats/psn/a HTTP/1.1" 500 246 "-" "axios/0.21.4"
::1 - - [28/Jan/2022:13:45:09 +0000] "GET /profile/username/a/platform/psn HTTP/1.1" 500 314 "http://localhost:3000/" "Mozilla/5.0 (Macintosh; Intel Mac OS X 10_15_7) AppleWebKit/537.36 (KHTML, like Gecko) Chrome/97.0.4692.99 Safari/537.36"
::ffff:127.0.0.1 - - [28/Jan/2022:13:45:09 +0000] "GET /pull/lastGamesData/psn/a HTTP/1.1" 404 163 "-" "axios/0.21.4"
::ffff:127.0.0.1 - - [28/Jan/2022:13:45:09 +0000] "GET /extract/lastGamesStats/psn/a/5 HTTP/1.1" 404 240 "-" "axios/0.21.4"
::1 - - [28/Jan/2022:13:45:09 +0000] "GET /profile/username/a/platform/psn HTTP/1.1" 500 314 "http://localhost:3000/" "Mozilla/5.0 (Macintosh; Intel Mac OS X 10_15_7) AppleWebKit/537.36 (KHTML, like Gecko) Chrome/97.0.4692.99 Safari/537.36"
::ffff:127.0.0.1 - - [28/Jan/2022:13:45:09 +0000] "GET /pull/lifetimeData/psn/a HTTP/1.1" 500 28 "-" "axios/0.21.4"
::ffff:127.0.0.1 - - [28/Jan/2022:13:45:09 +0000] "GET /extract/generalStats/psn/a HTTP/1.1" 500 246 "-" "axios/0.21.4"
::ffff:127.0.0.1 - - [28/Jan/2022:13:45:10 +0000] "GET /pull/lifetimeData/psn/a HTTP/1.1" 500 28 "-" "axios/0.21.4"
::ffff:127.0.0.1 - - [28/Jan/2022:13:45:10 +0000] "GET /extract/generalStats/psn/a HTTP/1.1" 500 246 "-" "axios/0.21.4"
::ffff:127.0.0.1 - - [28/Jan/2022:13:45:10 +0000] "GET /pull/lastGamesData/psn/a HTTP/1.1" 404 163 "-" "axios/0.21.4"
::1 - - [28/Jan/2022:13:45:10 +0000] "GET /profile/username/a/platform/psn HTTP/1.1" 500 313 "http://localhost:3000/" "Mozilla/5.0 (Macintosh; Intel Mac OS X 10_15_7) AppleWebKit/537.36 (KHTML, like Gecko) Chrome/97.0.4692.99 Safari/537.36"
::ffff:127.0.0.1 - - [28/Jan/2022:13:45:10 +0000] "GET /extract/lastGamesStats/psn/a/5 HTTP/1.1" 404 240 "-" "axios/0.21.4"
::ffff:127.0.0.1 - - [28/Jan/2022:13:45:11 +0000] "GET /pull/lastGamesData/psn/a HTTP/1.1" 404 163 "-" "axios/0.21.4"
::ffff:127.0.0.1 - - [28/Jan/2022:13:45:11 +0000] "GET /pull/lifetimeData/psn/a HTTP/1.1" 500 28 "-" "axios/0.21.4"
::ffff:127.0.0.1 - - [28/Jan/2022:13:45:11 +0000] "GET /extract/lastGamesStats/psn/a/5 HTTP/1.1" 404 240 "-" "axios/0.21.4"
::ffff:127.0.0.1 - - [28/Jan/2022:13:45:11 +0000] "GET /extract/generalStats/psn/a HTTP/1.1" 500 246 "-" "axios/0.21.4"
::1 - - [28/Jan/2022:13:45:11 +0000] "GET /profile/username/a/platform/psn HTTP/1.1" 500 314 "http://localhost:3000/" "Mozilla/5.0 (Macintosh; Intel Mac OS X 10_15_7) AppleWebKit/537.36 (KHTML, like Gecko) Chrome/97.0.4692.99 Safari/537.36"
::ffff:127.0.0.1 - - [28/Jan/2022:13:45:12 +0000] "GET /pull/lastGamesData/psn/a HTTP/1.1" 404 163 "-" "axios/0.21.4"
::ffff:127.0.0.1 - - [28/Jan/2022:13:45:12 +0000] "GET /pull/lifetimeData/psn/a HTTP/1.1" 500 28 "-" "axios/0.21.4"
::ffff:127.0.0.1 - - [28/Jan/2022:13:45:12 +0000] "GET /extract/lastGamesStats/psn/a/5 HTTP/1.1" 404 240 "-" "axios/0.21.4"
::ffff:127.0.0.1 - - [28/Jan/2022:13:45:12 +0000] "GET /extract/generalStats/psn/a HTTP/1.1" 500 246 "-" "axios/0.21.4"
::1 - - [28/Jan/2022:13:45:12 +0000] "GET /profile/username/a/platform/psn HTTP/1.1" 500 314 "http://localhost:3000/" "Mozilla/5.0 (Macintosh; Intel Mac OS X 10_15_7) AppleWebKit/537.36 (KHTML, like Gecko) Chrome/97.0.4692.99 Safari/537.36"
::ffff:127.0.0.1 - - [12/Feb/2022:15:15:02 +0000] "GET /pull/lifetimeData/psn/mp3il HTTP/1.1" 200 22010 "-" "axios/0.21.4"
::ffff:127.0.0.1 - - [12/Feb/2022:15:15:02 +0000] "GET /pull/lifetimeData/psn/mini_niv HTTP/1.1" 200 19929 "-" "axios/0.21.4"
::ffff:127.0.0.1 - - [12/Feb/2022:15:15:02 +0000] "GET /extract/generalStats/psn/mp3il HTTP/1.1" 200 1221 "-" "axios/0.21.4"
::ffff:127.0.0.1 - - [12/Feb/2022:15:15:02 +0000] "GET /extract/generalStats/psn/mini_niv HTTP/1.1" 200 386 "-" "axios/0.21.4"
::ffff:127.0.0.1 - - [12/Feb/2022:15:15:02 +0000] "GET /pull/lifetimeData/battle/legendary117%232249 HTTP/1.1" 200 25533 "-" "axios/0.21.4"
::ffff:127.0.0.1 - - [12/Feb/2022:15:15:02 +0000] "GET /extract/generalStats/battle/legendary117%25232249 HTTP/1.1" 200 4033 "-" "axios/0.21.4"
::ffff:127.0.0.1 - - [12/Feb/2022:15:15:02 +0000] "GET /pull/lifetimeData/psn/nikto-armada HTTP/1.1" 200 24157 "-" "axios/0.21.4"
::ffff:127.0.0.1 - - [12/Feb/2022:15:15:02 +0000] "GET /extract/generalStats/psn/nikto-armada HTTP/1.1" 200 2462 "-" "axios/0.21.4"
::ffff:127.0.0.1 - - [12/Feb/2022:15:15:02 +0000] "GET /pull/lastGamesData/psn/robindesnoix29 HTTP/1.1" 200 172748 "-" "axios/0.21.4"
::ffff:127.0.0.1 - - [12/Feb/2022:15:15:02 +0000] "GET /extract/lastGamesStats/psn/robindesnoix29 HTTP/1.1" 200 5658 "-" "axios/0.21.4"
::ffff:127.0.0.1 - - [12/Feb/2022:15:15:02 +0000] "GET /pull/lastGamesData/psn/nikto-armada HTTP/1.1" 200 149317 "-" "axios/0.21.4"
::ffff:127.0.0.1 - - [12/Feb/2022:15:15:02 +0000] "GET /extract/lastGamesStats/psn/nikto-armada HTTP/1.1" 200 5686 "-" "axios/0.21.4"
::ffff:127.0.0.1 - - [12/Feb/2022:15:15:02 +0000] "GET /pull/lifetimeData/psn/robindesnoix29 HTTP/1.1" 200 22521 "-" "axios/0.21.4"
::ffff:127.0.0.1 - - [12/Feb/2022:15:15:02 +0000] "GET /extract/generalStats/psn/robindesnoix29 HTTP/1.1" 200 2178 "-" "axios/0.21.4"
::ffff:127.0.0.1 - - [12/Feb/2022:15:15:03 +0000] "GET /pull/lifetimeData/psn/thedirtybadger94 HTTP/1.1" 200 23736 "-" "axios/0.21.4"
::ffff:127.0.0.1 - - [12/Feb/2022:15:15:03 +0000] "GET /extract/generalStats/psn/thedirtybadger94 HTTP/1.1" 200 2107 "-" "axios/0.21.4"
::ffff:127.0.0.1 - - [12/Feb/2022:15:15:04 +0000] "GET /pull/lastGamesData/battle/legendary117%232249 HTTP/1.1" 200 197129 "-" "axios/0.21.4"
::ffff:127.0.0.1 - - [12/Feb/2022:15:15:04 +0000] "GET /extract/lastGamesStats/battle/legendary117%25232249 HTTP/1.1" 200 5860 "-" "axios/0.21.4"
::ffff:127.0.0.1 - - [12/Feb/2022:15:15:04 +0000] "GET /pull/lastGamesData/psn/mini_niv HTTP/1.1" 200 140027 "-" "axios/0.21.4"
::ffff:127.0.0.1 - - [12/Feb/2022:15:15:04 +0000] "GET /extract/lastGamesStats/psn/mini_niv HTTP/1.1" 200 5652 "-" "axios/0.21.4"
::ffff:127.0.0.1 - - [12/Feb/2022:15:15:04 +0000] "GET /pull/lastGamesData/psn/thedirtybadger94 HTTP/1.1" 200 170032 "-" "axios/0.21.4"
::ffff:127.0.0.1 - - [12/Feb/2022:15:15:04 +0000] "GET /extract/lastGamesStats/psn/thedirtybadger94 HTTP/1.1" 200 5567 "-" "axios/0.21.4"
::ffff:127.0.0.1 - - [12/Feb/2022:15:15:06 +0000] "GET /pull/lastGamesData/psn/mp3il HTTP/1.1" 200 146933 "-" "axios/0.21.4"
::ffff:127.0.0.1 - - [12/Feb/2022:15:15:06 +0000] "GET /extract/lastGamesStats/psn/mp3il HTTP/1.1" 200 5714 "-" "axios/0.21.4"
::ffff:127.0.0.1 - - [12/Feb/2022:15:30:01 +0000] "GET /pull/lifetimeData/psn/mini_niv HTTP/1.1" 200 19929 "-" "axios/0.21.4"
::ffff:127.0.0.1 - - [12/Feb/2022:15:30:01 +0000] "GET /extract/generalStats/psn/mini_niv HTTP/1.1" 200 386 "-" "axios/0.21.4"
::ffff:127.0.0.1 - - [12/Feb/2022:15:30:02 +0000] "GET /pull/lastGamesData/psn/mini_niv HTTP/1.1" 200 140027 "-" "axios/0.21.4"
::ffff:127.0.0.1 - - [12/Feb/2022:15:30:02 +0000] "GET /extract/lastGamesStats/psn/mini_niv HTTP/1.1" 200 5652 "-" "axios/0.21.4"
::ffff:127.0.0.1 - - [12/Feb/2022:15:45:01 +0000] "GET /pull/lifetimeData/psn/thedirtybadger94 HTTP/1.1" 200 23736 "-" "axios/0.21.4"
::ffff:127.0.0.1 - - [12/Feb/2022:15:45:01 +0000] "GET /extract/generalStats/psn/thedirtybadger94 HTTP/1.1" 200 2107 "-" "axios/0.21.4"
::ffff:127.0.0.1 - - [12/Feb/2022:15:45:01 +0000] "GET /pull/lifetimeData/psn/mp3il HTTP/1.1" 200 22010 "-" "axios/0.21.4"
::ffff:127.0.0.1 - - [12/Feb/2022:15:45:01 +0000] "GET /extract/generalStats/psn/mp3il HTTP/1.1" 200 1221 "-" "axios/0.21.4"
::ffff:127.0.0.1 - - [12/Feb/2022:15:45:01 +0000] "GET /pull/lifetimeData/battle/legendary117%232249 HTTP/1.1" 200 25533 "-" "axios/0.21.4"
::ffff:127.0.0.1 - - [12/Feb/2022:15:45:01 +0000] "GET /extract/generalStats/battle/legendary117%25232249 HTTP/1.1" 200 4033 "-" "axios/0.21.4"
::ffff:127.0.0.1 - - [12/Feb/2022:15:45:01 +0000] "GET /pull/lifetimeData/psn/nikto-armada HTTP/1.1" 200 24157 "-" "axios/0.21.4"
::ffff:127.0.0.1 - - [12/Feb/2022:15:45:01 +0000] "GET /extract/generalStats/psn/nikto-armada HTTP/1.1" 200 2462 "-" "axios/0.21.4"
::ffff:127.0.0.1 - - [12/Feb/2022:15:45:01 +0000] "GET /pull/lifetimeData/psn/robindesnoix29 HTTP/1.1" 200 22521 "-" "axios/0.21.4"
::ffff:127.0.0.1 - - [12/Feb/2022:15:45:01 +0000] "GET /extract/generalStats/psn/robindesnoix29 HTTP/1.1" 200 2178 "-" "axios/0.21.4"
::ffff:127.0.0.1 - - [12/Feb/2022:15:45:01 +0000] "GET /pull/lifetimeData/psn/mini_niv HTTP/1.1" 200 19929 "-" "axios/0.21.4"
::ffff:127.0.0.1 - - [12/Feb/2022:15:45:01 +0000] "GET /extract/generalStats/psn/mini_niv HTTP/1.1" 200 386 "-" "axios/0.21.4"
::ffff:127.0.0.1 - - [12/Feb/2022:15:45:02 +0000] "GET /pull/lastGamesData/psn/robindesnoix29 HTTP/1.1" 200 172748 "-" "axios/0.21.4"
::ffff:127.0.0.1 - - [12/Feb/2022:15:45:02 +0000] "GET /pull/lastGamesData/psn/thedirtybadger94 HTTP/1.1" 200 170032 "-" "axios/0.21.4"
::ffff:127.0.0.1 - - [12/Feb/2022:15:45:02 +0000] "GET /extract/lastGamesStats/psn/robindesnoix29 HTTP/1.1" 200 5658 "-" "axios/0.21.4"
::ffff:127.0.0.1 - - [12/Feb/2022:15:45:02 +0000] "GET /extract/lastGamesStats/psn/thedirtybadger94 HTTP/1.1" 200 5567 "-" "axios/0.21.4"
::ffff:127.0.0.1 - - [12/Feb/2022:15:45:02 +0000] "GET /pull/lastGamesData/battle/legendary117%232249 HTTP/1.1" 200 197129 "-" "axios/0.21.4"
::ffff:127.0.0.1 - - [12/Feb/2022:15:45:02 +0000] "GET /extract/lastGamesStats/battle/legendary117%25232249 HTTP/1.1" 200 5860 "-" "axios/0.21.4"
::ffff:127.0.0.1 - - [12/Feb/2022:15:45:02 +0000] "GET /pull/lastGamesData/psn/mp3il HTTP/1.1" 200 146933 "-" "axios/0.21.4"
::ffff:127.0.0.1 - - [12/Feb/2022:15:45:02 +0000] "GET /extract/lastGamesStats/psn/mp3il HTTP/1.1" 200 5714 "-" "axios/0.21.4"
::ffff:127.0.0.1 - - [12/Feb/2022:15:45:02 +0000] "GET /pull/lastGamesData/psn/nikto-armada HTTP/1.1" 200 149317 "-" "axios/0.21.4"
::ffff:127.0.0.1 - - [12/Feb/2022:15:45:02 +0000] "GET /extract/lastGamesStats/psn/nikto-armada HTTP/1.1" 200 5686 "-" "axios/0.21.4"
::ffff:127.0.0.1 - - [12/Feb/2022:15:45:04 +0000] "GET /pull/lastGamesData/psn/mini_niv HTTP/1.1" 200 140027 "-" "axios/0.21.4"
::ffff:127.0.0.1 - - [12/Feb/2022:15:45:04 +0000] "GET /extract/lastGamesStats/psn/mini_niv HTTP/1.1" 200 5652 "-" "axios/0.21.4"
::ffff:127.0.0.1 - - [12/Feb/2022:16:00:01 +0000] "GET /pull/lifetimeData/psn/robindesnoix29 HTTP/1.1" 200 22521 "-" "axios/0.21.4"
::ffff:127.0.0.1 - - [12/Feb/2022:16:00:01 +0000] "GET /extract/generalStats/psn/robindesnoix29 HTTP/1.1" 200 2178 "-" "axios/0.21.4"
::ffff:127.0.0.1 - - [12/Feb/2022:16:00:02 +0000] "GET /pull/lifetimeData/psn/thedirtybadger94 HTTP/1.1" 200 23736 "-" "axios/0.21.4"
::ffff:127.0.0.1 - - [12/Feb/2022:16:00:02 +0000] "GET /extract/generalStats/psn/thedirtybadger94 HTTP/1.1" 200 2107 "-" "axios/0.21.4"
::ffff:127.0.0.1 - - [12/Feb/2022:16:00:02 +0000] "GET /pull/lifetimeData/battle/legendary117%232249 HTTP/1.1" 200 25533 "-" "axios/0.21.4"
::ffff:127.0.0.1 - - [12/Feb/2022:16:00:02 +0000] "GET /extract/generalStats/battle/legendary117%25232249 HTTP/1.1" 200 4033 "-" "axios/0.21.4"
::ffff:127.0.0.1 - - [12/Feb/2022:16:00:02 +0000] "GET /pull/lifetimeData/psn/mp3il HTTP/1.1" 200 22010 "-" "axios/0.21.4"
::ffff:127.0.0.1 - - [12/Feb/2022:16:00:02 +0000] "GET /extract/generalStats/psn/mp3il HTTP/1.1" 200 1221 "-" "axios/0.21.4"
::ffff:127.0.0.1 - - [12/Feb/2022:16:00:02 +0000] "GET /pull/lifetimeData/psn/nikto-armada HTTP/1.1" 200 24157 "-" "axios/0.21.4"
::ffff:127.0.0.1 - - [12/Feb/2022:16:00:02 +0000] "GET /extract/generalStats/psn/nikto-armada HTTP/1.1" 200 2462 "-" "axios/0.21.4"
