::ffff:127.0.0.1 - - [12/Dec/2021:21:15:00 +0000] "GET /pull/lastGamesData/psn/mini_niv HTTP/1.1" 200 152995 "-" "axios/0.21.4"
::ffff:127.0.0.1 - - [12/Dec/2021:21:15:02 +0000] "GET /pull/lifetimeData/psn/mini_niv HTTP/1.1" 200 21698 "-" "axios/0.21.4"
::ffff:127.0.0.1 - - [12/Dec/2021:21:15:02 +0000] "GET /pull/lifetimeData/psn/mini_niv HTTP/1.1" 200 21698 "-" "axios/0.21.4"
::ffff:127.0.0.1 - - [12/Dec/2021:21:15:02 +0000] "GET /extract/generalStats/psn/mini_niv HTTP/1.1" 200 1727 "-" "axios/0.21.4"
::ffff:127.0.0.1 - - [12/Dec/2021:21:15:02 +0000] "GET /pull/lastGamesData/psn/mini_niv HTTP/1.1" 200 152995 "-" "axios/0.21.4"
::ffff:127.0.0.1 - - [12/Dec/2021:21:15:02 +0000] "GET /extract/lastGamesStats/psn/mini_niv HTTP/1.1" 200 5538 "-" "axios/0.21.4"
::ffff:127.0.0.1 - - [12/Dec/2021:21:15:03 +0000] "GET /pull/gameStats/16786187350052482478 HTTP/1.1" 200 1090305 "-" "axios/0.21.4"
::ffff:127.0.0.1 - - [12/Dec/2021:21:15:04 +0000] "GET /pull/lastGamesData/psn/mini_niv HTTP/1.1" 200 152995 "-" "axios/0.21.4"
::ffff:127.0.0.1 - - [12/Dec/2021:21:15:05 +0000] "GET /pull/lastGamesData/psn/mini_niv/1636234689000 HTTP/1.1" 200 156338 "-" "axios/0.21.4"
::ffff:127.0.0.1 - - [12/Dec/2021:21:15:06 +0000] "GET /pull/lastGamesData/psn/mini_niv/1635883522000 HTTP/1.1" 200 133085 "-" "axios/0.21.4"
::ffff:127.0.0.1 - - [12/Dec/2021:21:15:11 +0000] "GET /pull/lastGamesData/psn/mini_niv/1635625896000 HTTP/1.1" 200 136412 "-" "axios/0.21.4"
::ffff:127.0.0.1 - - [12/Dec/2021:21:15:12 +0000] "GET /pull/lastGamesData/psn/mini_niv/1635017906000 HTTP/1.1" 200 143078 "-" "axios/0.21.4"
::ffff:127.0.0.1 - - [12/Dec/2021:21:15:12 +0000] "GET /pull/lastGamesData/psn/mini_niva HTTP/1.1" 422 147 "-" "axios/0.21.4"
::ffff:127.0.0.1 - - [12/Dec/2021:21:15:13 +0000] "GET /pull/lifetimeData/psn/mini_niva HTTP/1.1" 422 147 "-" "axios/0.21.4"
::ffff:127.0.0.1 - - [12/Dec/2021:21:15:13 +0000] "GET /pull/gameStats/16786187350052482478a HTTP/1.1" 422 147 "-" "axios/0.21.4"
::ffff:127.0.0.1 - - [12/Dec/2021:21:15:14 +0000] "GET /pull/gameStats/16786187350052482478a HTTP/1.1" 422 147 "-" "axios/0.21.4"
::ffff:127.0.0.1 - - [12/Dec/2021:21:15:14 +0000] "GET /extract/gameStatsById/16786187350052482478a HTTP/1.1" 422 225 "-" "axios/0.21.4"
::ffff:127.0.0.1 - - [12/Dec/2021:21:15:14 +0000] "GET /pull/lastGamesData/psn/mini_niva HTTP/1.1" 422 147 "-" "axios/0.21.4"
::ffff:127.0.0.1 - - [12/Dec/2021:21:15:14 +0000] "GET /pull/lifetimeData/psn/mini_niva HTTP/1.1" 422 147 "-" "axios/0.21.4"
::ffff:127.0.0.1 - - [12/Dec/2021:21:15:14 +0000] "GET /extract/lastGamesStats/psn/mini_niva/5 HTTP/1.1" 422 236 "-" "axios/0.21.4"
::ffff:127.0.0.1 - - [12/Dec/2021:21:15:14 +0000] "GET /extract/generalStats/psn/mini_niva HTTP/1.1" 422 242 "-" "axios/0.21.4"
::ffff:127.0.0.1 - - [16/Dec/2021:00:23:45 +0000] "GET /pull/lastGamesData/psn/mini_niv HTTP/1.1" 200 138944 "-" "axios/0.21.4"
::ffff:127.0.0.1 - - [16/Dec/2021:00:23:46 +0000] "GET /pull/lifetimeData/psn/mini_niv HTTP/1.1" 200 22119 "-" "axios/0.21.4"
::ffff:127.0.0.1 - - [16/Dec/2021:00:23:49 +0000] "GET /pull/gameStats/16786187350052482478 HTTP/1.1" 200 1090305 "-" "axios/0.21.4"
::ffff:127.0.0.1 - - [16/Dec/2021:00:23:51 +0000] "GET /pull/lastGamesData/psn/mini_niv HTTP/1.1" 200 138944 "-" "axios/0.21.4"
::ffff:127.0.0.1 - - [16/Dec/2021:00:23:53 +0000] "GET /pull/lastGamesData/psn/mini_niv/1636316828000 HTTP/1.1" 200 152169 "-" "axios/0.21.4"
::ffff:127.0.0.1 - - [16/Dec/2021:00:23:56 +0000] "GET /pull/lastGamesData/psn/mini_niv/1635888677000 HTTP/1.1" 200 147351 "-" "axios/0.21.4"
::ffff:127.0.0.1 - - [16/Dec/2021:00:23:58 +0000] "GET /pull/lastGamesData/psn/mini_niv/1635712647000 HTTP/1.1" 200 134413 "-" "axios/0.21.4"
::ffff:127.0.0.1 - - [16/Dec/2021:00:24:00 +0000] "GET /pull/lastGamesData/psn/mini_niv/1635104559000 HTTP/1.1" 200 145463 "-" "axios/0.21.4"
::ffff:127.0.0.1 - - [16/Dec/2021:00:24:01 +0000] "GET /pull/lastGamesData/psn/mini_niva HTTP/1.1" 422 147 "-" "axios/0.21.4"
::ffff:127.0.0.1 - - [16/Dec/2021:00:24:02 +0000] "GET /pull/lifetimeData/psn/mini_niv HTTP/1.1" 200 22119 "-" "axios/0.21.4"
::ffff:127.0.0.1 - - [16/Dec/2021:00:24:02 +0000] "GET /extract/generalStats/psn/mini_niv HTTP/1.1" 200 2147 "-" "axios/0.21.4"
::ffff:127.0.0.1 - - [16/Dec/2021:00:24:02 +0000] "GET /pull/lifetimeData/psn/mini_niva HTTP/1.1" 422 147 "-" "axios/0.21.4"
::ffff:127.0.0.1 - - [16/Dec/2021:00:24:03 +0000] "GET /pull/gameStats/16786187350052482478a HTTP/1.1" 422 147 "-" "axios/0.21.4"
::ffff:127.0.0.1 - - [16/Dec/2021:00:24:03 +0000] "GET /pull/lastGamesData/psn/mini_niv HTTP/1.1" 200 138944 "-" "axios/0.21.4"
::ffff:127.0.0.1 - - [16/Dec/2021:00:24:03 +0000] "GET /extract/lastGamesStats/psn/mini_niv HTTP/1.1" 200 5680 "-" "axios/0.21.4"
::ffff:127.0.0.1 - - [16/Dec/2021:00:24:04 +0000] "GET /pull/gameStats/16786187350052482478a HTTP/1.1" 422 147 "-" "axios/0.21.4"
::ffff:127.0.0.1 - - [16/Dec/2021:00:24:04 +0000] "GET /extract/gameStatsById/16786187350052482478a HTTP/1.1" 422 225 "-" "axios/0.21.4"
::ffff:127.0.0.1 - - [16/Dec/2021:00:24:05 +0000] "GET /pull/lifetimeData/psn/mini_niva HTTP/1.1" 422 147 "-" "axios/0.21.4"
::ffff:127.0.0.1 - - [16/Dec/2021:00:24:05 +0000] "GET /pull/lastGamesData/psn/mini_niva HTTP/1.1" 422 147 "-" "axios/0.21.4"
::ffff:127.0.0.1 - - [16/Dec/2021:00:24:05 +0000] "GET /extract/generalStats/psn/mini_niva HTTP/1.1" 422 242 "-" "axios/0.21.4"
::ffff:127.0.0.1 - - [16/Dec/2021:00:24:05 +0000] "GET /extract/lastGamesStats/psn/mini_niva/5 HTTP/1.1" 422 236 "-" "axios/0.21.4"
::ffff:127.0.0.1 - - [25/Dec/2021:12:16:02 +0000] "GET /pull/lifetimeData/psn/mini_niv HTTP/1.1" 200 21645 "-" "axios/0.21.4"
::ffff:127.0.0.1 - - [25/Dec/2021:12:16:02 +0000] "GET /extract/generalStats/psn/mini_niv HTTP/1.1" 200 1688 "-" "axios/0.21.4"
::ffff:127.0.0.1 - - [25/Dec/2021:12:16:03 +0000] "GET /pull/lastGamesData/psn/mini_niv HTTP/1.1" 200 140027 "-" "axios/0.21.4"
::ffff:127.0.0.1 - - [25/Dec/2021:12:16:03 +0000] "GET /extract/lastGamesStats/psn/mini_niv HTTP/1.1" 200 5652 "-" "axios/0.21.4"
::ffff:127.0.0.1 - - [25/Dec/2021:18:39:23 +0000] "GET /pull/lastGamesData/psn/mini_niv HTTP/1.1" 200 140027 "-" "axios/0.21.4"
::ffff:127.0.0.1 - - [25/Dec/2021:18:39:24 +0000] "GET /pull/lifetimeData/psn/mini_niv HTTP/1.1" 200 21645 "-" "axios/0.21.4"
::ffff:127.0.0.1 - - [25/Dec/2021:18:39:26 +0000] "GET /pull/gameStats/16786187350052482478 HTTP/1.1" 200 1090305 "-" "axios/0.21.4"
::ffff:127.0.0.1 - - [25/Dec/2021:18:39:30 +0000] "GET /pull/lastGamesData/psn/mini_niv HTTP/1.1" 200 140027 "-" "axios/0.21.4"
::ffff:127.0.0.1 - - [25/Dec/2021:18:39:35 +0000] "GET /pull/lastGamesData/psn/mini_niv/1639085759000 HTTP/1.1" 200 163782 "-" "axios/0.21.4"
::ffff:127.0.0.1 - - [25/Dec/2021:18:39:36 +0000] "GET /pull/lastGamesData/psn/mini_niv/1635976074000 HTTP/1.1" 200 147350 "-" "axios/0.21.4"
::ffff:127.0.0.1 - - [25/Dec/2021:18:39:37 +0000] "GET /pull/lastGamesData/psn/mini_niv/1635805949000 HTTP/1.1" 200 144990 "-" "axios/0.21.4"
::ffff:127.0.0.1 - - [25/Dec/2021:18:39:39 +0000] "GET /pull/lastGamesData/psn/mini_niv/1635281492000 HTTP/1.1" 200 141495 "-" "axios/0.21.4"
::ffff:127.0.0.1 - - [25/Dec/2021:18:39:39 +0000] "GET /pull/lastGamesData/psn/mini_niva HTTP/1.1" 500 62 "-" "axios/0.21.4"
::ffff:127.0.0.1 - - [25/Dec/2021:18:39:44 +0000] "GET /pull/lifetimeData/psn/mini_niva HTTP/1.1" 500 62 "-" "axios/0.21.4"
::ffff:127.0.0.1 - - [25/Dec/2021:18:39:49 +0000] "GET /pull/gameStats/16786187350052482478a HTTP/1.1" 500 30 "-" "axios/0.21.4"
::ffff:127.0.0.1 - - [25/Dec/2021:18:39:55 +0000] "GET /pull/gameStats/16786187350052482478a HTTP/1.1" 500 30 "-" "axios/0.21.4"
::ffff:127.0.0.1 - - [25/Dec/2021:18:39:55 +0000] "GET /extract/gameStatsById/16786187350052482478a HTTP/1.1" 500 225 "-" "axios/0.21.4"
::ffff:127.0.0.1 - - [25/Dec/2021:18:39:55 +0000] "GET /pull/lastGamesData/psn/mini_niva HTTP/1.1" 500 62 "-" "axios/0.21.4"
::ffff:127.0.0.1 - - [25/Dec/2021:18:39:55 +0000] "GET /extract/lastGamesStats/psn/mini_niva/5 HTTP/1.1" 500 236 "-" "axios/0.21.4"
::ffff:127.0.0.1 - - [25/Dec/2021:18:39:55 +0000] "GET /pull/lifetimeData/psn/mini_niva HTTP/1.1" 500 62 "-" "axios/0.21.4"
::ffff:127.0.0.1 - - [25/Dec/2021:18:39:55 +0000] "GET /extract/generalStats/psn/mini_niva HTTP/1.1" 500 242 "-" "axios/0.21.4"
::ffff:127.0.0.1 - - [25/Dec/2021:18:40:21 +0000] "GET /pull/lifetimeData/psn/mini_niv HTTP/1.1" 200 21645 "-" "axios/0.21.4"
::1 - - [25/Dec/2021:18:40:21 +0000] "GET /extract/generalStats/psn/mini_niv HTTP/1.1" 200 - "-" "PostmanRuntime/7.28.4"
::ffff:127.0.0.1 - - [25/Dec/2021:18:40:25 +0000] "GET /pull/lifetimeData/psn/mini_niva HTTP/1.1" 500 62 "-" "axios/0.21.4"
::1 - - [25/Dec/2021:18:40:25 +0000] "GET /extract/generalStats/psn/mini_niva HTTP/1.1" 500 242 "-" "PostmanRuntime/7.28.4"
::ffff:127.0.0.1 - - [25/Dec/2021:18:40:42 +0000] "GET /pull/lifetimeData/psn/mini_niv HTTP/1.1" 200 21645 "-" "axios/0.21.4"
::1 - - [25/Dec/2021:18:40:42 +0000] "GET /extract/generalStats/psn/mini_niv HTTP/1.1" 200 - "-" "PostmanRuntime/7.28.4"
::ffff:127.0.0.1 - - [25/Dec/2021:18:40:51 +0000] "GET /pull/lastGamesData/psn/mini_niv HTTP/1.1" 200 140027 "-" "axios/0.21.4"
::ffff:127.0.0.1 - - [25/Dec/2021:18:40:51 +0000] "GET /pull/lifetimeData/psn/mini_niv HTTP/1.1" 200 21645 "-" "axios/0.21.4"
::ffff:127.0.0.1 - - [25/Dec/2021:18:40:53 +0000] "GET /pull/lastGamesData/battlea/legendary117%232249 HTTP/1.1" 500 49 "-" "axios/0.21.4"
::1 - - [25/Dec/2021:18:40:53 +0000] "GET /extract/lastGamesStats/battlea/legendary117%25232249 HTTP/1.1" 500 236 "-" "PostmanRuntime/7.28.4"
::ffff:127.0.0.1 - - [25/Dec/2021:18:40:53 +0000] "GET /pull/gameStats/16786187350052482478 HTTP/1.1" 200 1090305 "-" "axios/0.21.4"
::ffff:127.0.0.1 - - [25/Dec/2021:18:40:55 +0000] "GET /pull/lastGamesData/psn/mini_niv HTTP/1.1" 200 140027 "-" "axios/0.21.4"
::ffff:127.0.0.1 - - [25/Dec/2021:18:40:57 +0000] "GET /pull/lastGamesData/psn/mini_niv/1639085759000 HTTP/1.1" 200 163782 "-" "axios/0.21.4"
::ffff:127.0.0.1 - - [25/Dec/2021:18:40:58 +0000] "GET /pull/lastGamesData/psn/mini_niv/1635976074000 HTTP/1.1" 200 147350 "-" "axios/0.21.4"
::ffff:127.0.0.1 - - [25/Dec/2021:18:41:06 +0000] "GET /pull/lastGamesData/psn/mini_niv/1635805949000 HTTP/1.1" 200 144990 "-" "axios/0.21.4"
::ffff:127.0.0.1 - - [25/Dec/2021:18:41:09 +0000] "GET /pull/lastGamesData/psn/mini_niv/1635281492000 HTTP/1.1" 200 141495 "-" "axios/0.21.4"
::ffff:127.0.0.1 - - [25/Dec/2021:18:41:09 +0000] "GET /pull/lastGamesData/psn/mini_niva HTTP/1.1" 500 62 "-" "axios/0.21.4"
::ffff:127.0.0.1 - - [25/Dec/2021:18:41:14 +0000] "GET /pull/lifetimeData/psn/mini_niva HTTP/1.1" 500 62 "-" "axios/0.21.4"
::ffff:127.0.0.1 - - [25/Dec/2021:18:41:17 +0000] "GET /pull/lastGamesData/battle/legendary117%232249 HTTP/1.1" 200 147168 "-" "axios/0.21.4"
::1 - - [25/Dec/2021:18:41:17 +0000] "GET /extract/lastGamesStats/battle/legendary117%25232249 HTTP/1.1" 200 - "-" "PostmanRuntime/7.28.4"
::ffff:127.0.0.1 - - [25/Dec/2021:18:41:19 +0000] "GET /pull/gameStats/16786187350052482478a HTTP/1.1" 500 30 "-" "axios/0.21.4"
::ffff:127.0.0.1 - - [25/Dec/2021:18:41:25 +0000] "GET /pull/gameStats/16786187350052482478a HTTP/1.1" 500 30 "-" "axios/0.21.4"
::ffff:127.0.0.1 - - [25/Dec/2021:18:41:25 +0000] "GET /extract/gameStatsById/16786187350052482478a HTTP/1.1" 500 225 "-" "axios/0.21.4"
::ffff:127.0.0.1 - - [25/Dec/2021:18:41:26 +0000] "GET /pull/lifetimeData/psn/mini_niva HTTP/1.1" 500 62 "-" "axios/0.21.4"
::ffff:127.0.0.1 - - [25/Dec/2021:18:41:26 +0000] "GET /extract/generalStats/psn/mini_niva HTTP/1.1" 500 242 "-" "axios/0.21.4"
::ffff:127.0.0.1 - - [25/Dec/2021:18:41:26 +0000] "GET /pull/lastGamesData/psn/mini_niva HTTP/1.1" 500 62 "-" "axios/0.21.4"
::ffff:127.0.0.1 - - [25/Dec/2021:18:41:26 +0000] "GET /extract/lastGamesStats/psn/mini_niva/5 HTTP/1.1" 500 236 "-" "axios/0.21.4"
::ffff:127.0.0.1 - - [25/Dec/2021:18:41:28 +0000] "GET /pull/gameStats/16786187350052482478a HTTP/1.1" 500 30 "-" "axios/0.21.4"
::ffff:127.0.0.1 - - [25/Dec/2021:18:41:28 +0000] "GET /extract/gameStatsById/16786187350052482478a HTTP/1.1" 500 225 "-" "axios/0.21.4"
::1 - - [25/Dec/2021:18:41:28 +0000] "GET /match/16786187350052482478a HTTP/1.1" 500 162 "-" "PostmanRuntime/7.28.4"
::1 - - [25/Dec/2021:18:41:38 +0000] "GET /match/16786187350052482478 HTTP/1.1" 200 - "-" "PostmanRuntime/7.28.4"
::1 - - [25/Dec/2021:18:41:42 +0000] "GET /profile/username/mini_niv/platform/psn HTTP/1.1" 200 - "-" "PostmanRuntime/7.28.4"
::ffff:127.0.0.1 - - [25/Dec/2021:18:41:45 +0000] "GET /pull/lifetimeData/psna/mini_niv HTTP/1.1" 500 62 "-" "axios/0.21.4"
::ffff:127.0.0.1 - - [25/Dec/2021:18:41:45 +0000] "GET /pull/lastGamesData/psna/mini_niv HTTP/1.1" 500 62 "-" "axios/0.21.4"
::ffff:127.0.0.1 - - [25/Dec/2021:18:41:45 +0000] "GET /extract/generalStats/psna/mini_niv HTTP/1.1" 500 242 "-" "axios/0.21.4"
::ffff:127.0.0.1 - - [25/Dec/2021:18:41:45 +0000] "GET /extract/lastGamesStats/psna/mini_niv/5 HTTP/1.1" 500 236 "-" "axios/0.21.4"
::1 - - [25/Dec/2021:18:41:45 +0000] "GET /profile/username/mini_niv/platform/psna HTTP/1.1" 500 181 "-" "PostmanRuntime/7.28.4"
::1 - - [25/Dec/2021:18:41:56 +0000] "GET /profile/username/mini_niv/platform/psn HTTP/1.1" 200 - "-" "PostmanRuntime/7.28.4"
::ffff:127.0.0.1 - - [25/Dec/2021:18:43:08 +0000] "GET /pull/lastGamesData/psn/mini_niv HTTP/1.1" 200 140027 "-" "axios/0.21.4"
::ffff:127.0.0.1 - - [25/Dec/2021:18:43:08 +0000] "GET /pull/lifetimeData/psn/mini_niv HTTP/1.1" 200 21645 "-" "axios/0.21.4"
::ffff:127.0.0.1 - - [25/Dec/2021:18:43:11 +0000] "GET /pull/gameStats/16786187350052482478 HTTP/1.1" 200 1090305 "-" "axios/0.21.4"
::ffff:127.0.0.1 - - [25/Dec/2021:18:43:12 +0000] "GET /pull/lastGamesData/psn/mini_niv HTTP/1.1" 200 140027 "-" "axios/0.21.4"
::ffff:127.0.0.1 - - [25/Dec/2021:18:43:14 +0000] "GET /pull/lastGamesData/psn/mini_niv/1639085759000 HTTP/1.1" 200 163782 "-" "axios/0.21.4"
::ffff:127.0.0.1 - - [25/Dec/2021:18:43:16 +0000] "GET /pull/lastGamesData/psn/mini_niv/1635976074000 HTTP/1.1" 200 147350 "-" "axios/0.21.4"
::ffff:127.0.0.1 - - [25/Dec/2021:18:43:17 +0000] "GET /pull/lastGamesData/psn/mini_niv/1635805949000 HTTP/1.1" 200 144990 "-" "axios/0.21.4"
::ffff:127.0.0.1 - - [25/Dec/2021:18:43:19 +0000] "GET /pull/lastGamesData/psn/mini_niv/1635281492000 HTTP/1.1" 200 141495 "-" "axios/0.21.4"
::ffff:127.0.0.1 - - [25/Dec/2021:18:43:20 +0000] "GET /pull/lastGamesData/psn/mini_niva HTTP/1.1" 500 62 "-" "axios/0.21.4"
::ffff:127.0.0.1 - - [25/Dec/2021:18:43:29 +0000] "GET /pull/lifetimeData/psn/mini_niva HTTP/1.1" 500 62 "-" "axios/0.21.4"
::ffff:127.0.0.1 - - [25/Dec/2021:18:43:40 +0000] "GET /pull/gameStats/16786187350052482478a HTTP/1.1" 500 30 "-" "axios/0.21.4"
::ffff:127.0.0.1 - - [25/Dec/2021:18:43:50 +0000] "GET /pull/gameStats/16786187350052482478a HTTP/1.1" 500 30 "-" "axios/0.21.4"
::ffff:127.0.0.1 - - [25/Dec/2021:18:43:50 +0000] "GET /extract/gameStatsById/16786187350052482478a HTTP/1.1" 500 225 "-" "axios/0.21.4"
::ffff:127.0.0.1 - - [25/Dec/2021:18:43:51 +0000] "GET /pull/lastGamesData/psn/mini_niva HTTP/1.1" 500 62 "-" "axios/0.21.4"
::ffff:127.0.0.1 - - [25/Dec/2021:18:43:51 +0000] "GET /pull/lifetimeData/psn/mini_niva HTTP/1.1" 500 62 "-" "axios/0.21.4"
::ffff:127.0.0.1 - - [25/Dec/2021:18:43:51 +0000] "GET /extract/lastGamesStats/psn/mini_niva/5 HTTP/1.1" 500 236 "-" "axios/0.21.4"
::ffff:127.0.0.1 - - [25/Dec/2021:18:43:51 +0000] "GET /extract/generalStats/psn/mini_niva HTTP/1.1" 500 242 "-" "axios/0.21.4"
::ffff:127.0.0.1 - - [25/Dec/2021:18:44:08 +0000] "GET /pull/lastGamesData/battlea/legendary117%232249 HTTP/1.1" 500 49 "-" "axios/0.21.4"
::1 - - [25/Dec/2021:18:44:08 +0000] "GET /extract/lastGamesStats/battlea/legendary117%25232249 HTTP/1.1" 500 236 "-" "PostmanRuntime/7.28.4"
::ffff:127.0.0.1 - - [25/Dec/2021:18:44:34 +0000] "GET /pull/lastGamesData/battlea/legendary117%232249 HTTP/1.1" 500 148 "-" "axios/0.21.4"
::1 - - [25/Dec/2021:18:44:34 +0000] "GET /extract/lastGamesStats/battlea/legendary117%25232249 HTTP/1.1" 500 236 "-" "PostmanRuntime/7.28.4"
::ffff:127.0.0.1 - - [25/Dec/2021:18:44:35 +0000] "GET /pull/lastGamesData/psn/mini_niv HTTP/1.1" 200 140027 "-" "axios/0.21.4"
::ffff:127.0.0.1 - - [25/Dec/2021:18:44:35 +0000] "GET /pull/lifetimeData/psn/mini_niv HTTP/1.1" 200 21645 "-" "axios/0.21.4"
::ffff:127.0.0.1 - - [25/Dec/2021:18:44:38 +0000] "GET /pull/gameStats/16786187350052482478 HTTP/1.1" 200 1090305 "-" "axios/0.21.4"
::ffff:127.0.0.1 - - [25/Dec/2021:18:44:38 +0000] "GET /pull/lastGamesData/psn/mini_niv HTTP/1.1" 200 140027 "-" "axios/0.21.4"
::ffff:127.0.0.1 - - [25/Dec/2021:18:44:39 +0000] "GET /pull/lastGamesData/battlea/legendary117%232249 HTTP/1.1" 500 148 "-" "axios/0.21.4"
::1 - - [25/Dec/2021:18:44:39 +0000] "GET /extract/lastGamesStats/battlea/legendary117%25232249 HTTP/1.1" 500 236 "-" "PostmanRuntime/7.28.4"
::ffff:127.0.0.1 - - [25/Dec/2021:18:44:40 +0000] "GET /pull/lastGamesData/psn/mini_niv/1639085759000 HTTP/1.1" 200 163782 "-" "axios/0.21.4"
::ffff:127.0.0.1 - - [25/Dec/2021:18:44:41 +0000] "GET /pull/lastGamesData/psn/mini_niv/1635976074000 HTTP/1.1" 200 147350 "-" "axios/0.21.4"
::ffff:127.0.0.1 - - [25/Dec/2021:18:45:43 +0000] "GET /pull/lastGamesData/psn/mini_niv HTTP/1.1" 200 140027 "-" "axios/0.21.4"
::ffff:127.0.0.1 - - [25/Dec/2021:18:45:44 +0000] "GET /pull/lifetimeData/psn/mini_niv HTTP/1.1" 200 21645 "-" "axios/0.21.4"
::ffff:127.0.0.1 - - [25/Dec/2021:18:45:46 +0000] "GET /pull/gameStats/16786187350052482478 HTTP/1.1" 200 1090305 "-" "axios/0.21.4"
::ffff:127.0.0.1 - - [25/Dec/2021:18:45:49 +0000] "GET /pull/lastGamesData/psn/mini_niv HTTP/1.1" 200 140027 "-" "axios/0.21.4"
::ffff:127.0.0.1 - - [25/Dec/2021:18:45:52 +0000] "GET /pull/lastGamesData/psn/mini_niv/1639085759000 HTTP/1.1" 200 163782 "-" "axios/0.21.4"
::ffff:127.0.0.1 - - [25/Dec/2021:18:45:54 +0000] "GET /pull/lastGamesData/psn/mini_niv/1635976074000 HTTP/1.1" 200 147350 "-" "axios/0.21.4"
::ffff:127.0.0.1 - - [25/Dec/2021:18:45:56 +0000] "GET /pull/lastGamesData/psn/mini_niv/1635805949000 HTTP/1.1" 200 144990 "-" "axios/0.21.4"
::ffff:127.0.0.1 - - [25/Dec/2021:18:45:57 +0000] "GET /pull/lastGamesData/psn/mini_niv/1635281492000 HTTP/1.1" 200 141495 "-" "axios/0.21.4"
::ffff:127.0.0.1 - - [25/Dec/2021:18:45:58 +0000] "GET /pull/lastGamesData/psn/mini_niva HTTP/1.1" 500 62 "-" "axios/0.21.4"
::ffff:127.0.0.1 - - [25/Dec/2021:18:45:59 +0000] "GET /pull/lifetimeData/psn/mini_niva HTTP/1.1" 500 62 "-" "axios/0.21.4"
::ffff:127.0.0.1 - - [25/Dec/2021:18:45:59 +0000] "GET /pull/gameStats/16786187350052482478a HTTP/1.1" 500 30 "-" "axios/0.21.4"
::ffff:127.0.0.1 - - [25/Dec/2021:18:46:00 +0000] "GET /pull/gameStats/16786187350052482478a HTTP/1.1" 500 30 "-" "axios/0.21.4"
::ffff:127.0.0.1 - - [25/Dec/2021:18:46:00 +0000] "GET /extract/gameStatsById/16786187350052482478a HTTP/1.1" 500 225 "-" "axios/0.21.4"
::ffff:127.0.0.1 - - [25/Dec/2021:18:46:00 +0000] "GET /pull/lifetimeData/psn/mini_niva HTTP/1.1" 500 62 "-" "axios/0.21.4"
::ffff:127.0.0.1 - - [25/Dec/2021:18:46:00 +0000] "GET /extract/generalStats/psn/mini_niva HTTP/1.1" 500 242 "-" "axios/0.21.4"
::ffff:127.0.0.1 - - [25/Dec/2021:18:46:01 +0000] "GET /pull/lastGamesData/psn/mini_niva HTTP/1.1" 500 62 "-" "axios/0.21.4"
::ffff:127.0.0.1 - - [25/Dec/2021:18:46:01 +0000] "GET /extract/lastGamesStats/psn/mini_niva/5 HTTP/1.1" 500 236 "-" "axios/0.21.4"
::1 - - [25/Dec/2021:18:46:55 +0000] "GET /pull/lastGamesData/psn/Mini_Niv HTTP/1.1" 200 - "-" "PostmanRuntime/7.28.4"
::1 - - [25/Dec/2021:18:46:59 +0000] "GET /pull/lastGamesData/psn/Mini_Niva HTTP/1.1" 500 62 "-" "PostmanRuntime/7.28.4"
::1 - - [25/Dec/2021:18:47:10 +0000] "GET /pull/lastGamesData/psn/Mini_Niv HTTP/1.1" 200 - "-" "PostmanRuntime/7.28.4"
::1 - - [25/Dec/2021:18:47:17 +0000] "GET /pull/lifetimeData/battlea/rayaPIM%231410 HTTP/1.1" 500 49 "-" "PostmanRuntime/7.28.4"
::1 - - [25/Dec/2021:18:47:32 +0000] "GET /pull/gameStats/16786187350052482478a HTTP/1.1" 500 30 "-" "PostmanRuntime/7.28.4"
::1 - - [25/Dec/2021:18:47:39 +0000] "GET /pull/gameStats/16786187350052482478 HTTP/1.1" 200 - "-" "PostmanRuntime/7.28.4"
::ffff:127.0.0.1 - - [25/Dec/2021:18:49:53 +0000] "GET /pull/lastGamesData/psn/mini_niv HTTP/1.1" 200 140027 "-" "axios/0.21.4"
::ffff:127.0.0.1 - - [25/Dec/2021:18:49:53 +0000] "GET /pull/lifetimeData/psn/mini_niv HTTP/1.1" 200 21645 "-" "axios/0.21.4"
::ffff:127.0.0.1 - - [25/Dec/2021:18:49:54 +0000] "GET /pull/gameStats/16786187350052482478 HTTP/1.1" 200 1090305 "-" "axios/0.21.4"
::ffff:127.0.0.1 - - [25/Dec/2021:18:49:55 +0000] "GET /pull/lastGamesData/psn/mini_niv HTTP/1.1" 200 140027 "-" "axios/0.21.4"
::ffff:127.0.0.1 - - [25/Dec/2021:18:49:56 +0000] "GET /pull/lastGamesData/psn/mini_niv/1639085759000 HTTP/1.1" 200 163782 "-" "axios/0.21.4"
::ffff:127.0.0.1 - - [25/Dec/2021:18:49:58 +0000] "GET /pull/lastGamesData/psn/mini_niv/1635976074000 HTTP/1.1" 200 147350 "-" "axios/0.21.4"
::ffff:127.0.0.1 - - [25/Dec/2021:18:50:03 +0000] "GET /pull/lastGamesData/psn/mini_niv/1635805949000 HTTP/1.1" 200 144990 "-" "axios/0.21.4"
::ffff:127.0.0.1 - - [25/Dec/2021:18:50:05 +0000] "GET /pull/lastGamesData/psn/mini_niv/1635281492000 HTTP/1.1" 200 141495 "-" "axios/0.21.4"
::ffff:127.0.0.1 - - [25/Dec/2021:18:50:05 +0000] "GET /pull/lastGamesData/psn/mini_niva HTTP/1.1" 500 62 "-" "axios/0.21.4"
::ffff:127.0.0.1 - - [25/Dec/2021:18:50:05 +0000] "GET /pull/lifetimeData/psn/mini_niva HTTP/1.1" 500 62 "-" "axios/0.21.4"
::ffff:127.0.0.1 - - [25/Dec/2021:18:50:05 +0000] "GET /pull/gameStats/16786187350052482478a HTTP/1.1" 500 30 "-" "axios/0.21.4"
::ffff:127.0.0.1 - - [25/Dec/2021:18:50:06 +0000] "GET /pull/gameStats/16786187350052482478a HTTP/1.1" 500 30 "-" "axios/0.21.4"
::ffff:127.0.0.1 - - [25/Dec/2021:18:50:06 +0000] "GET /extract/gameStatsById/16786187350052482478a HTTP/1.1" 500 229 "-" "axios/0.21.4"
::ffff:127.0.0.1 - - [25/Dec/2021:18:50:07 +0000] "GET /pull/lastGamesData/psn/mini_niva HTTP/1.1" 500 62 "-" "axios/0.21.4"
::ffff:127.0.0.1 - - [25/Dec/2021:18:50:07 +0000] "GET /extract/lastGamesStats/psn/mini_niva/5 HTTP/1.1" 500 240 "-" "axios/0.21.4"
::ffff:127.0.0.1 - - [25/Dec/2021:18:50:08 +0000] "GET /pull/lifetimeData/psn/mini_niva HTTP/1.1" 500 62 "-" "axios/0.21.4"
::ffff:127.0.0.1 - - [25/Dec/2021:18:50:08 +0000] "GET /extract/generalStats/psn/mini_niva HTTP/1.1" 500 246 "-" "axios/0.21.4"
::ffff:127.0.0.1 - - [25/Dec/2021:18:50:19 +0000] "GET /pull/lastGamesData/battlea/legendary117%232249 HTTP/1.1" 500 49 "-" "axios/0.21.4"
::1 - - [25/Dec/2021:18:50:19 +0000] "GET /extract/lastGamesStats/battlea/legendary117%25232249 HTTP/1.1" 500 240 "-" "PostmanRuntime/7.28.4"
::ffff:127.0.0.1 - - [25/Dec/2021:18:50:32 +0000] "GET /pull/lastGamesData/battle/legendary117%232249 HTTP/1.1" 200 147168 "-" "axios/0.21.4"
::1 - - [25/Dec/2021:18:50:32 +0000] "GET /extract/lastGamesStats/battle/legendary117%25232249 HTTP/1.1" 200 - "-" "PostmanRuntime/7.28.4"
::ffff:127.0.0.1 - - [25/Dec/2021:18:50:42 +0000] "GET /pull/lifetimeData/psn/mini_niva HTTP/1.1" 500 62 "-" "axios/0.21.4"
::ffff:127.0.0.1 - - [25/Dec/2021:18:50:42 +0000] "GET /pull/lastGamesData/psn/mini_niva HTTP/1.1" 500 62 "-" "axios/0.21.4"
::ffff:127.0.0.1 - - [25/Dec/2021:18:50:42 +0000] "GET /extract/generalStats/psn/mini_niva HTTP/1.1" 500 246 "-" "axios/0.21.4"
::ffff:127.0.0.1 - - [25/Dec/2021:18:50:42 +0000] "GET /extract/lastGamesStats/psn/mini_niva/5 HTTP/1.1" 500 240 "-" "axios/0.21.4"
::1 - - [25/Dec/2021:18:50:42 +0000] "GET /profile/username/mini_niva/platform/psn HTTP/1.1" 500 181 "-" "PostmanRuntime/7.28.4"
::1 - - [25/Dec/2021:18:50:48 +0000] "GET /profile/username/mini_niv/platform/psn HTTP/1.1" 200 - "-" "PostmanRuntime/7.28.4"
::ffff:127.0.0.1 - - [25/Dec/2021:18:50:54 +0000] "GET /pull/lifetimeData/battlea/legendary117%232249 HTTP/1.1" 500 49 "-" "axios/0.21.4"
::1 - - [25/Dec/2021:18:50:54 +0000] "GET /extract/generalStats/battlea/legendary117%25232249 HTTP/1.1" 500 246 "-" "PostmanRuntime/7.28.4"
::ffff:127.0.0.1 - - [25/Dec/2021:18:51:08 +0000] "GET /pull/lifetimeData/battle/legendary117%232249 HTTP/1.1" 200 23234 "-" "axios/0.21.4"
::1 - - [25/Dec/2021:18:51:08 +0000] "GET /extract/generalStats/battle/legendary117%25232249 HTTP/1.1" 200 - "-" "PostmanRuntime/7.28.4"
::ffff:127.0.0.1 - - [25/Dec/2021:18:51:12 +0000] "GET /pull/lifetimeData/psna/mini_niv HTTP/1.1" 500 62 "-" "axios/0.21.4"
::1 - - [25/Dec/2021:18:51:12 +0000] "GET /extract/generalStats/psna/mini_niv HTTP/1.1" 500 246 "-" "PostmanRuntime/7.28.4"
::ffff:127.0.0.1 - - [25/Dec/2021:18:51:16 +0000] "GET /pull/lifetimeData/psn/mini_niv HTTP/1.1" 200 21645 "-" "axios/0.21.4"
::1 - - [25/Dec/2021:18:51:16 +0000] "GET /extract/generalStats/psn/mini_niv HTTP/1.1" 200 - "-" "PostmanRuntime/7.28.4"
::ffff:127.0.0.1 - - [25/Dec/2021:18:52:10 +0000] "GET /pull/lastGamesData/psn/mini_niv HTTP/1.1" 200 140027 "-" "axios/0.21.4"
::ffff:127.0.0.1 - - [25/Dec/2021:18:52:10 +0000] "GET /pull/lifetimeData/psn/mini_niv HTTP/1.1" 200 21645 "-" "axios/0.21.4"
::ffff:127.0.0.1 - - [25/Dec/2021:18:52:12 +0000] "GET /pull/gameStats/16786187350052482478 HTTP/1.1" 200 1090305 "-" "axios/0.21.4"
::ffff:127.0.0.1 - - [25/Dec/2021:18:52:14 +0000] "GET /pull/lastGamesData/psn/mini_niv HTTP/1.1" 200 140027 "-" "axios/0.21.4"
::ffff:127.0.0.1 - - [25/Dec/2021:18:52:26 +0000] "GET /pull/lastGamesData/psn/mini_niv/1639085759000 HTTP/1.1" 200 163782 "-" "axios/0.21.4"
::ffff:127.0.0.1 - - [25/Dec/2021:18:52:28 +0000] "GET /pull/lastGamesData/psn/mini_niv/1635976074000 HTTP/1.1" 200 147350 "-" "axios/0.21.4"
::ffff:127.0.0.1 - - [25/Dec/2021:18:52:30 +0000] "GET /pull/lastGamesData/psn/mini_niv/1635805949000 HTTP/1.1" 200 144990 "-" "axios/0.21.4"
::ffff:127.0.0.1 - - [25/Dec/2021:18:52:31 +0000] "GET /pull/lastGamesData/psn/mini_niv/1635281492000 HTTP/1.1" 200 141495 "-" "axios/0.21.4"
::ffff:127.0.0.1 - - [25/Dec/2021:18:52:32 +0000] "GET /pull/lastGamesData/psn/mini_niva HTTP/1.1" 500 62 "-" "axios/0.21.4"
::ffff:127.0.0.1 - - [25/Dec/2021:18:52:32 +0000] "GET /pull/lifetimeData/psn/mini_niva HTTP/1.1" 500 62 "-" "axios/0.21.4"
::ffff:127.0.0.1 - - [25/Dec/2021:18:52:33 +0000] "GET /pull/gameStats/16786187350052482478a HTTP/1.1" 500 30 "-" "axios/0.21.4"
::ffff:127.0.0.1 - - [25/Dec/2021:18:52:34 +0000] "GET /pull/gameStats/16786187350052482478a HTTP/1.1" 500 30 "-" "axios/0.21.4"
::ffff:127.0.0.1 - - [25/Dec/2021:18:52:34 +0000] "GET /extract/gameStatsById/16786187350052482478a HTTP/1.1" 500 229 "-" "axios/0.21.4"
::ffff:127.0.0.1 - - [25/Dec/2021:18:52:34 +0000] "GET /pull/lastGamesData/psn/mini_niva HTTP/1.1" 500 62 "-" "axios/0.21.4"
::ffff:127.0.0.1 - - [25/Dec/2021:18:52:34 +0000] "GET /extract/lastGamesStats/psn/mini_niva/5 HTTP/1.1" 500 240 "-" "axios/0.21.4"
::ffff:127.0.0.1 - - [25/Dec/2021:18:52:34 +0000] "GET /pull/lifetimeData/psn/mini_niva HTTP/1.1" 500 62 "-" "axios/0.21.4"
::ffff:127.0.0.1 - - [25/Dec/2021:18:52:34 +0000] "GET /extract/generalStats/psn/mini_niva HTTP/1.1" 500 246 "-" "axios/0.21.4"
::ffff:127.0.0.1 - - [25/Dec/2021:18:53:38 +0000] "GET /pull/lifetimeData/psn/mini_niva HTTP/1.1" 500 62 "-" "axios/0.21.4"
::ffff:127.0.0.1 - - [25/Dec/2021:18:53:38 +0000] "GET /extract/generalStats/psn/mini_niva HTTP/1.1" 500 246 "-" "axios/0.21.4"
::ffff:127.0.0.1 - - [25/Dec/2021:18:53:38 +0000] "GET /pull/lastGamesData/psn/mini_niva HTTP/1.1" 500 62 "-" "axios/0.21.4"
::1 - - [25/Dec/2021:18:53:38 +0000] "GET /profile/username/mini_niva/platform/psn HTTP/1.1" 500 185 "-" "PostmanRuntime/7.28.4"
::ffff:127.0.0.1 - - [25/Dec/2021:18:53:38 +0000] "GET /extract/lastGamesStats/psn/mini_niva/5 HTTP/1.1" 500 240 "-" "axios/0.21.4"
::1 - - [25/Dec/2021:18:53:44 +0000] "GET /profile/username/mini_niv/platform/psn HTTP/1.1" 200 - "-" "PostmanRuntime/7.28.4"
::ffff:127.0.0.1 - - [25/Dec/2021:19:54:53 +0000] "GET /pull/lifetimeData/psn/mini_niv HTTP/1.1" 200 21645 "-" "axios/0.21.4"
::ffff:127.0.0.1 - - [25/Dec/2021:19:54:53 +0000] "GET /extract/generalStats/psn/mini_niv HTTP/1.1" 200 1688 "-" "axios/0.21.4"
::ffff:127.0.0.1 - - [25/Dec/2021:19:54:55 +0000] "GET /pull/lastGamesData/psn/mini_niv HTTP/1.1" 200 140027 "-" "axios/0.21.4"
::ffff:127.0.0.1 - - [25/Dec/2021:19:54:56 +0000] "GET /pull/lastGamesData/psn/mini_niv/1639085759000 HTTP/1.1" 200 163782 "-" "axios/0.21.4"
::ffff:127.0.0.1 - - [25/Dec/2021:19:54:57 +0000] "GET /pull/lastGamesData/psn/mini_niv/1635976074000 HTTP/1.1" 200 147350 "-" "axios/0.21.4"
::ffff:127.0.0.1 - - [25/Dec/2021:19:54:59 +0000] "GET /pull/lastGamesData/psn/mini_niv/1635805949000 HTTP/1.1" 200 144990 "-" "axios/0.21.4"
::ffff:127.0.0.1 - - [25/Dec/2021:19:55:00 +0000] "GET /pull/lastGamesData/psn/mini_niv/1635281492000 HTTP/1.1" 200 141495 "-" "axios/0.21.4"
::ffff:127.0.0.1 - - [25/Dec/2021:19:55:00 +0000] "GET /extract/lastGamesStats/psn/mini_niv/5 HTTP/1.1" 200 25321 "-" "axios/0.21.4"
::1 - - [25/Dec/2021:19:55:00 +0000] "GET /profile/username/mini_niv/platform/psn HTTP/1.1" 200 - "-" "PostmanRuntime/7.28.4"
::1 - - [25/Dec/2021:20:48:42 +0000] "GET /profile/username/mini_niv/platform/psn HTTP/1.1" 200 - "-" "PostmanRuntime/7.28.4"
::ffff:127.0.0.1 - - [25/Dec/2021:20:56:34 +0000] "GET /pull/lastGamesData/psn/mini_niva HTTP/1.1" 500 62 "-" "axios/0.21.4"
::ffff:127.0.0.1 - - [25/Dec/2021:20:56:34 +0000] "GET /pull/lifetimeData/psn/mini_niva HTTP/1.1" 500 62 "-" "axios/0.21.4"
::ffff:127.0.0.1 - - [25/Dec/2021:20:56:34 +0000] "GET /extract/lastGamesStats/psn/mini_niva/5 HTTP/1.1" 500 240 "-" "axios/0.21.4"
::ffff:127.0.0.1 - - [25/Dec/2021:20:56:34 +0000] "GET /extract/generalStats/psn/mini_niva HTTP/1.1" 500 246 "-" "axios/0.21.4"
::1 - - [25/Dec/2021:20:56:34 +0000] "GET /profile/username/mini_niva/platform/psn HTTP/1.1" 500 185 "-" "PostmanRuntime/7.28.4"
::ffff:127.0.0.1 - - [25/Dec/2021:20:57:43 +0000] "GET /pull/lastGamesData/psn/ABUSSIVEMENT HTTP/1.1" 500 89 "-" "axios/0.21.4"
::ffff:127.0.0.1 - - [25/Dec/2021:20:57:43 +0000] "GET /pull/lifetimeData/psn/ABUSSIVEMENT HTTP/1.1" 500 89 "-" "axios/0.21.4"
::ffff:127.0.0.1 - - [25/Dec/2021:20:57:43 +0000] "GET /extract/lastGamesStats/psn/ABUSSIVEMENT/5 HTTP/1.1" 500 240 "-" "axios/0.21.4"
::ffff:127.0.0.1 - - [25/Dec/2021:20:57:43 +0000] "GET /extract/generalStats/psn/ABUSSIVEMENT HTTP/1.1" 500 246 "-" "axios/0.21.4"
::1 - - [25/Dec/2021:20:57:43 +0000] "GET /profile/username/ABUSSIVEMENT/platform/psn HTTP/1.1" 500 185 "-" "PostmanRuntime/7.28.4"
::ffff:127.0.0.1 - - [25/Dec/2021:20:58:03 +0000] "GET /pull/lifetimeData/psn/ABUSSIVEMENT HTTP/1.1" 500 89 "-" "axios/0.21.4"
::ffff:127.0.0.1 - - [25/Dec/2021:20:58:03 +0000] "GET /pull/lastGamesData/psn/ABUSSIVEMENT HTTP/1.1" 500 89 "-" "axios/0.21.4"
::ffff:127.0.0.1 - - [25/Dec/2021:20:58:03 +0000] "GET /extract/generalStats/psn/ABUSSIVEMENT HTTP/1.1" 500 246 "-" "axios/0.21.4"
::ffff:127.0.0.1 - - [25/Dec/2021:20:58:03 +0000] "GET /extract/lastGamesStats/psn/ABUSSIVEMENT/5 HTTP/1.1" 500 240 "-" "axios/0.21.4"
::1 - - [25/Dec/2021:20:58:03 +0000] "GET /profile/username/ABUSSIVEMENT/platform/psn HTTP/1.1" 500 185 "-" "PostmanRuntime/7.28.4"
::ffff:127.0.0.1 - - [25/Dec/2021:21:00:02 +0000] "GET /pull/lifetimeData/psn/mini_niv HTTP/1.1" 200 21645 "-" "axios/0.21.4"
::ffff:127.0.0.1 - - [25/Dec/2021:21:00:02 +0000] "GET /extract/generalStats/psn/mini_niv HTTP/1.1" 200 1688 "-" "axios/0.21.4"
::ffff:127.0.0.1 - - [25/Dec/2021:21:00:02 +0000] "GET /pull/lastGamesData/psn/mini_niv HTTP/1.1" 200 140027 "-" "axios/0.21.4"
::ffff:127.0.0.1 - - [25/Dec/2021:21:00:02 +0000] "GET /extract/lastGamesStats/psn/mini_niv HTTP/1.1" 200 5652 "-" "axios/0.21.4"
::ffff:127.0.0.1 - - [25/Dec/2021:21:00:35 +0000] "GET /pull/lifetimeData/psn/ABUSSIVEMENT HTTP/1.1" 500 89 "-" "axios/0.21.4"
::ffff:127.0.0.1 - - [25/Dec/2021:21:00:35 +0000] "GET /pull/lastGamesData/psn/ABUSSIVEMENT HTTP/1.1" 500 89 "-" "axios/0.21.4"
::ffff:127.0.0.1 - - [25/Dec/2021:21:00:35 +0000] "GET /extract/generalStats/psn/ABUSSIVEMENT HTTP/1.1" 500 246 "-" "axios/0.21.4"
::ffff:127.0.0.1 - - [25/Dec/2021:21:00:35 +0000] "GET /extract/lastGamesStats/psn/ABUSSIVEMENT/5 HTTP/1.1" 500 240 "-" "axios/0.21.4"
::1 - - [25/Dec/2021:21:00:35 +0000] "GET /profile/username/ABUSSIVEMENT/platform/psn HTTP/1.1" 500 185 "-" "PostmanRuntime/7.28.4"
::ffff:127.0.0.1 - - [25/Dec/2021:21:02:53 +0000] "GET /pull/lifetimeData/psn/ABUSSIVEMENT HTTP/1.1" 500 89 "-" "axios/0.21.4"
::ffff:127.0.0.1 - - [25/Dec/2021:21:02:53 +0000] "GET /pull/lastGamesData/psn/ABUSSIVEMENT HTTP/1.1" 500 89 "-" "axios/0.21.4"
::ffff:127.0.0.1 - - [25/Dec/2021:21:02:53 +0000] "GET /extract/generalStats/psn/ABUSSIVEMENT HTTP/1.1" 500 246 "-" "axios/0.21.4"
::ffff:127.0.0.1 - - [25/Dec/2021:21:02:53 +0000] "GET /extract/lastGamesStats/psn/ABUSSIVEMENT/5 HTTP/1.1" 500 240 "-" "axios/0.21.4"
::1 - - [25/Dec/2021:21:02:53 +0000] "GET /profile/username/ABUSSIVEMENT/platform/psn HTTP/1.1" 500 219 "-" "PostmanRuntime/7.28.4"
::ffff:127.0.0.1 - - [25/Dec/2021:21:03:31 +0000] "GET /pull/lastGamesData/psn/mini_niva HTTP/1.1" 500 62 "-" "axios/0.21.4"
::ffff:127.0.0.1 - - [25/Dec/2021:21:03:31 +0000] "GET /extract/lastGamesStats/psn/mini_niva/5 HTTP/1.1" 500 240 "-" "axios/0.21.4"
::ffff:127.0.0.1 - - [25/Dec/2021:21:03:31 +0000] "GET /pull/lifetimeData/psn/mini_niva HTTP/1.1" 500 62 "-" "axios/0.21.4"
::1 - - [25/Dec/2021:21:03:31 +0000] "GET /profile/username/mini_niva/platform/psn HTTP/1.1" 500 220 "-" "PostmanRuntime/7.28.4"
::ffff:127.0.0.1 - - [25/Dec/2021:21:03:31 +0000] "GET /extract/generalStats/psn/mini_niva HTTP/1.1" 500 246 "-" "axios/0.21.4"
::ffff:127.0.0.1 - - [25/Dec/2021:21:15:02 +0000] "GET /pull/lifetimeData/psn/mini_niv HTTP/1.1" 200 21645 "-" "axios/0.21.4"
::ffff:127.0.0.1 - - [25/Dec/2021:21:15:02 +0000] "GET /extract/generalStats/psn/mini_niv HTTP/1.1" 200 1688 "-" "axios/0.21.4"
::ffff:127.0.0.1 - - [25/Dec/2021:21:15:02 +0000] "GET /pull/lastGamesData/psn/mini_niv HTTP/1.1" 200 140027 "-" "axios/0.21.4"
::ffff:127.0.0.1 - - [25/Dec/2021:21:15:02 +0000] "GET /extract/lastGamesStats/psn/mini_niv HTTP/1.1" 200 5652 "-" "axios/0.21.4"
::ffff:127.0.0.1 - - [25/Dec/2021:21:30:01 +0000] "GET /pull/lifetimeData/psn/mini_niv HTTP/1.1" 200 21645 "-" "axios/0.21.4"
::ffff:127.0.0.1 - - [25/Dec/2021:21:30:01 +0000] "GET /extract/generalStats/psn/mini_niv HTTP/1.1" 200 1688 "-" "axios/0.21.4"
::ffff:127.0.0.1 - - [25/Dec/2021:21:30:02 +0000] "GET /pull/lastGamesData/psn/mini_niv HTTP/1.1" 200 140027 "-" "axios/0.21.4"
::ffff:127.0.0.1 - - [25/Dec/2021:21:30:02 +0000] "GET /extract/lastGamesStats/psn/mini_niv HTTP/1.1" 200 5652 "-" "axios/0.21.4"
::ffff:127.0.0.1 - - [25/Dec/2021:21:45:02 +0000] "GET /pull/lifetimeData/psn/mini_niv HTTP/1.1" 200 21645 "-" "axios/0.21.4"
::ffff:127.0.0.1 - - [25/Dec/2021:21:45:02 +0000] "GET /pull/lastGamesData/psn/mini_niv HTTP/1.1" 200 140027 "-" "axios/0.21.4"
::ffff:127.0.0.1 - - [25/Dec/2021:21:45:02 +0000] "GET /extract/generalStats/psn/mini_niv HTTP/1.1" 200 1688 "-" "axios/0.21.4"
::ffff:127.0.0.1 - - [25/Dec/2021:21:45:02 +0000] "GET /extract/lastGamesStats/psn/mini_niv HTTP/1.1" 200 5652 "-" "axios/0.21.4"
::1 - - [25/Dec/2021:21:45:58 +0000] "POST /user/signup HTTP/1.1" 422 60 "-" "PostmanRuntime/7.28.4"
::1 - - [25/Dec/2021:21:48:28 +0000] "POST /user/signup HTTP/1.1" 422 60 "-" "PostmanRuntime/7.28.4"
::1 - - [25/Dec/2021:21:50:13 +0000] "POST /user/signup HTTP/1.1" 422 60 "-" "PostmanRuntime/7.28.4"
::1 - - [25/Dec/2021:21:50:58 +0000] "POST /user/signup HTTP/1.1" 422 60 "-" "PostmanRuntime/7.28.4"
::1 - - [25/Dec/2021:21:51:00 +0000] "POST /user/signup HTTP/1.1" 422 60 "-" "PostmanRuntime/7.28.4"
::1 - - [25/Dec/2021:21:51:16 +0000] "POST /user/signup HTTP/1.1" 422 60 "-" "PostmanRuntime/7.28.4"
::1 - - [25/Dec/2021:21:54:49 +0000] "POST /user/signup HTTP/1.1" 422 60 "-" "PostmanRuntime/7.28.4"
::1 - - [25/Dec/2021:21:56:21 +0000] "POST /user/signup HTTP/1.1" 422 60 "-" "PostmanRuntime/7.28.4"
::1 - - [25/Dec/2021:21:56:26 +0000] "POST /user/signup HTTP/1.1" 422 60 "-" "PostmanRuntime/7.28.4"
::1 - - [25/Dec/2021:21:56:30 +0000] "POST /user/signup HTTP/1.1" 422 60 "-" "PostmanRuntime/7.28.4"
::1 - - [25/Dec/2021:22:02:46 +0000] "POST /user/signup HTTP/1.1" 422 60 "-" "PostmanRuntime/7.28.4"
::1 - - [25/Dec/2021:22:06:04 +0000] "POST /user/signup HTTP/1.1" 422 60 "-" "PostmanRuntime/7.28.4"
::1 - - [25/Dec/2021:22:19:20 +0000] "POST /user/signup HTTP/1.1" 500 56 "-" "PostmanRuntime/7.28.4"
::1 - - [25/Dec/2021:22:20:56 +0000] "POST /user/signup HTTP/1.1" 500 57 "-" "PostmanRuntime/7.28.4"
::1 - - [25/Dec/2021:22:21:23 +0000] "POST /user/signup HTTP/1.1" 500 57 "-" "PostmanRuntime/7.28.4"
::1 - - [25/Dec/2021:22:21:43 +0000] "POST /user/signup HTTP/1.1" 500 57 "-" "PostmanRuntime/7.28.4"
::1 - - [25/Dec/2021:22:26:31 +0000] "GET /profile/username/mini_niv/platform/psn HTTP/1.1" 200 - "-" "PostmanRuntime/7.28.4"
::ffff:127.0.0.1 - - [25/Dec/2021:22:26:36 +0000] "GET /pull/lifetimeData/psn/Mini_Niv HTTP/1.1" 200 21645 "-" "axios/0.21.4"
::ffff:127.0.0.1 - - [25/Dec/2021:22:26:36 +0000] "GET /extract/generalStats/psn/Mini_Niv HTTP/1.1" 200 1688 "-" "axios/0.21.4"
::ffff:127.0.0.1 - - [25/Dec/2021:22:26:37 +0000] "GET /pull/lastGamesData/psn/Mini_Niv HTTP/1.1" 200 140027 "-" "axios/0.21.4"
::ffff:127.0.0.1 - - [25/Dec/2021:22:26:38 +0000] "GET /pull/lastGamesData/psn/Mini_Niv/1639085759000 HTTP/1.1" 200 163782 "-" "axios/0.21.4"
::ffff:127.0.0.1 - - [25/Dec/2021:22:26:40 +0000] "GET /pull/lastGamesData/psn/Mini_Niv/1635976074000 HTTP/1.1" 200 147350 "-" "axios/0.21.4"
::ffff:127.0.0.1 - - [25/Dec/2021:22:26:44 +0000] "GET /pull/lastGamesData/psn/Mini_Niv/1635805949000 HTTP/1.1" 200 144990 "-" "axios/0.21.4"
::ffff:127.0.0.1 - - [25/Dec/2021:22:26:45 +0000] "GET /pull/lastGamesData/psn/Mini_Niv/1635281492000 HTTP/1.1" 200 141495 "-" "axios/0.21.4"
::ffff:127.0.0.1 - - [25/Dec/2021:22:26:45 +0000] "GET /extract/lastGamesStats/psn/Mini_Niv/5 HTTP/1.1" 200 25321 "-" "axios/0.21.4"
::ffff:127.0.0.1 - - [25/Dec/2021:22:26:45 +0000] "GET /profile/username/Mini_Niv/platform/psn HTTP/1.1" 200 27050 "-" "axios/0.21.4"
::1 - - [25/Dec/2021:22:30:54 +0000] "POST /user/signup HTTP/1.1" 500 57 "-" "PostmanRuntime/7.28.4"
::1 - - [25/Dec/2021:22:31:36 +0000] "POST /user/signup HTTP/1.1" 201 75 "-" "PostmanRuntime/7.28.4"
::1 - - [25/Dec/2021:22:32:19 +0000] "POST /user/signup HTTP/1.1" 422 56 "-" "PostmanRuntime/7.28.4"
::1 - - [25/Dec/2021:22:33:25 +0000] "POST /user/signup HTTP/1.1" 201 75 "-" "PostmanRuntime/7.28.4"
::1 - - [25/Dec/2021:22:35:15 +0000] "POST /user/signup HTTP/1.1" 201 75 "-" "PostmanRuntime/7.28.4"
::1 - - [25/Dec/2021:22:35:21 +0000] "POST /user/signup HTTP/1.1" 422 56 "-" "PostmanRuntime/7.28.4"
::1 - - [25/Dec/2021:22:36:58 +0000] "POST /user/signup HTTP/1.1" 201 75 "-" "PostmanRuntime/7.28.4"
::1 - - [25/Dec/2021:22:37:18 +0000] "POST /user/signup HTTP/1.1" 201 75 "-" "PostmanRuntime/7.28.4"
::1 - - [25/Dec/2021:22:37:58 +0000] "POST /user/signup HTTP/1.1" 201 75 "-" "PostmanRuntime/7.28.4"
::1 - - [25/Dec/2021:22:38:15 +0000] "POST /user/signup HTTP/1.1" 201 75 "-" "PostmanRuntime/7.28.4"
::1 - - [25/Dec/2021:22:40:25 +0000] "POST /user/signup HTTP/1.1" 201 75 "-" "PostmanRuntime/7.28.4"
::1 - - [25/Dec/2021:22:41:48 +0000] "POST /user/signup HTTP/1.1" 201 75 "-" "PostmanRuntime/7.28.4"
::1 - - [25/Dec/2021:22:42:09 +0000] "POST /user/signup HTTP/1.1" 201 75 "-" "PostmanRuntime/7.28.4"
::1 - - [25/Dec/2021:22:43:28 +0000] "POST /user/signup HTTP/1.1" 422 56 "-" "PostmanRuntime/7.28.4"
::ffff:127.0.0.1 - - [25/Dec/2021:22:43:39 +0000] "GET /pull/lifetimeData/psn/mini_niv HTTP/1.1" 200 21645 "-" "axios/0.21.4"
::ffff:127.0.0.1 - - [25/Dec/2021:22:43:39 +0000] "GET /extract/generalStats/psn/mini_niv HTTP/1.1" 200 1688 "-" "axios/0.21.4"
::ffff:127.0.0.1 - - [25/Dec/2021:22:43:39 +0000] "GET /pull/lastGamesData/psn/mini_niv HTTP/1.1" 200 140027 "-" "axios/0.21.4"
::ffff:127.0.0.1 - - [25/Dec/2021:22:43:41 +0000] "GET /pull/lastGamesData/psn/mini_niv/1639085759000 HTTP/1.1" 200 163782 "-" "axios/0.21.4"
::ffff:127.0.0.1 - - [25/Dec/2021:22:43:42 +0000] "GET /pull/lastGamesData/psn/mini_niv/1635976074000 HTTP/1.1" 200 147350 "-" "axios/0.21.4"
::ffff:127.0.0.1 - - [25/Dec/2021:22:43:43 +0000] "GET /pull/lastGamesData/psn/mini_niv/1635805949000 HTTP/1.1" 200 144990 "-" "axios/0.21.4"
::ffff:127.0.0.1 - - [25/Dec/2021:22:43:47 +0000] "GET /pull/lastGamesData/psn/mini_niv/1635281492000 HTTP/1.1" 200 141495 "-" "axios/0.21.4"
::ffff:127.0.0.1 - - [25/Dec/2021:22:43:47 +0000] "GET /extract/lastGamesStats/psn/mini_niv/5 HTTP/1.1" 200 25321 "-" "axios/0.21.4"
::ffff:127.0.0.1 - - [25/Dec/2021:22:43:47 +0000] "GET /profile/username/mini_niv/platform/psn HTTP/1.1" 200 27050 "-" "axios/0.21.4"
::1 - - [25/Dec/2021:22:43:47 +0000] "POST /user/signup HTTP/1.1" 500 135 "-" "PostmanRuntime/7.28.4"
::1 - - [25/Dec/2021:22:45:33 +0000] "POST /user/signup HTTP/1.1" 201 75 "-" "PostmanRuntime/7.28.4"
::1 - - [25/Dec/2021:22:47:31 +0000] "POST /user/signup HTTP/1.1" 422 56 "-" "PostmanRuntime/7.28.4"
::1 - - [25/Dec/2021:22:47:43 +0000] "POST /user/signup HTTP/1.1" 201 75 "-" "PostmanRuntime/7.28.4"
::1 - - [25/Dec/2021:22:49:14 +0000] "POST /user/signup HTTP/1.1" 201 75 "-" "PostmanRuntime/7.28.4"
::1 - - [25/Dec/2021:22:49:39 +0000] "POST /user/signup HTTP/1.1" 201 75 "-" "PostmanRuntime/7.28.4"
::1 - - [25/Dec/2021:22:50:37 +0000] "POST /user/signup HTTP/1.1" 201 75 "-" "PostmanRuntime/7.28.4"
::1 - - [25/Dec/2021:22:53:30 +0000] "POST /user/signup HTTP/1.1" 201 90 "-" "PostmanRuntime/7.28.4"
::1 - - [25/Dec/2021:22:54:06 +0000] "POST /user/signup HTTP/1.1" 201 77 "-" "PostmanRuntime/7.28.4"
::1 - - [25/Dec/2021:22:57:38 +0000] "POST /user/signup HTTP/1.1" 201 77 "-" "PostmanRuntime/7.28.4"
::1 - - [25/Dec/2021:22:59:39 +0000] "POST /user/signup HTTP/1.1" 201 287 "-" "PostmanRuntime/7.28.4"
::ffff:127.0.0.1 - - [25/Dec/2021:23:00:01 +0000] "GET /pull/lifetimeData/psn/mini_niv HTTP/1.1" 200 21635 "-" "axios/0.21.4"
::ffff:127.0.0.1 - - [25/Dec/2021:23:00:01 +0000] "GET /extract/generalStats/psn/mini_niv HTTP/1.1" 200 1683 "-" "axios/0.21.4"
::ffff:127.0.0.1 - - [25/Dec/2021:23:00:01 +0000] "GET /pull/lastGamesData/psn/mini_niv HTTP/1.1" 200 140027 "-" "axios/0.21.4"
::ffff:127.0.0.1 - - [25/Dec/2021:23:00:01 +0000] "GET /extract/lastGamesStats/psn/mini_niv HTTP/1.1" 200 5652 "-" "axios/0.21.4"
::ffff:127.0.0.1 - - [25/Dec/2021:23:01:13 +0000] "GET /pull/lifetimeData/psn/mini_niv HTTP/1.1" 200 21635 "-" "axios/0.21.4"
::ffff:127.0.0.1 - - [25/Dec/2021:23:01:13 +0000] "GET /extract/generalStats/psn/mini_niv HTTP/1.1" 200 1683 "-" "axios/0.21.4"
::ffff:127.0.0.1 - - [25/Dec/2021:23:01:14 +0000] "GET /pull/lastGamesData/psn/mini_niv HTTP/1.1" 200 140027 "-" "axios/0.21.4"
::ffff:127.0.0.1 - - [25/Dec/2021:23:01:16 +0000] "GET /pull/lastGamesData/psn/mini_niv/1639085759000 HTTP/1.1" 200 163782 "-" "axios/0.21.4"
::ffff:127.0.0.1 - - [25/Dec/2021:23:01:20 +0000] "GET /pull/lastGamesData/psn/mini_niv/1635976074000 HTTP/1.1" 200 147350 "-" "axios/0.21.4"
::ffff:127.0.0.1 - - [25/Dec/2021:23:01:23 +0000] "GET /pull/lastGamesData/psn/mini_niv/1635805949000 HTTP/1.1" 200 144990 "-" "axios/0.21.4"
::ffff:127.0.0.1 - - [25/Dec/2021:23:01:26 +0000] "GET /pull/lastGamesData/psn/mini_niv/1635281492000 HTTP/1.1" 200 141495 "-" "axios/0.21.4"
::ffff:127.0.0.1 - - [25/Dec/2021:23:01:26 +0000] "GET /extract/lastGamesStats/psn/mini_niv/5 HTTP/1.1" 200 25321 "-" "axios/0.21.4"
::1 - - [25/Dec/2021:23:01:26 +0000] "GET /profile/username/mini_niv/platform/psn HTTP/1.1" 200 - "-" "PostmanRuntime/7.28.4"
::ffff:127.0.0.1 - - [25/Dec/2021:23:03:34 +0000] "GET /pull/lifetimeData/psn/mini_niv HTTP/1.1" 200 21635 "-" "axios/0.21.4"
::ffff:127.0.0.1 - - [25/Dec/2021:23:03:34 +0000] "GET /extract/generalStats/psn/mini_niv HTTP/1.1" 200 1683 "-" "axios/0.21.4"
::ffff:127.0.0.1 - - [25/Dec/2021:23:03:35 +0000] "GET /pull/lastGamesData/psn/mini_niv HTTP/1.1" 200 140027 "-" "axios/0.21.4"
::ffff:127.0.0.1 - - [25/Dec/2021:23:03:36 +0000] "GET /pull/lastGamesData/psn/mini_niv/1639085759000 HTTP/1.1" 200 163782 "-" "axios/0.21.4"
::ffff:127.0.0.1 - - [25/Dec/2021:23:03:37 +0000] "GET /pull/lastGamesData/psn/mini_niv/1635976074000 HTTP/1.1" 200 147350 "-" "axios/0.21.4"
::ffff:127.0.0.1 - - [25/Dec/2021:23:03:39 +0000] "GET /pull/lastGamesData/psn/mini_niv/1635805949000 HTTP/1.1" 200 144990 "-" "axios/0.21.4"
::ffff:127.0.0.1 - - [25/Dec/2021:23:03:40 +0000] "GET /pull/lastGamesData/psn/mini_niv/1635281492000 HTTP/1.1" 200 141495 "-" "axios/0.21.4"
::ffff:127.0.0.1 - - [25/Dec/2021:23:03:40 +0000] "GET /extract/lastGamesStats/psn/mini_niv/5 HTTP/1.1" 200 25321 "-" "axios/0.21.4"
::ffff:127.0.0.1 - - [25/Dec/2021:23:03:40 +0000] "GET /profile/username/mini_niv/platform/psn HTTP/1.1" 200 27045 "-" "axios/0.21.4"
::1 - - [25/Dec/2021:23:03:40 +0000] "POST /user/signup HTTP/1.1" 500 135 "-" "PostmanRuntime/7.28.4"
::ffff:127.0.0.1 - - [25/Dec/2021:23:04:11 +0000] "GET /pull/lifetimeData/psn/mini_niv HTTP/1.1" 200 21635 "-" "axios/0.21.4"
::ffff:127.0.0.1 - - [25/Dec/2021:23:04:11 +0000] "GET /extract/generalStats/psn/mini_niv HTTP/1.1" 200 1683 "-" "axios/0.21.4"
::ffff:127.0.0.1 - - [25/Dec/2021:23:04:12 +0000] "GET /pull/lastGamesData/psn/mini_niv HTTP/1.1" 200 140027 "-" "axios/0.21.4"
::ffff:127.0.0.1 - - [25/Dec/2021:23:04:14 +0000] "GET /pull/lastGamesData/psn/mini_niv/1639085759000 HTTP/1.1" 200 163782 "-" "axios/0.21.4"
::ffff:127.0.0.1 - - [25/Dec/2021:23:04:15 +0000] "GET /pull/lastGamesData/psn/mini_niv/1635976074000 HTTP/1.1" 200 147350 "-" "axios/0.21.4"
::ffff:127.0.0.1 - - [25/Dec/2021:23:04:16 +0000] "GET /pull/lastGamesData/psn/mini_niv/1635805949000 HTTP/1.1" 200 144990 "-" "axios/0.21.4"
::ffff:127.0.0.1 - - [25/Dec/2021:23:04:17 +0000] "GET /pull/lastGamesData/psn/mini_niv/1635281492000 HTTP/1.1" 200 141495 "-" "axios/0.21.4"
::ffff:127.0.0.1 - - [25/Dec/2021:23:04:17 +0000] "GET /extract/lastGamesStats/psn/mini_niv/5 HTTP/1.1" 200 25321 "-" "axios/0.21.4"
::ffff:127.0.0.1 - - [25/Dec/2021:23:04:17 +0000] "GET /profile/username/mini_niv/platform/psn HTTP/1.1" 200 27045 "-" "axios/0.21.4"
::1 - - [25/Dec/2021:23:04:17 +0000] "POST /user/signup HTTP/1.1" 500 135 "-" "PostmanRuntime/7.28.4"
::ffff:127.0.0.1 - - [25/Dec/2021:23:07:25 +0000] "GET /pull/lifetimeData/psn/mini_niv HTTP/1.1" 200 21635 "-" "axios/0.21.4"
::ffff:127.0.0.1 - - [25/Dec/2021:23:07:25 +0000] "GET /extract/generalStats/psn/mini_niv HTTP/1.1" 200 1683 "-" "axios/0.21.4"
::ffff:127.0.0.1 - - [25/Dec/2021:23:07:30 +0000] "GET /pull/lastGamesData/psn/mini_niv HTTP/1.1" 200 140027 "-" "axios/0.21.4"
::ffff:127.0.0.1 - - [25/Dec/2021:23:07:31 +0000] "GET /pull/lastGamesData/psn/mini_niv/1639085759000 HTTP/1.1" 200 163782 "-" "axios/0.21.4"
::ffff:127.0.0.1 - - [25/Dec/2021:23:07:33 +0000] "GET /pull/lastGamesData/psn/mini_niv/1635976074000 HTTP/1.1" 200 147350 "-" "axios/0.21.4"
::ffff:127.0.0.1 - - [25/Dec/2021:23:07:35 +0000] "GET /pull/lastGamesData/psn/mini_niv/1635805949000 HTTP/1.1" 200 144990 "-" "axios/0.21.4"
::ffff:127.0.0.1 - - [25/Dec/2021:23:07:36 +0000] "GET /pull/lastGamesData/psn/mini_niv/1635281492000 HTTP/1.1" 200 141495 "-" "axios/0.21.4"
::ffff:127.0.0.1 - - [25/Dec/2021:23:07:36 +0000] "GET /extract/lastGamesStats/psn/mini_niv/5 HTTP/1.1" 200 25321 "-" "axios/0.21.4"
::ffff:127.0.0.1 - - [25/Dec/2021:23:07:36 +0000] "GET /profile/username/mini_niv/platform/psn HTTP/1.1" 200 27045 "-" "axios/0.21.4"
::1 - - [25/Dec/2021:23:07:36 +0000] "POST /user/signup HTTP/1.1" 201 287 "-" "PostmanRuntime/7.28.4"
::ffff:127.0.0.1 - - [25/Dec/2021:23:09:39 +0000] "GET /pull/lifetimeData/psn/mini_niv HTTP/1.1" 200 21635 "-" "axios/0.21.4"
::ffff:127.0.0.1 - - [25/Dec/2021:23:09:39 +0000] "GET /extract/generalStats/psn/mini_niv HTTP/1.1" 200 1683 "-" "axios/0.21.4"
::ffff:127.0.0.1 - - [25/Dec/2021:23:09:39 +0000] "GET /pull/lastGamesData/psn/mini_niv HTTP/1.1" 200 140027 "-" "axios/0.21.4"
::ffff:127.0.0.1 - - [25/Dec/2021:23:09:40 +0000] "GET /pull/lastGamesData/psn/mini_niv/1639085759000 HTTP/1.1" 200 163782 "-" "axios/0.21.4"
::ffff:127.0.0.1 - - [25/Dec/2021:23:09:41 +0000] "GET /pull/lastGamesData/psn/mini_niv/1635976074000 HTTP/1.1" 200 147350 "-" "axios/0.21.4"
::ffff:127.0.0.1 - - [25/Dec/2021:23:09:43 +0000] "GET /pull/lastGamesData/psn/mini_niv/1635805949000 HTTP/1.1" 200 144990 "-" "axios/0.21.4"
::ffff:127.0.0.1 - - [25/Dec/2021:23:09:46 +0000] "GET /pull/lastGamesData/psn/mini_niv/1635281492000 HTTP/1.1" 200 141495 "-" "axios/0.21.4"
::ffff:127.0.0.1 - - [25/Dec/2021:23:09:46 +0000] "GET /extract/lastGamesStats/psn/mini_niv/5 HTTP/1.1" 200 25321 "-" "axios/0.21.4"
::ffff:127.0.0.1 - - [25/Dec/2021:23:09:47 +0000] "GET /profile/username/mini_niv/platform/psn HTTP/1.1" 200 27045 "-" "axios/0.21.4"
::1 - - [25/Dec/2021:23:09:47 +0000] "POST /user/signup HTTP/1.1" 201 287 "-" "PostmanRuntime/7.28.4"
::1 - - [25/Dec/2021:23:10:58 +0000] "POST /user/signup HTTP/1.1" 422 56 "-" "PostmanRuntime/7.28.4"
::1 - - [25/Dec/2021:23:11:09 +0000] "POST /user/signup HTTP/1.1" 201 287 "-" "PostmanRuntime/7.28.4"
::1 - - [25/Dec/2021:23:12:24 +0000] "POST /user/signup HTTP/1.1" 201 287 "-" "PostmanRuntime/7.28.4"
::ffff:127.0.0.1 - - [25/Dec/2021:23:13:46 +0000] "GET /pull/lifetimeData/psn/mini_niv HTTP/1.1" 200 21654 "-" "axios/0.21.4"
::ffff:127.0.0.1 - - [25/Dec/2021:23:13:46 +0000] "GET /extract/generalStats/psn/mini_niv HTTP/1.1" 200 1687 "-" "axios/0.21.4"
::ffff:127.0.0.1 - - [25/Dec/2021:23:13:50 +0000] "GET /pull/lastGamesData/psn/mini_niv HTTP/1.1" 200 140027 "-" "axios/0.21.4"
::ffff:127.0.0.1 - - [25/Dec/2021:23:13:55 +0000] "GET /pull/lastGamesData/psn/mini_niv/1639085759000 HTTP/1.1" 200 163782 "-" "axios/0.21.4"
::ffff:127.0.0.1 - - [25/Dec/2021:23:13:57 +0000] "GET /pull/lastGamesData/psn/mini_niv/1635976074000 HTTP/1.1" 200 147350 "-" "axios/0.21.4"
::ffff:127.0.0.1 - - [25/Dec/2021:23:13:59 +0000] "GET /pull/lastGamesData/psn/mini_niv/1635805949000 HTTP/1.1" 200 144990 "-" "axios/0.21.4"
::ffff:127.0.0.1 - - [25/Dec/2021:23:14:00 +0000] "GET /pull/lastGamesData/psn/mini_niv/1635281492000 HTTP/1.1" 200 141495 "-" "axios/0.21.4"
