::ffff:127.0.0.1 - - [30/Dec/2021:11:18:29 +0000] "GET /extract/generalStats/psn/mini_niva HTTP/1.1" 500 246 "-" "axios/0.21.4"
::1 - - [31/Dec/2021:14:37:10 +0000] "POST /user/signup HTTP/1.1" 201 303 "-" "PostmanRuntime/7.28.4"
::1 - - [31/Dec/2021:14:37:12 +0000] "POST /user/signup HTTP/1.1" 422 56 "-" "PostmanRuntime/7.28.4"
::1 - - [31/Dec/2021:15:34:39 +0000] "POST /user/signup HTTP/1.1" 422 56 "-" "PostmanRuntime/7.28.4"
::1 - - [31/Dec/2021:15:34:58 +0000] "POST /user/signup HTTP/1.1" 422 56 "-" "PostmanRuntime/7.28.4"
::1 - - [31/Dec/2021:16:47:32 +0000] "GET /profile/username/mini_niv/platform/psn HTTP/1.1" 200 - "-" "PostmanRuntime/7.28.4"
::ffff:127.0.0.1 - - [31/Dec/2021:17:20:26 +0000] "GET /pull/gameStats/16786187350052482478 HTTP/1.1" 200 1090305 "-" "axios/0.21.4"
::1 - - [31/Dec/2021:17:20:26 +0000] "GET /extract/gameStatsById/16786187350052482478 HTTP/1.1" 200 - "-" "PostmanRuntime/7.28.4"
::1 - - [02/Jan/2022:10:45:40 +0000] "GET /squad/test HTTP/1.1" 422 60 "-" "PostmanRuntime/7.28.4"
::ffff:127.0.0.1 - - [02/Jan/2022:10:47:36 +0000] "GET /pull/lifetimeData/psn/Mini_Niv HTTP/1.1" 200 19929 "-" "axios/0.21.4"
::ffff:127.0.0.1 - - [02/Jan/2022:10:47:36 +0000] "GET /pull/lifetimeData/psn/mp3il HTTP/1.1" 200 20783 "-" "axios/0.21.4"
::ffff:127.0.0.1 - - [02/Jan/2022:10:47:36 +0000] "GET /extract/generalStats/psn/Mini_Niv HTTP/1.1" 200 386 "-" "axios/0.21.4"
::ffff:127.0.0.1 - - [02/Jan/2022:10:47:36 +0000] "GET /extract/generalStats/psn/mp3il HTTP/1.1" 200 384 "-" "axios/0.21.4"
::ffff:127.0.0.1 - - [02/Jan/2022:10:47:36 +0000] "GET /pull/lastGamesData/psn/Mini_Niv HTTP/1.1" 200 140027 "-" "axios/0.21.4"
::ffff:127.0.0.1 - - [02/Jan/2022:10:47:37 +0000] "GET /pull/lastGamesData/psn/Mini_Niv/1639085759000 HTTP/1.1" 200 163782 "-" "axios/0.21.4"
::ffff:127.0.0.1 - - [02/Jan/2022:10:47:38 +0000] "GET /pull/lastGamesData/psn/mp3il HTTP/1.1" 200 132889 "-" "axios/0.21.4"
::ffff:127.0.0.1 - - [02/Jan/2022:10:47:38 +0000] "GET /pull/lastGamesData/psn/Mini_Niv/1635976074000 HTTP/1.1" 200 147350 "-" "axios/0.21.4"
::ffff:127.0.0.1 - - [02/Jan/2022:10:47:39 +0000] "GET /pull/lastGamesData/psn/Mini_Niv/1635805949000 HTTP/1.1" 200 144990 "-" "axios/0.21.4"
::ffff:127.0.0.1 - - [02/Jan/2022:10:47:41 +0000] "GET /pull/lastGamesData/psn/mp3il/1635885978000 HTTP/1.1" 200 121381 "-" "axios/0.21.4"
::ffff:127.0.0.1 - - [02/Jan/2022:10:47:41 +0000] "GET /pull/lastGamesData/psn/Mini_Niv/1635281492000 HTTP/1.1" 200 141495 "-" "axios/0.21.4"
::ffff:127.0.0.1 - - [02/Jan/2022:10:47:41 +0000] "GET /extract/lastGamesStats/psn/Mini_Niv/5 HTTP/1.1" 200 25321 "-" "axios/0.21.4"
::ffff:127.0.0.1 - - [02/Jan/2022:10:47:41 +0000] "GET /profile/username/Mini_Niv/platform/psn HTTP/1.1" 200 25748 "-" "axios/0.21.4"
::ffff:127.0.0.1 - - [02/Jan/2022:10:47:42 +0000] "GET /pull/lastGamesData/psn/mp3il/1634241606000 HTTP/1.1" 200 139443 "-" "axios/0.21.4"
::ffff:127.0.0.1 - - [02/Jan/2022:10:47:45 +0000] "GET /pull/lastGamesData/psn/mp3il/1633115592000 HTTP/1.1" 200 104813 "-" "axios/0.21.4"
::ffff:127.0.0.1 - - [02/Jan/2022:10:47:46 +0000] "GET /pull/lastGamesData/psn/mp3il/1632853385000 HTTP/1.1" 200 131783 "-" "axios/0.21.4"
::ffff:127.0.0.1 - - [02/Jan/2022:10:47:46 +0000] "GET /extract/lastGamesStats/psn/mp3il/5 HTTP/1.1" 200 24972 "-" "axios/0.21.4"
::ffff:127.0.0.1 - - [02/Jan/2022:10:47:46 +0000] "GET /profile/username/mp3il/platform/psn HTTP/1.1" 200 25397 "-" "axios/0.21.4"
::1 - - [02/Jan/2022:10:47:46 +0000] "GET /squad/test HTTP/1.1" 500 12 "-" "PostmanRuntime/7.28.4"
::ffff:127.0.0.1 - - [02/Jan/2022:10:49:13 +0000] "GET /profile/username/mp3il/platform/psn HTTP/1.1" 200 25397 "-" "axios/0.21.4"
::ffff:127.0.0.1 - - [02/Jan/2022:10:49:13 +0000] "GET /profile/username/Mini_Niv/platform/psn HTTP/1.1" 200 25748 "-" "axios/0.21.4"
::1 - - [02/Jan/2022:10:49:13 +0000] "GET /squad/test HTTP/1.1" 200 2 "-" "PostmanRuntime/7.28.4"
::ffff:127.0.0.1 - - [02/Jan/2022:10:49:33 +0000] "GET /profile/username/Mini_Niv/platform/psn HTTP/1.1" 200 25748 "-" "axios/0.21.4"
::ffff:127.0.0.1 - - [02/Jan/2022:10:49:33 +0000] "GET /profile/username/mp3il/platform/psn HTTP/1.1" 200 25397 "-" "axios/0.21.4"
::1 - - [02/Jan/2022:10:49:33 +0000] "GET /squad/test HTTP/1.1" 200 2 "-" "PostmanRuntime/7.28.4"
::ffff:127.0.0.1 - - [02/Jan/2022:10:50:19 +0000] "GET /profile/username/Mini_Niv/platform/psn HTTP/1.1" 200 25748 "-" "axios/0.21.4"
::ffff:127.0.0.1 - - [02/Jan/2022:10:50:20 +0000] "GET /pull/lifetimeData/psn/Mp3il HTTP/1.1" 200 20783 "-" "axios/0.21.4"
::ffff:127.0.0.1 - - [02/Jan/2022:10:50:20 +0000] "GET /extract/generalStats/psn/Mp3il HTTP/1.1" 200 384 "-" "axios/0.21.4"
::ffff:127.0.0.1 - - [02/Jan/2022:10:50:25 +0000] "GET /pull/lastGamesData/psn/Mp3il HTTP/1.1" 200 132889 "-" "axios/0.21.4"
::ffff:127.0.0.1 - - [02/Jan/2022:10:50:27 +0000] "GET /pull/lastGamesData/psn/Mp3il/1635885978000 HTTP/1.1" 200 121381 "-" "axios/0.21.4"
::ffff:127.0.0.1 - - [02/Jan/2022:10:50:28 +0000] "GET /pull/lastGamesData/psn/Mp3il/1634241606000 HTTP/1.1" 200 139443 "-" "axios/0.21.4"
::ffff:127.0.0.1 - - [02/Jan/2022:10:50:31 +0000] "GET /pull/lastGamesData/psn/Mp3il/1633115592000 HTTP/1.1" 200 104813 "-" "axios/0.21.4"
::ffff:127.0.0.1 - - [02/Jan/2022:10:50:32 +0000] "GET /pull/lastGamesData/psn/Mp3il/1632853385000 HTTP/1.1" 200 131783 "-" "axios/0.21.4"
::ffff:127.0.0.1 - - [02/Jan/2022:10:50:32 +0000] "GET /extract/lastGamesStats/psn/Mp3il/5 HTTP/1.1" 200 24972 "-" "axios/0.21.4"
::ffff:127.0.0.1 - - [02/Jan/2022:10:50:32 +0000] "GET /profile/username/Mp3il/platform/psn HTTP/1.1" 200 25397 "-" "axios/0.21.4"
::1 - - [02/Jan/2022:10:50:32 +0000] "GET /squad/test HTTP/1.1" 200 2 "-" "PostmanRuntime/7.28.4"
::ffff:127.0.0.1 - - [02/Jan/2022:10:52:08 +0000] "GET /profile/username/Mini_Niv/platform/psn HTTP/1.1" 200 27049 "-" "axios/0.21.4"
::ffff:127.0.0.1 - - [02/Jan/2022:10:52:08 +0000] "GET /profile/username/Mp3Il/platform/psn HTTP/1.1" 200 25397 "-" "axios/0.21.4"
::1 - - [02/Jan/2022:10:52:08 +0000] "GET /squad/test HTTP/1.1" 200 2 "-" "PostmanRuntime/7.28.4"
::ffff:127.0.0.1 - - [02/Jan/2022:10:53:18 +0000] "GET /profile/username/Mini_Niv/platform/psn HTTP/1.1" 200 27049 "-" "axios/0.21.4"
::ffff:127.0.0.1 - - [02/Jan/2022:10:53:20 +0000] "GET /pull/lifetimeData/psn/mp3il HTTP/1.1" 200 20783 "-" "axios/0.21.4"
::ffff:127.0.0.1 - - [02/Jan/2022:10:53:20 +0000] "GET /extract/generalStats/psn/mp3il HTTP/1.1" 200 384 "-" "axios/0.21.4"
::ffff:127.0.0.1 - - [02/Jan/2022:10:53:20 +0000] "GET /pull/lastGamesData/psn/mp3il HTTP/1.1" 200 132889 "-" "axios/0.21.4"
::ffff:127.0.0.1 - - [02/Jan/2022:10:53:21 +0000] "GET /pull/lastGamesData/psn/mp3il/1635885978000 HTTP/1.1" 200 121381 "-" "axios/0.21.4"
::ffff:127.0.0.1 - - [02/Jan/2022:10:53:25 +0000] "GET /pull/lastGamesData/psn/mp3il/1634241606000 HTTP/1.1" 200 139443 "-" "axios/0.21.4"
::ffff:127.0.0.1 - - [02/Jan/2022:10:53:28 +0000] "GET /pull/lastGamesData/psn/mp3il/1633115592000 HTTP/1.1" 200 104813 "-" "axios/0.21.4"
::ffff:127.0.0.1 - - [02/Jan/2022:10:53:29 +0000] "GET /pull/lastGamesData/psn/mp3il/1632853385000 HTTP/1.1" 200 131783 "-" "axios/0.21.4"
::ffff:127.0.0.1 - - [02/Jan/2022:10:53:29 +0000] "GET /extract/lastGamesStats/psn/mp3il/5 HTTP/1.1" 200 24972 "-" "axios/0.21.4"
::ffff:127.0.0.1 - - [02/Jan/2022:10:53:29 +0000] "GET /profile/username/Mp3Il/platform/psn HTTP/1.1" 200 25397 "-" "axios/0.21.4"
::1 - - [02/Jan/2022:10:53:29 +0000] "GET /squad/test HTTP/1.1" 200 2 "-" "PostmanRuntime/7.28.4"
::ffff:127.0.0.1 - - [02/Jan/2022:10:54:02 +0000] "GET /profile/username/Mp3Il/platform/psn HTTP/1.1" 200 25397 "-" "axios/0.21.4"
::ffff:127.0.0.1 - - [02/Jan/2022:10:54:02 +0000] "GET /profile/username/Mini_Niv/platform/psn HTTP/1.1" 200 27049 "-" "axios/0.21.4"
::1 - - [02/Jan/2022:10:54:02 +0000] "GET /squad/test HTTP/1.1" 200 2 "-" "PostmanRuntime/7.28.4"
::ffff:127.0.0.1 - - [02/Jan/2022:10:54:14 +0000] "GET /profile/username/Mini_Niv/platform/psn HTTP/1.1" 200 27049 "-" "axios/0.21.4"
::ffff:127.0.0.1 - - [02/Jan/2022:10:54:14 +0000] "GET /profile/username/Mp3Il/platform/psn HTTP/1.1" 200 25397 "-" "axios/0.21.4"
::1 - - [02/Jan/2022:10:54:14 +0000] "GET /squad/test HTTP/1.1" 200 2 "-" "PostmanRuntime/7.28.4"
::1 - - [02/Jan/2022:10:55:33 +0000] "POST /user/signup HTTP/1.1" 422 56 "-" "PostmanRuntime/7.28.4"
::1 - - [02/Jan/2022:10:55:39 +0000] "POST /user/signup HTTP/1.1" 422 56 "-" "PostmanRuntime/7.28.4"
::ffff:127.0.0.1 - - [02/Jan/2022:10:58:25 +0000] "GET /profile/username/Mini_Niv/platform/psn HTTP/1.1" 200 27049 "-" "axios/0.21.4"
::ffff:127.0.0.1 - - [02/Jan/2022:10:58:25 +0000] "GET /profile/username/Mp3Il/platform/psn HTTP/1.1" 200 25397 "-" "axios/0.21.4"
::1 - - [02/Jan/2022:10:58:25 +0000] "GET /squad/test HTTP/1.1" 500 12 "-" "PostmanRuntime/7.28.4"
::ffff:127.0.0.1 - - [02/Jan/2022:10:59:03 +0000] "GET /profile/username/Mini_Niv/platform/psn HTTP/1.1" 200 27049 "-" "axios/0.21.4"
::ffff:127.0.0.1 - - [02/Jan/2022:10:59:03 +0000] "GET /profile/username/Mp3Il/platform/psn HTTP/1.1" 200 25397 "-" "axios/0.21.4"
::1 - - [02/Jan/2022:10:59:03 +0000] "GET /squad/test HTTP/1.1" 200 2 "-" "PostmanRuntime/7.28.4"
::ffff:127.0.0.1 - - [02/Jan/2022:10:59:31 +0000] "GET /profile/username/Mp3Il/platform/psn HTTP/1.1" 200 25397 "-" "axios/0.21.4"
::ffff:127.0.0.1 - - [02/Jan/2022:10:59:31 +0000] "GET /profile/username/Mini_Niv/platform/psn HTTP/1.1" 200 27049 "-" "axios/0.21.4"
::1 - - [02/Jan/2022:10:59:31 +0000] "GET /squad/test HTTP/1.1" 200 66 "-" "PostmanRuntime/7.28.4"
::ffff:127.0.0.1 - - [02/Jan/2022:11:00:01 +0000] "GET /pull/lifetimeData/psn/mini_niv HTTP/1.1" 200 19929 "-" "axios/0.21.4"
::ffff:127.0.0.1 - - [02/Jan/2022:11:00:01 +0000] "GET /extract/generalStats/psn/mini_niv HTTP/1.1" 200 386 "-" "axios/0.21.4"
::ffff:127.0.0.1 - - [02/Jan/2022:11:00:01 +0000] "GET /pull/lifetimeData/battle/legendary117%232249 HTTP/1.1" 200 24598 "-" "axios/0.21.4"
::ffff:127.0.0.1 - - [02/Jan/2022:11:00:01 +0000] "GET /extract/generalStats/battle/legendary117%25232249 HTTP/1.1" 200 3113 "-" "axios/0.21.4"
::ffff:127.0.0.1 - - [02/Jan/2022:11:00:02 +0000] "GET /pull/lastGamesData/psn/mini_niv HTTP/1.1" 200 140027 "-" "axios/0.21.4"
::ffff:127.0.0.1 - - [02/Jan/2022:11:00:02 +0000] "GET /pull/lastGamesData/battle/legendary117%232249 HTTP/1.1" 200 143931 "-" "axios/0.21.4"
::ffff:127.0.0.1 - - [02/Jan/2022:11:00:02 +0000] "GET /extract/lastGamesStats/psn/mini_niv HTTP/1.1" 200 5652 "-" "axios/0.21.4"
::ffff:127.0.0.1 - - [02/Jan/2022:11:00:02 +0000] "GET /extract/lastGamesStats/battle/legendary117%25232249 HTTP/1.1" 200 5609 "-" "axios/0.21.4"
::ffff:127.0.0.1 - - [02/Jan/2022:11:00:45 +0000] "GET /profile/username/Mini_Niv/platform/psn HTTP/1.1" 200 27049 "-" "axios/0.21.4"
::ffff:127.0.0.1 - - [02/Jan/2022:11:00:45 +0000] "GET /profile/username/Mp3Il/platform/psn HTTP/1.1" 200 25397 "-" "axios/0.21.4"
::1 - - [02/Jan/2022:11:00:45 +0000] "GET /squad/test HTTP/1.1" 500 12 "-" "PostmanRuntime/7.28.4"
::ffff:127.0.0.1 - - [02/Jan/2022:11:01:44 +0000] "GET /profile/username/Mini_Niv/platform/psn HTTP/1.1" 200 27049 "-" "axios/0.21.4"
::ffff:127.0.0.1 - - [02/Jan/2022:11:01:44 +0000] "GET /profile/username/Mp3Il/platform/psn HTTP/1.1" 200 25397 "-" "axios/0.21.4"
::1 - - [02/Jan/2022:11:01:44 +0000] "GET /squad/test HTTP/1.1" 200 66 "-" "PostmanRuntime/7.28.4"
::ffff:127.0.0.1 - - [02/Jan/2022:11:02:13 +0000] "GET /profile/username/Mini_Niv/platform/psn HTTP/1.1" 200 27049 "-" "axios/0.21.4"
::ffff:127.0.0.1 - - [02/Jan/2022:11:02:13 +0000] "GET /profile/username/Mp3Il/platform/psn HTTP/1.1" 200 25397 "-" "axios/0.21.4"
::1 - - [02/Jan/2022:11:02:13 +0000] "GET /squad/test HTTP/1.1" 200 66 "-" "PostmanRuntime/7.28.4"
::ffff:127.0.0.1 - - [02/Jan/2022:11:02:26 +0000] "GET /profile/username/Mp3Il/platform/psn HTTP/1.1" 200 25397 "-" "axios/0.21.4"
::ffff:127.0.0.1 - - [02/Jan/2022:11:02:26 +0000] "GET /profile/username/Mini_Niv/platform/psn HTTP/1.1" 200 27049 "-" "axios/0.21.4"
::1 - - [02/Jan/2022:11:02:26 +0000] "GET /squad/test HTTP/1.1" 200 66 "-" "PostmanRuntime/7.28.4"
::ffff:127.0.0.1 - - [02/Jan/2022:11:19:13 +0000] "GET /profile/username/Mp3Il/platform/psn HTTP/1.1" 200 25397 "-" "axios/0.21.4"
::ffff:127.0.0.1 - - [02/Jan/2022:11:19:13 +0000] "GET /profile/username/Mini_Niv/platform/psn HTTP/1.1" 200 27049 "-" "axios/0.21.4"
::1 - - [02/Jan/2022:11:19:13 +0000] "GET /squad/test HTTP/1.1" 200 66 "-" "PostmanRuntime/7.28.4"
::ffff:127.0.0.1 - - [02/Jan/2022:11:19:31 +0000] "GET /profile/username/Mp3Il/platform/psn HTTP/1.1" 200 25397 "-" "axios/0.21.4"
::ffff:127.0.0.1 - - [02/Jan/2022:11:19:31 +0000] "GET /profile/username/Mini_Niv/platform/psn HTTP/1.1" 200 27049 "-" "axios/0.21.4"
::1 - - [02/Jan/2022:11:19:31 +0000] "GET /squad/test HTTP/1.1" 200 66 "-" "PostmanRuntime/7.28.4"
::ffff:127.0.0.1 - - [02/Jan/2022:11:19:46 +0000] "GET /profile/username/Mp3Il/platform/psn HTTP/1.1" 200 25397 "-" "axios/0.21.4"
::ffff:127.0.0.1 - - [02/Jan/2022:11:19:46 +0000] "GET /profile/username/Mini_Niv/platform/psn HTTP/1.1" 200 27049 "-" "axios/0.21.4"
::1 - - [02/Jan/2022:11:19:47 +0000] "GET /squad/test HTTP/1.1" 200 66 "-" "PostmanRuntime/7.28.4"
::ffff:127.0.0.1 - - [02/Jan/2022:11:26:01 +0000] "GET /profile/username/Mini_Niv/platform/psn HTTP/1.1" 200 27049 "-" "axios/0.21.4"
::ffff:127.0.0.1 - - [02/Jan/2022:11:26:01 +0000] "GET /profile/username/Mp3Il/platform/psn HTTP/1.1" 200 25397 "-" "axios/0.21.4"
::1 - - [02/Jan/2022:11:26:01 +0000] "GET /squad/test HTTP/1.1" 200 66 "-" "PostmanRuntime/7.28.4"
::ffff:127.0.0.1 - - [02/Jan/2022:11:26:02 +0000] "GET /profile/username/Mp3Il/platform/psn HTTP/1.1" 200 25397 "-" "axios/0.21.4"
::ffff:127.0.0.1 - - [02/Jan/2022:11:26:02 +0000] "GET /profile/username/Mini_Niv/platform/psn HTTP/1.1" 200 27049 "-" "axios/0.21.4"
::1 - - [02/Jan/2022:11:26:02 +0000] "GET /squad/test HTTP/1.1" 200 66 "-" "PostmanRuntime/7.28.4"
::ffff:127.0.0.1 - - [02/Jan/2022:11:27:32 +0000] "GET /profile/username/Mp3Il/platform/psn HTTP/1.1" 200 25397 "-" "axios/0.21.4"
::ffff:127.0.0.1 - - [02/Jan/2022:11:27:32 +0000] "GET /profile/username/Mini_Niv/platform/psn HTTP/1.1" 200 27049 "-" "axios/0.21.4"
::1 - - [02/Jan/2022:11:27:32 +0000] "GET /squad/test HTTP/1.1" 200 66 "-" "PostmanRuntime/7.28.4"
::ffff:127.0.0.1 - - [02/Jan/2022:11:28:06 +0000] "GET /profile/username/Mp3Il/platform/psn HTTP/1.1" 200 25397 "-" "axios/0.21.4"
::ffff:127.0.0.1 - - [02/Jan/2022:11:28:06 +0000] "GET /profile/username/Mini_Niv/platform/psn HTTP/1.1" 200 27049 "-" "axios/0.21.4"
::1 - - [02/Jan/2022:11:28:06 +0000] "GET /squad/test HTTP/1.1" 200 66 "-" "PostmanRuntime/7.28.4"
::ffff:127.0.0.1 - - [02/Jan/2022:11:30:01 +0000] "GET /pull/lifetimeData/psn/mp3il HTTP/1.1" 200 20783 "-" "axios/0.21.4"
::ffff:127.0.0.1 - - [02/Jan/2022:11:30:01 +0000] "GET /extract/generalStats/psn/mp3il HTTP/1.1" 200 384 "-" "axios/0.21.4"
::ffff:127.0.0.1 - - [02/Jan/2022:11:30:01 +0000] "GET /pull/lifetimeData/psn/mini_niv HTTP/1.1" 200 19929 "-" "axios/0.21.4"
::ffff:127.0.0.1 - - [02/Jan/2022:11:30:01 +0000] "GET /extract/generalStats/psn/mini_niv HTTP/1.1" 200 386 "-" "axios/0.21.4"
::ffff:127.0.0.1 - - [02/Jan/2022:11:30:02 +0000] "GET /pull/lifetimeData/battle/legendary117%232249 HTTP/1.1" 200 24598 "-" "axios/0.21.4"
::ffff:127.0.0.1 - - [02/Jan/2022:11:30:02 +0000] "GET /extract/generalStats/battle/legendary117%25232249 HTTP/1.1" 200 3113 "-" "axios/0.21.4"
::ffff:127.0.0.1 - - [02/Jan/2022:11:30:02 +0000] "GET /pull/lastGamesData/battle/legendary117%232249 HTTP/1.1" 200 143931 "-" "axios/0.21.4"
::ffff:127.0.0.1 - - [02/Jan/2022:11:30:02 +0000] "GET /extract/lastGamesStats/battle/legendary117%25232249 HTTP/1.1" 200 5609 "-" "axios/0.21.4"
::ffff:127.0.0.1 - - [02/Jan/2022:11:30:02 +0000] "GET /pull/lastGamesData/psn/mini_niv HTTP/1.1" 200 140027 "-" "axios/0.21.4"
::ffff:127.0.0.1 - - [02/Jan/2022:11:30:02 +0000] "GET /extract/lastGamesStats/psn/mini_niv HTTP/1.1" 200 5652 "-" "axios/0.21.4"
::ffff:127.0.0.1 - - [02/Jan/2022:11:30:02 +0000] "GET /pull/lastGamesData/psn/mp3il HTTP/1.1" 200 132889 "-" "axios/0.21.4"
::ffff:127.0.0.1 - - [02/Jan/2022:11:30:02 +0000] "GET /extract/lastGamesStats/psn/mp3il HTTP/1.1" 200 5524 "-" "axios/0.21.4"
::ffff:127.0.0.1 - - [02/Jan/2022:11:30:25 +0000] "GET /profile/username/Mp3Il/platform/psn HTTP/1.1" 200 25397 "-" "axios/0.21.4"
::ffff:127.0.0.1 - - [02/Jan/2022:11:30:25 +0000] "GET /profile/username/Mini_Niv/platform/psn HTTP/1.1" 200 27049 "-" "axios/0.21.4"
::1 - - [02/Jan/2022:11:30:25 +0000] "GET /squad/test HTTP/1.1" 200 66 "-" "PostmanRuntime/7.28.4"
::ffff:127.0.0.1 - - [02/Jan/2022:11:34:50 +0000] "GET /profile/username/Mini_Niv/platform/psn HTTP/1.1" 200 27049 "-" "axios/0.21.4"
::ffff:127.0.0.1 - - [02/Jan/2022:11:34:50 +0000] "GET /profile/username/Mp3Il/platform/psn HTTP/1.1" 200 25397 "-" "axios/0.21.4"
::1 - - [02/Jan/2022:11:34:50 +0000] "GET /squad/test HTTP/1.1" 200 66 "-" "PostmanRuntime/7.28.4"
::ffff:127.0.0.1 - - [02/Jan/2022:11:38:28 +0000] "GET /profile/username/Mini_Niv/platform/psn HTTP/1.1" 200 27049 "-" "axios/0.21.4"
::ffff:127.0.0.1 - - [02/Jan/2022:11:38:28 +0000] "GET /profile/username/Mp3Il/platform/psn HTTP/1.1" 200 25397 "-" "axios/0.21.4"
::1 - - [02/Jan/2022:11:38:28 +0000] "GET /squad/test HTTP/1.1" 200 66 "-" "PostmanRuntime/7.28.4"
::ffff:127.0.0.1 - - [02/Jan/2022:11:39:40 +0000] "GET /profile/username/Mini_Niv/platform/psn HTTP/1.1" 200 27049 "-" "axios/0.21.4"
::ffff:127.0.0.1 - - [02/Jan/2022:11:39:40 +0000] "GET /profile/username/Mp3Il/platform/psn HTTP/1.1" 200 25397 "-" "axios/0.21.4"
::1 - - [02/Jan/2022:11:39:40 +0000] "GET /squad/test HTTP/1.1" 200 66 "-" "PostmanRuntime/7.28.4"
::ffff:127.0.0.1 - - [02/Jan/2022:11:39:53 +0000] "GET /profile/username/Mini_Niv/platform/psn HTTP/1.1" 200 27049 "-" "axios/0.21.4"
::ffff:127.0.0.1 - - [02/Jan/2022:11:39:53 +0000] "GET /profile/username/Mp3Il/platform/psn HTTP/1.1" 200 25397 "-" "axios/0.21.4"
::1 - - [02/Jan/2022:11:39:53 +0000] "GET /squad/test HTTP/1.1" 200 66 "-" "PostmanRuntime/7.28.4"
::ffff:127.0.0.1 - - [02/Jan/2022:11:42:00 +0000] "GET /profile/username/Mini_Niv/platform/psn HTTP/1.1" 200 27049 "-" "axios/0.21.4"
::ffff:127.0.0.1 - - [02/Jan/2022:11:42:00 +0000] "GET /profile/username/Mp3Il/platform/psn HTTP/1.1" 200 25397 "-" "axios/0.21.4"
::1 - - [02/Jan/2022:11:42:00 +0000] "GET /squad/test HTTP/1.1" 200 66 "-" "PostmanRuntime/7.28.4"
::ffff:127.0.0.1 - - [02/Jan/2022:11:45:01 +0000] "GET /pull/lifetimeData/battle/legendary117%232249 HTTP/1.1" 200 24598 "-" "axios/0.21.4"
::ffff:127.0.0.1 - - [02/Jan/2022:11:45:01 +0000] "GET /extract/generalStats/battle/legendary117%25232249 HTTP/1.1" 200 3113 "-" "axios/0.21.4"
::ffff:127.0.0.1 - - [02/Jan/2022:11:45:01 +0000] "GET /pull/lifetimeData/psn/mp3il HTTP/1.1" 200 20783 "-" "axios/0.21.4"
::ffff:127.0.0.1 - - [02/Jan/2022:11:45:01 +0000] "GET /extract/generalStats/psn/mp3il HTTP/1.1" 200 384 "-" "axios/0.21.4"
::ffff:127.0.0.1 - - [02/Jan/2022:11:45:01 +0000] "GET /pull/lifetimeData/psn/mini_niv HTTP/1.1" 200 19929 "-" "axios/0.21.4"
::ffff:127.0.0.1 - - [02/Jan/2022:11:45:01 +0000] "GET /extract/generalStats/psn/mini_niv HTTP/1.1" 200 386 "-" "axios/0.21.4"
::ffff:127.0.0.1 - - [02/Jan/2022:11:45:02 +0000] "GET /pull/lastGamesData/battle/legendary117%232249 HTTP/1.1" 200 143931 "-" "axios/0.21.4"
::ffff:127.0.0.1 - - [02/Jan/2022:11:45:02 +0000] "GET /extract/lastGamesStats/battle/legendary117%25232249 HTTP/1.1" 200 5609 "-" "axios/0.21.4"
::ffff:127.0.0.1 - - [02/Jan/2022:11:45:02 +0000] "GET /pull/lastGamesData/psn/mp3il HTTP/1.1" 200 132889 "-" "axios/0.21.4"
::ffff:127.0.0.1 - - [02/Jan/2022:11:45:02 +0000] "GET /pull/lastGamesData/psn/mini_niv HTTP/1.1" 200 140027 "-" "axios/0.21.4"
::ffff:127.0.0.1 - - [02/Jan/2022:11:45:02 +0000] "GET /extract/lastGamesStats/psn/mp3il HTTP/1.1" 200 5524 "-" "axios/0.21.4"
::ffff:127.0.0.1 - - [02/Jan/2022:11:45:02 +0000] "GET /extract/lastGamesStats/psn/mini_niv HTTP/1.1" 200 5652 "-" "axios/0.21.4"
::ffff:127.0.0.1 - - [02/Jan/2022:11:45:04 +0000] "GET /profile/username/Mp3Il/platform/psn HTTP/1.1" 200 25397 "-" "axios/0.21.4"
::ffff:127.0.0.1 - - [02/Jan/2022:11:45:04 +0000] "GET /profile/username/Mini_Niv/platform/psn HTTP/1.1" 200 27049 "-" "axios/0.21.4"
::1 - - [02/Jan/2022:11:45:04 +0000] "GET /squad/test HTTP/1.1" 200 66 "-" "PostmanRuntime/7.28.4"
::1 - - [02/Jan/2022:11:51:57 +0000] "GET /squad/test HTTP/1.1" 500 - "-" "PostmanRuntime/7.28.4"
::ffff:127.0.0.1 - - [02/Jan/2022:12:22:10 +0000] "GET /profile/username/Mini_Niv/platform/psn HTTP/1.1" 200 27049 "-" "axios/0.21.4"
::ffff:127.0.0.1 - - [02/Jan/2022:12:22:10 +0000] "GET /profile/username/Mp3Il/platform/psn HTTP/1.1" 200 25397 "-" "axios/0.21.4"
::1 - - [02/Jan/2022:12:22:51 +0000] "GET /squad/test HTTP/1.1" 200 66 "-" "PostmanRuntime/7.28.4"
::ffff:127.0.0.1 - - [02/Jan/2022:12:23:01 +0000] "GET /profile/username/Mini_Niv/platform/psn HTTP/1.1" 200 27049 "-" "axios/0.21.4"
::ffff:127.0.0.1 - - [02/Jan/2022:12:23:01 +0000] "GET /profile/username/Mp3Il/platform/psn HTTP/1.1" 200 25397 "-" "axios/0.21.4"
::1 - - [02/Jan/2022:12:23:01 +0000] "GET /squad/test HTTP/1.1" 200 66 "-" "PostmanRuntime/7.28.4"
::ffff:127.0.0.1 - - [02/Jan/2022:12:23:02 +0000] "GET /profile/username/Mp3Il/platform/psn HTTP/1.1" 200 25397 "-" "axios/0.21.4"
::ffff:127.0.0.1 - - [02/Jan/2022:12:23:02 +0000] "GET /profile/username/Mini_Niv/platform/psn HTTP/1.1" 200 27049 "-" "axios/0.21.4"
::1 - - [02/Jan/2022:12:23:02 +0000] "GET /squad/test HTTP/1.1" 200 66 "-" "PostmanRuntime/7.28.4"
::ffff:127.0.0.1 - - [02/Jan/2022:12:23:40 +0000] "GET /profile/username/Mini_Niv/platform/psn HTTP/1.1" 200 27049 "-" "axios/0.21.4"
::ffff:127.0.0.1 - - [02/Jan/2022:12:23:40 +0000] "GET /profile/username/Mp3Il/platform/psn HTTP/1.1" 200 25397 "-" "axios/0.21.4"
::1 - - [02/Jan/2022:12:24:04 +0000] "GET /squad/test HTTP/1.1" 200 66 "-" "PostmanRuntime/7.28.4"
::ffff:127.0.0.1 - - [02/Jan/2022:12:24:07 +0000] "GET /profile/username/Mini_Niv/platform/psn HTTP/1.1" 200 27049 "-" "axios/0.21.4"
::ffff:127.0.0.1 - - [02/Jan/2022:12:24:07 +0000] "GET /profile/username/Mp3Il/platform/psn HTTP/1.1" 200 25397 "-" "axios/0.21.4"
::ffff:127.0.0.1 - - [02/Jan/2022:12:27:04 +0000] "GET /profile/username/Mp3Il/platform/psn HTTP/1.1" 200 25397 "-" "axios/0.21.4"
::ffff:127.0.0.1 - - [02/Jan/2022:12:27:05 +0000] "GET /pull/lifetimeData/psn/mini_niva HTTP/1.1" 500 62 "-" "axios/0.21.4"
::ffff:127.0.0.1 - - [02/Jan/2022:12:27:05 +0000] "GET /extract/generalStats/psn/mini_niva HTTP/1.1" 500 246 "-" "axios/0.21.4"
::ffff:127.0.0.1 - - [02/Jan/2022:12:27:05 +0000] "GET /profile/username/Mini_Niva/platform/psn HTTP/1.1" 500 219 "-" "axios/0.21.4"
::1 - - [02/Jan/2022:12:27:05 +0000] "GET /squad/test HTTP/1.1" 500 - "-" "PostmanRuntime/7.28.4"
::ffff:127.0.0.1 - - [02/Jan/2022:12:27:06 +0000] "GET /pull/lastGamesData/psn/mini_niva HTTP/1.1" 500 62 "-" "axios/0.21.4"
::ffff:127.0.0.1 - - [02/Jan/2022:12:27:06 +0000] "GET /extract/lastGamesStats/psn/mini_niva/5 HTTP/1.1" 500 240 "-" "axios/0.21.4"
::ffff:127.0.0.1 - - [02/Jan/2022:12:27:15 +0000] "GET /profile/username/Mini_Niv/platform/psn HTTP/1.1" 200 27049 "-" "axios/0.21.4"
::ffff:127.0.0.1 - - [02/Jan/2022:12:27:15 +0000] "GET /profile/username/Mp3Il/platform/psn HTTP/1.1" 200 25397 "-" "axios/0.21.4"
::1 - - [02/Jan/2022:12:27:15 +0000] "GET /squad/test HTTP/1.1" 500 12 "-" "PostmanRuntime/7.28.4"
::ffff:127.0.0.1 - - [02/Jan/2022:12:28:05 +0000] "GET /profile/username/Mini_Niv/platform/psn HTTP/1.1" 200 27049 "-" "axios/0.21.4"
::ffff:127.0.0.1 - - [02/Jan/2022:12:28:05 +0000] "GET /profile/username/Mp3Il/platform/psn HTTP/1.1" 200 25397 "-" "axios/0.21.4"
::1 - - [02/Jan/2022:12:28:29 +0000] "GET /squad/test HTTP/1.1" 200 - "-" "PostmanRuntime/7.28.4"
::ffff:127.0.0.1 - - [02/Jan/2022:12:29:00 +0000] "GET /profile/username/Mp3Il/platform/psn HTTP/1.1" 200 25397 "-" "axios/0.21.4"
::ffff:127.0.0.1 - - [02/Jan/2022:12:29:00 +0000] "GET /profile/username/Mini_Niv/platform/psn HTTP/1.1" 200 27049 "-" "axios/0.21.4"
::1 - - [02/Jan/2022:12:29:00 +0000] "GET /squad/test HTTP/1.1" 200 - "-" "PostmanRuntime/7.28.4"
::ffff:127.0.0.1 - - [02/Jan/2022:12:30:02 +0000] "GET /pull/lifetimeData/psn/mini_niv HTTP/1.1" 200 19929 "-" "axios/0.21.4"
::ffff:127.0.0.1 - - [02/Jan/2022:12:30:02 +0000] "GET /extract/generalStats/psn/mini_niv HTTP/1.1" 200 386 "-" "axios/0.21.4"
::ffff:127.0.0.1 - - [02/Jan/2022:12:30:02 +0000] "GET /pull/lifetimeData/battle/legendary117%232249 HTTP/1.1" 200 24598 "-" "axios/0.21.4"
::ffff:127.0.0.1 - - [02/Jan/2022:12:30:02 +0000] "GET /extract/generalStats/battle/legendary117%25232249 HTTP/1.1" 200 3113 "-" "axios/0.21.4"
::ffff:127.0.0.1 - - [02/Jan/2022:12:30:02 +0000] "GET /pull/lastGamesData/battle/legendary117%232249 HTTP/1.1" 200 143931 "-" "axios/0.21.4"
::ffff:127.0.0.1 - - [02/Jan/2022:12:30:02 +0000] "GET /extract/lastGamesStats/battle/legendary117%25232249 HTTP/1.1" 200 5609 "-" "axios/0.21.4"
::ffff:127.0.0.1 - - [02/Jan/2022:12:30:02 +0000] "GET /pull/lastGamesData/psn/mini_niv HTTP/1.1" 200 140027 "-" "axios/0.21.4"
::ffff:127.0.0.1 - - [02/Jan/2022:12:30:02 +0000] "GET /extract/lastGamesStats/psn/mini_niv HTTP/1.1" 200 5652 "-" "axios/0.21.4"
::ffff:127.0.0.1 - - [02/Jan/2022:12:30:02 +0000] "GET /pull/lifetimeData/psn/mp3il HTTP/1.1" 200 20783 "-" "axios/0.21.4"
::ffff:127.0.0.1 - - [02/Jan/2022:12:30:02 +0000] "GET /extract/generalStats/psn/mp3il HTTP/1.1" 200 384 "-" "axios/0.21.4"
::ffff:127.0.0.1 - - [02/Jan/2022:12:30:06 +0000] "GET /pull/lastGamesData/psn/mp3il HTTP/1.1" 200 132889 "-" "axios/0.21.4"
::ffff:127.0.0.1 - - [02/Jan/2022:12:30:06 +0000] "GET /extract/lastGamesStats/psn/mp3il HTTP/1.1" 200 5524 "-" "axios/0.21.4"
::ffff:127.0.0.1 - - [02/Jan/2022:12:32:49 +0000] "GET /profile/username/Mp3Il/platform/psn HTTP/1.1" 200 25397 "-" "axios/0.21.4"
::ffff:127.0.0.1 - - [02/Jan/2022:12:32:50 +0000] "GET /pull/lifetimeData/psn/minbi_niv HTTP/1.1" 500 62 "-" "axios/0.21.4"
::ffff:127.0.0.1 - - [02/Jan/2022:12:32:50 +0000] "GET /extract/generalStats/psn/minbi_niv HTTP/1.1" 500 246 "-" "axios/0.21.4"
::ffff:127.0.0.1 - - [02/Jan/2022:12:32:50 +0000] "GET /profile/username/Minbi_Niv/platform/psn HTTP/1.1" 500 219 "-" "axios/0.21.4"
::1 - - [02/Jan/2022:12:32:50 +0000] "GET /squad/test HTTP/1.1" 500 - "-" "PostmanRuntime/7.28.4"
::ffff:127.0.0.1 - - [02/Jan/2022:12:32:50 +0000] "GET /pull/lastGamesData/psn/minbi_niv HTTP/1.1" 500 62 "-" "axios/0.21.4"
::ffff:127.0.0.1 - - [02/Jan/2022:12:32:50 +0000] "GET /extract/lastGamesStats/psn/minbi_niv/5 HTTP/1.1" 500 240 "-" "axios/0.21.4"
::ffff:127.0.0.1 - - [02/Jan/2022:12:33:12 +0000] "GET /profile/username/Mini_Niv/platform/psn HTTP/1.1" 200 27049 "-" "axios/0.21.4"
::ffff:127.0.0.1 - - [02/Jan/2022:12:33:12 +0000] "GET /profile/username/Mp3Il/platform/psn HTTP/1.1" 200 25397 "-" "axios/0.21.4"
::1 - - [02/Jan/2022:12:33:12 +0000] "GET /squad/test HTTP/1.1" 200 - "-" "PostmanRuntime/7.28.4"
::ffff:127.0.0.1 - - [02/Jan/2022:12:36:28 +0000] "GET /profile/username/Mini_Niv/platform/psn HTTP/1.1" 200 27049 "-" "axios/0.21.4"
::ffff:127.0.0.1 - - [02/Jan/2022:12:36:28 +0000] "GET /profile/username/Mp3Il/platform/psn HTTP/1.1" 200 25397 "-" "axios/0.21.4"
::1 - - [02/Jan/2022:12:36:28 +0000] "GET /squad/test HTTP/1.1" 200 66 "-" "PostmanRuntime/7.28.4"
::ffff:127.0.0.1 - - [02/Jan/2022:12:36:59 +0000] "GET /profile/username/Mini_Niv/platform/psn HTTP/1.1" 200 27049 "-" "axios/0.21.4"
::ffff:127.0.0.1 - - [02/Jan/2022:12:36:59 +0000] "GET /profile/username/Mp3Il/platform/psn HTTP/1.1" 200 25397 "-" "axios/0.21.4"
::1 - - [02/Jan/2022:12:38:08 +0000] "GET /squad/test HTTP/1.1" 200 66 "-" "PostmanRuntime/7.28.4"
::ffff:127.0.0.1 - - [02/Jan/2022:12:42:06 +0000] "GET /profile/username/Mini_Niv/platform/psn HTTP/1.1" 200 27049 "-" "axios/0.21.4"
::ffff:127.0.0.1 - - [02/Jan/2022:12:42:06 +0000] "GET /profile/username/Mp3Il/platform/psn HTTP/1.1" 200 25397 "-" "axios/0.21.4"
::1 - - [02/Jan/2022:12:42:06 +0000] "GET /squad/test HTTP/1.1" 200 - "-" "PostmanRuntime/7.28.4"
::ffff:127.0.0.1 - - [02/Jan/2022:12:46:21 +0000] "GET /profile/username/Mini_Niv/platform/psn HTTP/1.1" 200 27049 "-" "axios/0.21.4"
::ffff:127.0.0.1 - - [02/Jan/2022:12:46:21 +0000] "GET /profile/username/Mp3Il/platform/psn HTTP/1.1" 200 25397 "-" "axios/0.21.4"
::1 - - [02/Jan/2022:12:46:21 +0000] "GET /squad/test HTTP/1.1" 200 - "-" "PostmanRuntime/7.28.4"
::ffff:127.0.0.1 - - [02/Jan/2022:12:46:49 +0000] "GET /profile/username/Mini_Niv/platform/psn HTTP/1.1" 200 27049 "-" "axios/0.21.4"
::ffff:127.0.0.1 - - [02/Jan/2022:12:46:49 +0000] "GET /profile/username/Mp3Il/platform/psn HTTP/1.1" 200 25397 "-" "axios/0.21.4"
::1 - - [02/Jan/2022:12:46:49 +0000] "GET /squad/test HTTP/1.1" 200 - "-" "PostmanRuntime/7.28.4"
::ffff:127.0.0.1 - - [02/Jan/2022:12:47:47 +0000] "GET /profile/username/Mp3Il/platform/psn HTTP/1.1" 200 25397 "-" "axios/0.21.4"
::ffff:127.0.0.1 - - [02/Jan/2022:12:47:47 +0000] "GET /profile/username/Mini_Niv/platform/psn HTTP/1.1" 200 27049 "-" "axios/0.21.4"
::1 - - [02/Jan/2022:12:47:47 +0000] "GET /squad/test HTTP/1.1" 200 - "-" "PostmanRuntime/7.28.4"
::ffff:127.0.0.1 - - [02/Jan/2022:12:50:43 +0000] "GET /profile/username/Mp3Il/platform/psn HTTP/1.1" 200 25397 "-" "axios/0.21.4"
::ffff:127.0.0.1 - - [02/Jan/2022:12:50:43 +0000] "GET /profile/username/Mini_Niv/platform/psn HTTP/1.1" 200 27049 "-" "axios/0.21.4"
::1 - - [02/Jan/2022:12:50:43 +0000] "GET /squad/test HTTP/1.1" 200 - "-" "PostmanRuntime/7.28.4"
::ffff:127.0.0.1 - - [02/Jan/2022:12:50:56 +0000] "GET /profile/username/Mini_Niv/platform/psn HTTP/1.1" 200 27049 "-" "axios/0.21.4"
::ffff:127.0.0.1 - - [02/Jan/2022:12:50:56 +0000] "GET /profile/username/Mp3Il/platform/psn HTTP/1.1" 200 25397 "-" "axios/0.21.4"
::1 - - [02/Jan/2022:12:50:56 +0000] "GET /squad/test HTTP/1.1" 200 - "-" "PostmanRuntime/7.28.4"
::ffff:127.0.0.1 - - [02/Jan/2022:12:53:54 +0000] "GET /profile/username/Mp3Il/platform/psn HTTP/1.1" 200 25397 "-" "axios/0.21.4"
::ffff:127.0.0.1 - - [02/Jan/2022:12:53:54 +0000] "GET /profile/username/Mini_Niv/platform/psn HTTP/1.1" 200 27049 "-" "axios/0.21.4"
::1 - - [02/Jan/2022:12:53:54 +0000] "GET /squad/test HTTP/1.1" 200 - "-" "PostmanRuntime/7.28.4"
::ffff:127.0.0.1 - - [02/Jan/2022:12:55:43 +0000] "GET /profile/username/Mp3Il/platform/psn HTTP/1.1" 200 25397 "-" "axios/0.21.4"
::ffff:127.0.0.1 - - [02/Jan/2022:12:55:43 +0000] "GET /profile/username/Mini_Niv/platform/psn HTTP/1.1" 200 27049 "-" "axios/0.21.4"
::1 - - [02/Jan/2022:12:55:43 +0000] "GET /squad/test HTTP/1.1" 200 - "-" "PostmanRuntime/7.28.4"
::ffff:127.0.0.1 - - [02/Jan/2022:13:15:20 +0000] "GET /profile/username/Mp3Il/platform/psn HTTP/1.1" 200 25397 "-" "axios/0.21.4"
::ffff:127.0.0.1 - - [02/Jan/2022:13:15:20 +0000] "GET /profile/username/Mini_Niv/platform/psn HTTP/1.1" 200 27049 "-" "axios/0.21.4"
::1 - - [02/Jan/2022:13:15:20 +0000] "GET /squad/test HTTP/1.1" 200 - "-" "PostmanRuntime/7.28.4"
::ffff:127.0.0.1 - - [02/Jan/2022:13:21:05 +0000] "GET /profile/username/Mp3Il/platform/psn HTTP/1.1" 200 25397 "-" "axios/0.21.4"
::ffff:127.0.0.1 - - [02/Jan/2022:13:21:05 +0000] "GET /profile/username/Mini_Niv/platform/psn HTTP/1.1" 200 27049 "-" "axios/0.21.4"
::1 - - [02/Jan/2022:13:21:05 +0000] "GET /squad/test HTTP/1.1" 200 - "-" "PostmanRuntime/7.28.4"
::ffff:127.0.0.1 - - [02/Jan/2022:13:29:14 +0000] "GET /profile/username/Mini_Niv/platform/psn HTTP/1.1" 200 27049 "-" "axios/0.21.4"
::ffff:127.0.0.1 - - [02/Jan/2022:13:29:14 +0000] "GET /profile/username/Mp3Il/platform/psn HTTP/1.1" 200 25397 "-" "axios/0.21.4"
::1 - - [02/Jan/2022:13:29:14 +0000] "GET /squad/test HTTP/1.1" 200 - "-" "PostmanRuntime/7.28.4"
::ffff:127.0.0.1 - - [02/Jan/2022:13:30:01 +0000] "GET /pull/lifetimeData/battle/legendary117%232249 HTTP/1.1" 200 24640 "-" "axios/0.21.4"
::ffff:127.0.0.1 - - [02/Jan/2022:13:30:01 +0000] "GET /extract/generalStats/battle/legendary117%25232249 HTTP/1.1" 200 3146 "-" "axios/0.21.4"
::ffff:127.0.0.1 - - [02/Jan/2022:13:30:01 +0000] "GET /pull/lifetimeData/psn/mp3il HTTP/1.1" 200 20783 "-" "axios/0.21.4"
::ffff:127.0.0.1 - - [02/Jan/2022:13:30:01 +0000] "GET /extract/generalStats/psn/mp3il HTTP/1.1" 200 384 "-" "axios/0.21.4"
::ffff:127.0.0.1 - - [02/Jan/2022:13:30:01 +0000] "GET /pull/lastGamesData/psn/mp3il HTTP/1.1" 200 132889 "-" "axios/0.21.4"
::ffff:127.0.0.1 - - [02/Jan/2022:13:30:01 +0000] "GET /extract/lastGamesStats/psn/mp3il HTTP/1.1" 200 5524 "-" "axios/0.21.4"
::ffff:127.0.0.1 - - [02/Jan/2022:13:30:01 +0000] "GET /pull/lifetimeData/psn/mini_niv HTTP/1.1" 200 19929 "-" "axios/0.21.4"
::ffff:127.0.0.1 - - [02/Jan/2022:13:30:01 +0000] "GET /extract/generalStats/psn/mini_niv HTTP/1.1" 200 386 "-" "axios/0.21.4"
::ffff:127.0.0.1 - - [02/Jan/2022:13:30:01 +0000] "GET /pull/lastGamesData/battle/legendary117%232249 HTTP/1.1" 200 143931 "-" "axios/0.21.4"
::ffff:127.0.0.1 - - [02/Jan/2022:13:30:01 +0000] "GET /extract/lastGamesStats/battle/legendary117%25232249 HTTP/1.1" 200 5609 "-" "axios/0.21.4"
::ffff:127.0.0.1 - - [02/Jan/2022:13:30:02 +0000] "GET /pull/lastGamesData/psn/mini_niv HTTP/1.1" 200 140027 "-" "axios/0.21.4"
::ffff:127.0.0.1 - - [02/Jan/2022:13:30:02 +0000] "GET /extract/lastGamesStats/psn/mini_niv HTTP/1.1" 200 5652 "-" "axios/0.21.4"
::ffff:127.0.0.1 - - [02/Jan/2022:13:31:58 +0000] "GET /profile/username/Mp3Il/platform/psn HTTP/1.1" 200 25397 "-" "axios/0.21.4"
::ffff:127.0.0.1 - - [02/Jan/2022:13:31:58 +0000] "GET /profile/username/Mini_Niv/platform/psn HTTP/1.1" 200 27049 "-" "axios/0.21.4"
::1 - - [02/Jan/2022:13:31:58 +0000] "GET /squad/test HTTP/1.1" 200 - "-" "PostmanRuntime/7.28.4"
::ffff:127.0.0.1 - - [02/Jan/2022:13:32:36 +0000] "GET /profile/username/Mp3Il/platform/psn HTTP/1.1" 200 25397 "-" "axios/0.21.4"
::ffff:127.0.0.1 - - [02/Jan/2022:13:32:36 +0000] "GET /profile/username/Mini_Niv/platform/psn HTTP/1.1" 200 27049 "-" "axios/0.21.4"
::1 - - [02/Jan/2022:13:32:36 +0000] "GET /squad/test HTTP/1.1" 200 - "-" "PostmanRuntime/7.28.4"
::ffff:127.0.0.1 - - [02/Jan/2022:13:33:34 +0000] "GET /profile/username/Mp3Il/platform/psn HTTP/1.1" 200 25397 "-" "axios/0.21.4"
::ffff:127.0.0.1 - - [02/Jan/2022:13:33:34 +0000] "GET /profile/username/Mini_Niv/platform/psn HTTP/1.1" 200 27049 "-" "axios/0.21.4"
::1 - - [02/Jan/2022:13:33:34 +0000] "GET /squad/test HTTP/1.1" 200 - "-" "PostmanRuntime/7.28.4"
::ffff:127.0.0.1 - - [02/Jan/2022:13:34:12 +0000] "GET /profile/username/Mini_Niv/platform/psn HTTP/1.1" 200 27049 "-" "axios/0.21.4"
::ffff:127.0.0.1 - - [02/Jan/2022:13:34:12 +0000] "GET /profile/username/Mp3Il/platform/psn HTTP/1.1" 200 25397 "-" "axios/0.21.4"
::ffff:127.0.0.1 - - [02/Jan/2022:13:36:07 +0000] "GET /profile/username/Mini_Niv/platform/psn HTTP/1.1" 200 27049 "-" "axios/0.21.4"
::ffff:127.0.0.1 - - [02/Jan/2022:13:36:08 +0000] "GET /profile/username/Mp3Il/platform/psn HTTP/1.1" 200 25397 "-" "axios/0.21.4"
::1 - - [02/Jan/2022:13:36:08 +0000] "GET /squad/test HTTP/1.1" 200 - "-" "PostmanRuntime/7.28.4"
::1 - - [02/Jan/2022:13:46:52 +0000] "GET /squad/test HTTP/1.1" 500 - "-" "PostmanRuntime/7.28.4"
::ffff:127.0.0.1 - - [02/Jan/2022:13:47:49 +0000] "GET /profile/username/Mp3Il/platform/psn HTTP/1.1" 200 25397 "-" "axios/0.21.4"
::ffff:127.0.0.1 - - [02/Jan/2022:13:47:49 +0000] "GET /profile/username/Mini_Niv/platform/psn HTTP/1.1" 200 27049 "-" "axios/0.21.4"
::1 - - [02/Jan/2022:13:47:49 +0000] "GET /squad/test HTTP/1.1" 200 - "-" "PostmanRuntime/7.28.4"
::ffff:127.0.0.1 - - [02/Jan/2022:13:48:13 +0000] "GET /profile/username/Mini_Niv/platform/psn HTTP/1.1" 200 27049 "-" "axios/0.21.4"
::ffff:127.0.0.1 - - [02/Jan/2022:13:48:13 +0000] "GET /profile/username/Mp3Il/platform/psn HTTP/1.1" 200 25397 "-" "axios/0.21.4"
::1 - - [02/Jan/2022:13:48:13 +0000] "GET /squad/test HTTP/1.1" 200 - "-" "PostmanRuntime/7.28.4"
::ffff:127.0.0.1 - - [02/Jan/2022:13:49:32 +0000] "GET /profile/username/Mini_Niv/platform/psn HTTP/1.1" 200 27049 "-" "axios/0.21.4"
::ffff:127.0.0.1 - - [02/Jan/2022:13:49:32 +0000] "GET /profile/username/Mp3Il/platform/psn HTTP/1.1" 200 25397 "-" "axios/0.21.4"
::1 - - [02/Jan/2022:13:49:32 +0000] "GET /squad/test HTTP/1.1" 200 - "-" "PostmanRuntime/7.28.4"
::ffff:127.0.0.1 - - [02/Jan/2022:13:49:37 +0000] "GET /profile/username/Mp3Il/platform/psn HTTP/1.1" 200 25397 "-" "axios/0.21.4"
::ffff:127.0.0.1 - - [02/Jan/2022:13:49:37 +0000] "GET /profile/username/Mini_Niv/platform/psn HTTP/1.1" 200 27049 "-" "axios/0.21.4"
::1 - - [02/Jan/2022:13:49:37 +0000] "GET /squad/test HTTP/1.1" 200 - "-" "PostmanRuntime/7.28.4"
::ffff:127.0.0.1 - - [02/Jan/2022:13:50:25 +0000] "GET /profile/username/Mp3Il/platform/psn HTTP/1.1" 200 25397 "-" "axios/0.21.4"
::ffff:127.0.0.1 - - [02/Jan/2022:13:50:26 +0000] "GET /pull/lifetimeData/psn/mini_ni HTTP/1.1" 500 62 "-" "axios/0.21.4"
::ffff:127.0.0.1 - - [02/Jan/2022:13:50:26 +0000] "GET /extract/generalStats/psn/mini_ni HTTP/1.1" 500 246 "-" "axios/0.21.4"
::ffff:127.0.0.1 - - [02/Jan/2022:13:50:26 +0000] "GET /profile/username/Mini_Ni/platform/psn HTTP/1.1" 500 219 "-" "axios/0.21.4"
::1 - - [02/Jan/2022:13:50:26 +0000] "GET /squad/test HTTP/1.1" 500 - "-" "PostmanRuntime/7.28.4"
::ffff:127.0.0.1 - - [02/Jan/2022:13:50:26 +0000] "GET /pull/lastGamesData/psn/mini_ni HTTP/1.1" 500 62 "-" "axios/0.21.4"
::ffff:127.0.0.1 - - [02/Jan/2022:13:50:26 +0000] "GET /extract/lastGamesStats/psn/mini_ni/5 HTTP/1.1" 500 240 "-" "axios/0.21.4"
::ffff:127.0.0.1 - - [02/Jan/2022:13:51:35 +0000] "GET /profile/username/Mini_Niv/platform/psn HTTP/1.1" 200 27049 "-" "axios/0.21.4"
::ffff:127.0.0.1 - - [02/Jan/2022:13:51:35 +0000] "GET /profile/username/Mp3Il/platform/psn HTTP/1.1" 200 25397 "-" "axios/0.21.4"
::1 - - [02/Jan/2022:13:51:35 +0000] "GET /squad/test HTTP/1.1" 200 - "-" "PostmanRuntime/7.28.4"
::ffff:127.0.0.1 - - [02/Jan/2022:13:53:53 +0000] "GET /profile/username/Mini_Niv/platform/psn HTTP/1.1" 200 27049 "-" "axios/0.21.4"
::ffff:127.0.0.1 - - [02/Jan/2022:13:53:53 +0000] "GET /profile/username/Mp3Il/platform/psn HTTP/1.1" 200 25397 "-" "axios/0.21.4"
::1 - - [02/Jan/2022:13:53:53 +0000] "GET /squad/test HTTP/1.1" 500 11 "-" "PostmanRuntime/7.28.4"
::ffff:127.0.0.1 - - [02/Jan/2022:13:54:04 +0000] "GET /profile/username/Mini_Niv/platform/psn HTTP/1.1" 200 27049 "-" "axios/0.21.4"
::ffff:127.0.0.1 - - [02/Jan/2022:13:54:04 +0000] "GET /profile/username/Mp3Il/platform/psn HTTP/1.1" 200 25397 "-" "axios/0.21.4"
::1 - - [02/Jan/2022:13:54:05 +0000] "GET /squad/test HTTP/1.1" 200 - "-" "PostmanRuntime/7.28.4"
::ffff:127.0.0.1 - - [02/Jan/2022:14:00:02 +0000] "GET /pull/lifetimeData/battle/legendary117%232249 HTTP/1.1" 200 24615 "-" "axios/0.21.4"
::ffff:127.0.0.1 - - [02/Jan/2022:14:00:02 +0000] "GET /extract/generalStats/battle/legendary117%25232249 HTTP/1.1" 200 3133 "-" "axios/0.21.4"
::ffff:127.0.0.1 - - [02/Jan/2022:14:00:02 +0000] "GET /pull/lifetimeData/psn/mini_niv HTTP/1.1" 200 19929 "-" "axios/0.21.4"
::ffff:127.0.0.1 - - [02/Jan/2022:14:00:02 +0000] "GET /extract/generalStats/psn/mini_niv HTTP/1.1" 200 386 "-" "axios/0.21.4"
::ffff:127.0.0.1 - - [02/Jan/2022:14:00:02 +0000] "GET /pull/lifetimeData/psn/mp3il HTTP/1.1" 200 20783 "-" "axios/0.21.4"
::ffff:127.0.0.1 - - [02/Jan/2022:14:00:02 +0000] "GET /extract/generalStats/psn/mp3il HTTP/1.1" 200 384 "-" "axios/0.21.4"
::ffff:127.0.0.1 - - [02/Jan/2022:14:00:02 +0000] "GET /pull/lastGamesData/psn/mini_niv HTTP/1.1" 200 140027 "-" "axios/0.21.4"
::ffff:127.0.0.1 - - [02/Jan/2022:14:00:02 +0000] "GET /extract/lastGamesStats/psn/mini_niv HTTP/1.1" 200 5652 "-" "axios/0.21.4"
::ffff:127.0.0.1 - - [02/Jan/2022:14:00:02 +0000] "GET /pull/lastGamesData/psn/mp3il HTTP/1.1" 200 132889 "-" "axios/0.21.4"
::ffff:127.0.0.1 - - [02/Jan/2022:14:00:02 +0000] "GET /extract/lastGamesStats/psn/mp3il HTTP/1.1" 200 5524 "-" "axios/0.21.4"
::ffff:127.0.0.1 - - [02/Jan/2022:14:00:03 +0000] "GET /pull/lastGamesData/battle/legendary117%232249 HTTP/1.1" 200 143931 "-" "axios/0.21.4"
::ffff:127.0.0.1 - - [02/Jan/2022:14:00:03 +0000] "GET /extract/lastGamesStats/battle/legendary117%25232249 HTTP/1.1" 200 5609 "-" "axios/0.21.4"
::ffff:127.0.0.1 - - [02/Jan/2022:14:15:02 +0000] "GET /pull/lifetimeData/psn/mp3il HTTP/1.1" 200 20783 "-" "axios/0.21.4"
::ffff:127.0.0.1 - - [02/Jan/2022:14:15:02 +0000] "GET /pull/lifetimeData/battle/legendary117%232249 HTTP/1.1" 200 24630 "-" "axios/0.21.4"
::ffff:127.0.0.1 - - [02/Jan/2022:14:15:02 +0000] "GET /pull/lifetimeData/psn/mini_niv HTTP/1.1" 200 19929 "-" "axios/0.21.4"
::ffff:127.0.0.1 - - [02/Jan/2022:14:15:02 +0000] "GET /extract/generalStats/psn/mp3il HTTP/1.1" 200 384 "-" "axios/0.21.4"
::ffff:127.0.0.1 - - [02/Jan/2022:14:15:02 +0000] "GET /extract/generalStats/battle/legendary117%25232249 HTTP/1.1" 200 3136 "-" "axios/0.21.4"
::ffff:127.0.0.1 - - [02/Jan/2022:14:15:02 +0000] "GET /extract/generalStats/psn/mini_niv HTTP/1.1" 200 386 "-" "axios/0.21.4"
::ffff:127.0.0.1 - - [02/Jan/2022:14:15:02 +0000] "GET /pull/lastGamesData/battle/legendary117%232249 HTTP/1.1" 200 143931 "-" "axios/0.21.4"
::ffff:127.0.0.1 - - [02/Jan/2022:14:15:02 +0000] "GET /extract/lastGamesStats/battle/legendary117%25232249 HTTP/1.1" 200 5609 "-" "axios/0.21.4"
::ffff:127.0.0.1 - - [02/Jan/2022:14:15:02 +0000] "GET /pull/lastGamesData/psn/mini_niv HTTP/1.1" 200 140027 "-" "axios/0.21.4"
::ffff:127.0.0.1 - - [02/Jan/2022:14:15:02 +0000] "GET /extract/lastGamesStats/psn/mini_niv HTTP/1.1" 200 5652 "-" "axios/0.21.4"
::ffff:127.0.0.1 - - [02/Jan/2022:14:15:03 +0000] "GET /pull/lastGamesData/psn/mp3il HTTP/1.1" 200 132889 "-" "axios/0.21.4"
::ffff:127.0.0.1 - - [02/Jan/2022:14:15:03 +0000] "GET /extract/lastGamesStats/psn/mp3il HTTP/1.1" 200 5524 "-" "axios/0.21.4"
::ffff:127.0.0.1 - - [02/Jan/2022:14:21:37 +0000] "GET /profile/username/Mini_Niv/platform/psn HTTP/1.1" 200 27049 "-" "axios/0.21.4"
::ffff:127.0.0.1 - - [02/Jan/2022:14:21:37 +0000] "GET /profile/username/Mp3Il/platform/psn HTTP/1.1" 200 25397 "-" "axios/0.21.4"
::1 - - [02/Jan/2022:14:21:37 +0000] "GET /squad/test HTTP/1.1" 500 116 "-" "PostmanRuntime/7.28.4"
::ffff:127.0.0.1 - - [02/Jan/2022:14:22:04 +0000] "GET /profile/username/Mp3Il/platform/psn HTTP/1.1" 200 25397 "-" "axios/0.21.4"
::ffff:127.0.0.1 - - [02/Jan/2022:14:22:04 +0000] "GET /profile/username/Mini_Niv/platform/psn HTTP/1.1" 200 27049 "-" "axios/0.21.4"
::1 - - [02/Jan/2022:14:22:04 +0000] "GET /squad/test HTTP/1.1" 500 116 "-" "PostmanRuntime/7.28.4"
::ffff:127.0.0.1 - - [02/Jan/2022:14:25:02 +0000] "GET /profile/username/Mini_Niv/platform/psn HTTP/1.1" 200 27049 "-" "axios/0.21.4"
::ffff:127.0.0.1 - - [02/Jan/2022:14:25:02 +0000] "GET /profile/username/Mp3Il/platform/psn HTTP/1.1" 200 25397 "-" "axios/0.21.4"
::1 - - [02/Jan/2022:14:25:02 +0000] "GET /squad/test HTTP/1.1" 500 116 "-" "PostmanRuntime/7.28.4"
::ffff:127.0.0.1 - - [02/Jan/2022:14:25:50 +0000] "GET /profile/username/Mini_Niv/platform/psn HTTP/1.1" 200 27049 "-" "axios/0.21.4"
::ffff:127.0.0.1 - - [02/Jan/2022:14:25:50 +0000] "GET /profile/username/Mp3Il/platform/psn HTTP/1.1" 200 25397 "-" "axios/0.21.4"
::1 - - [02/Jan/2022:14:25:50 +0000] "GET /squad/test HTTP/1.1" 500 116 "-" "PostmanRuntime/7.28.4"
::ffff:127.0.0.1 - - [02/Jan/2022:14:26:17 +0000] "GET /profile/username/Mp3Il/platform/psn HTTP/1.1" 200 25397 "-" "axios/0.21.4"
::ffff:127.0.0.1 - - [02/Jan/2022:14:26:17 +0000] "GET /profile/username/Mini_Niv/platform/psn HTTP/1.1" 200 27049 "-" "axios/0.21.4"
::1 - - [02/Jan/2022:14:26:17 +0000] "GET /squad/test HTTP/1.1" 500 116 "-" "PostmanRuntime/7.28.4"
::ffff:127.0.0.1 - - [02/Jan/2022:14:26:28 +0000] "GET /profile/username/Mini_Niv/platform/psn HTTP/1.1" 200 27049 "-" "axios/0.21.4"
::ffff:127.0.0.1 - - [02/Jan/2022:14:26:28 +0000] "GET /profile/username/Mp3Il/platform/psn HTTP/1.1" 200 25397 "-" "axios/0.21.4"
::1 - - [02/Jan/2022:14:26:28 +0000] "GET /squad/test HTTP/1.1" 200 - "-" "PostmanRuntime/7.28.4"
::ffff:127.0.0.1 - - [02/Jan/2022:14:26:54 +0000] "GET /profile/username/Mini_Niv/platform/psn HTTP/1.1" 200 27049 "-" "axios/0.21.4"
::ffff:127.0.0.1 - - [02/Jan/2022:14:26:54 +0000] "GET /profile/username/Mp3Il/platform/psn HTTP/1.1" 200 25397 "-" "axios/0.21.4"
::1 - - [02/Jan/2022:14:26:54 +0000] "GET /squad/test HTTP/1.1" 200 - "-" "PostmanRuntime/7.28.4"
::ffff:127.0.0.1 - - [02/Jan/2022:14:27:25 +0000] "GET /profile/username/Mp3Il/platform/psn HTTP/1.1" 200 25397 "-" "axios/0.21.4"
::ffff:127.0.0.1 - - [02/Jan/2022:14:27:25 +0000] "GET /profile/username/Mini_Niv/platform/psn HTTP/1.1" 200 27049 "-" "axios/0.21.4"
::1 - - [02/Jan/2022:14:27:25 +0000] "GET /squad/test HTTP/1.1" 200 - "-" "PostmanRuntime/7.28.4"
::ffff:127.0.0.1 - - [02/Jan/2022:18:43:39 +0000] "GET /pull/lastGamesData/psn/mini_niv HTTP/1.1" 200 140027 "-" "axios/0.21.4"
::ffff:127.0.0.1 - - [02/Jan/2022:18:43:39 +0000] "GET /pull/lifetimeData/psn/mini_niv HTTP/1.1" 200 19929 "-" "axios/0.21.4"
::ffff:127.0.0.1 - - [02/Jan/2022:18:43:40 +0000] "GET /pull/gameStats/16786187350052482478 HTTP/1.1" 200 1090305 "-" "axios/0.21.4"
::ffff:127.0.0.1 - - [02/Jan/2022:18:43:42 +0000] "GET /pull/lastGamesData/psn/mini_niv HTTP/1.1" 200 140027 "-" "axios/0.21.4"
::ffff:127.0.0.1 - - [02/Jan/2022:18:43:43 +0000] "GET /pull/lastGamesData/psn/mini_niv/1639085759000 HTTP/1.1" 200 163782 "-" "axios/0.21.4"
::ffff:127.0.0.1 - - [02/Jan/2022:18:43:44 +0000] "GET /pull/lastGamesData/psn/mini_niv/1635976074000 HTTP/1.1" 200 147350 "-" "axios/0.21.4"
::ffff:127.0.0.1 - - [02/Jan/2022:18:43:46 +0000] "GET /pull/lastGamesData/psn/mini_niv/1635805949000 HTTP/1.1" 200 144990 "-" "axios/0.21.4"
::ffff:127.0.0.1 - - [02/Jan/2022:18:43:47 +0000] "GET /pull/lastGamesData/psn/mini_niv/1635281492000 HTTP/1.1" 200 141495 "-" "axios/0.21.4"
::ffff:127.0.0.1 - - [02/Jan/2022:18:43:47 +0000] "GET /pull/lastGamesData/psn/mini_niva HTTP/1.1" 500 62 "-" "axios/0.21.4"
::ffff:127.0.0.1 - - [02/Jan/2022:18:43:47 +0000] "GET /pull/lifetimeData/psn/mini_niva HTTP/1.1" 500 62 "-" "axios/0.21.4"
::ffff:127.0.0.1 - - [02/Jan/2022:18:43:48 +0000] "GET /pull/gameStats/16786187350052482478a HTTP/1.1" 500 30 "-" "axios/0.21.4"
::ffff:127.0.0.1 - - [02/Jan/2022:18:43:48 +0000] "GET /pull/gameStats/16786187350052482478a HTTP/1.1" 500 30 "-" "axios/0.21.4"
::ffff:127.0.0.1 - - [02/Jan/2022:18:43:48 +0000] "GET /extract/gameStatsById/16786187350052482478a HTTP/1.1" 500 229 "-" "axios/0.21.4"
::ffff:127.0.0.1 - - [02/Jan/2022:18:43:49 +0000] "GET /pull/lastGamesData/psn/mini_niva HTTP/1.1" 500 62 "-" "axios/0.21.4"
::ffff:127.0.0.1 - - [02/Jan/2022:18:43:49 +0000] "GET /extract/lastGamesStats/psn/mini_niva/5 HTTP/1.1" 500 240 "-" "axios/0.21.4"
::ffff:127.0.0.1 - - [02/Jan/2022:18:43:49 +0000] "GET /pull/lifetimeData/psn/mini_niva HTTP/1.1" 500 62 "-" "axios/0.21.4"
::ffff:127.0.0.1 - - [02/Jan/2022:18:43:49 +0000] "GET /extract/generalStats/psn/mini_niva HTTP/1.1" 500 246 "-" "axios/0.21.4"
::ffff:127.0.0.1 - - [02/Jan/2022:18:45:01 +0000] "GET /pull/lifetimeData/psn/mini_niv HTTP/1.1" 200 19929 "-" "axios/0.21.4"
::ffff:127.0.0.1 - - [02/Jan/2022:18:45:01 +0000] "GET /pull/lifetimeData/battle/legendary117%232249 HTTP/1.1" 200 24639 "-" "axios/0.21.4"
::ffff:127.0.0.1 - - [02/Jan/2022:18:45:01 +0000] "GET /extract/generalStats/psn/mini_niv HTTP/1.1" 200 386 "-" "axios/0.21.4"
::ffff:127.0.0.1 - - [02/Jan/2022:18:45:01 +0000] "GET /extract/generalStats/battle/legendary117%25232249 HTTP/1.1" 200 3146 "-" "axios/0.21.4"
::ffff:127.0.0.1 - - [02/Jan/2022:18:45:01 +0000] "GET /pull/lifetimeData/psn/mp3il HTTP/1.1" 200 20783 "-" "axios/0.21.4"
::ffff:127.0.0.1 - - [02/Jan/2022:18:45:01 +0000] "GET /extract/generalStats/psn/mp3il HTTP/1.1" 200 384 "-" "axios/0.21.4"
::ffff:127.0.0.1 - - [02/Jan/2022:18:45:01 +0000] "GET /pull/lastGamesData/psn/mini_niv HTTP/1.1" 200 140027 "-" "axios/0.21.4"
::ffff:127.0.0.1 - - [02/Jan/2022:18:45:01 +0000] "GET /extract/lastGamesStats/psn/mini_niv HTTP/1.1" 200 5652 "-" "axios/0.21.4"
::ffff:127.0.0.1 - - [02/Jan/2022:18:45:02 +0000] "GET /pull/lastGamesData/battle/legendary117%232249 HTTP/1.1" 200 143931 "-" "axios/0.21.4"
::ffff:127.0.0.1 - - [02/Jan/2022:18:45:02 +0000] "GET /extract/lastGamesStats/battle/legendary117%25232249 HTTP/1.1" 200 5609 "-" "axios/0.21.4"
::ffff:127.0.0.1 - - [02/Jan/2022:18:45:02 +0000] "GET /pull/lastGamesData/psn/mp3il HTTP/1.1" 200 132889 "-" "axios/0.21.4"
::ffff:127.0.0.1 - - [02/Jan/2022:18:45:02 +0000] "GET /extract/lastGamesStats/psn/mp3il HTTP/1.1" 200 5524 "-" "axios/0.21.4"
::ffff:127.0.0.1 - - [02/Jan/2022:19:00:01 +0000] "GET /pull/lastGamesData/battle/legendary117%232249 HTTP/1.1" 200 143931 "-" "axios/0.21.4"
::ffff:127.0.0.1 - - [02/Jan/2022:19:00:01 +0000] "GET /extract/lastGamesStats/battle/legendary117%25232249 HTTP/1.1" 200 5609 "-" "axios/0.21.4"
::ffff:127.0.0.1 - - [02/Jan/2022:19:00:02 +0000] "GET /pull/lifetimeData/psn/mp3il HTTP/1.1" 200 20783 "-" "axios/0.21.4"
::ffff:127.0.0.1 - - [02/Jan/2022:19:00:02 +0000] "GET /extract/generalStats/psn/mp3il HTTP/1.1" 200 384 "-" "axios/0.21.4"
::ffff:127.0.0.1 - - [02/Jan/2022:19:00:02 +0000] "GET /pull/lifetimeData/psn/mini_niv HTTP/1.1" 200 19929 "-" "axios/0.21.4"
::ffff:127.0.0.1 - - [02/Jan/2022:19:00:02 +0000] "GET /extract/generalStats/psn/mini_niv HTTP/1.1" 200 386 "-" "axios/0.21.4"
::ffff:127.0.0.1 - - [02/Jan/2022:19:00:02 +0000] "GET /pull/lifetimeData/battle/legendary117%232249 HTTP/1.1" 200 24637 "-" "axios/0.21.4"
::ffff:127.0.0.1 - - [02/Jan/2022:19:00:02 +0000] "GET /extract/generalStats/battle/legendary117%25232249 HTTP/1.1" 200 3144 "-" "axios/0.21.4"
::ffff:127.0.0.1 - - [02/Jan/2022:19:00:02 +0000] "GET /pull/lastGamesData/psn/mini_niv HTTP/1.1" 200 140027 "-" "axios/0.21.4"
::ffff:127.0.0.1 - - [02/Jan/2022:19:00:02 +0000] "GET /extract/lastGamesStats/psn/mini_niv HTTP/1.1" 200 5652 "-" "axios/0.21.4"
::ffff:127.0.0.1 - - [02/Jan/2022:19:00:02 +0000] "GET /pull/lastGamesData/psn/mp3il HTTP/1.1" 200 132889 "-" "axios/0.21.4"
::ffff:127.0.0.1 - - [02/Jan/2022:19:00:02 +0000] "GET /extract/lastGamesStats/psn/mp3il HTTP/1.1" 200 5524 "-" "axios/0.21.4"
