::ffff:127.0.0.1 - - [03/Jan/2022:11:38:15 +0000] "GET /pull/lastGamesData/psn/mini_niv/1635805949000 HTTP/1.1" 200 144990 "-" "axios/0.21.4"
::ffff:127.0.0.1 - - [03/Jan/2022:11:38:16 +0000] "GET /pull/lastGamesData/psn/mini_niv/1635281492000 HTTP/1.1" 200 141495 "-" "axios/0.21.4"
::ffff:127.0.0.1 - - [03/Jan/2022:11:38:17 +0000] "GET /pull/lastGamesData/psn/mini_niva HTTP/1.1" 500 62 "-" "axios/0.21.4"
::ffff:127.0.0.1 - - [03/Jan/2022:11:38:20 +0000] "GET /pull/lifetimeData/psn/mini_niva HTTP/1.1" 500 62 "-" "axios/0.21.4"
::ffff:127.0.0.1 - - [03/Jan/2022:11:38:21 +0000] "GET /pull/gameStats/16786187350052482478a HTTP/1.1" 500 30 "-" "axios/0.21.4"
::ffff:127.0.0.1 - - [03/Jan/2022:11:38:22 +0000] "GET /pull/gameStats/16786187350052482478a HTTP/1.1" 500 30 "-" "axios/0.21.4"
::ffff:127.0.0.1 - - [03/Jan/2022:11:38:22 +0000] "GET /extract/gameStatsById/16786187350052482478a HTTP/1.1" 500 229 "-" "axios/0.21.4"
::ffff:127.0.0.1 - - [03/Jan/2022:11:38:23 +0000] "GET /pull/lifetimeData/psn/mini_niva HTTP/1.1" 500 62 "-" "axios/0.21.4"
::ffff:127.0.0.1 - - [03/Jan/2022:11:38:23 +0000] "GET /extract/generalStats/psn/mini_niva HTTP/1.1" 500 246 "-" "axios/0.21.4"
::ffff:127.0.0.1 - - [03/Jan/2022:11:38:23 +0000] "GET /profile/username/mini_niv/platform/psn HTTP/1.1" 200 27049 "-" "axios/0.21.4"
::ffff:127.0.0.1 - - [03/Jan/2022:11:38:23 +0000] "GET /profile/username/mp3il/platform/psn HTTP/1.1" 200 25397 "-" "axios/0.21.4"
::ffff:127.0.0.1 - - [03/Jan/2022:11:38:23 +0000] "GET /profile/username/mp3il/platform/psn HTTP/1.1" 200 25397 "-" "axios/0.21.4"
::ffff:127.0.0.1 - - [03/Jan/2022:11:38:23 +0000] "GET /profile/username/mini_niv/platform/psn HTTP/1.1" 200 27049 "-" "axios/0.21.4"
::ffff:127.0.0.1 - - [03/Jan/2022:11:38:23 +0000] "GET /pull/lastGamesData/psn/mini_niva HTTP/1.1" 500 62 "-" "axios/0.21.4"
::ffff:127.0.0.1 - - [03/Jan/2022:11:38:23 +0000] "GET /extract/lastGamesStats/psn/mini_niva/5 HTTP/1.1" 500 240 "-" "axios/0.21.4"
::ffff:127.0.0.1 - - [03/Jan/2022:11:39:28 +0000] "GET /pull/lastGamesData/psn/mini_niv HTTP/1.1" 200 140027 "-" "axios/0.21.4"
::ffff:127.0.0.1 - - [03/Jan/2022:11:39:28 +0000] "GET /pull/lifetimeData/psn/mini_niv HTTP/1.1" 200 19929 "-" "axios/0.21.4"
::ffff:127.0.0.1 - - [03/Jan/2022:11:39:30 +0000] "GET /pull/gameStats/16786187350052482478 HTTP/1.1" 200 1090305 "-" "axios/0.21.4"
::ffff:127.0.0.1 - - [03/Jan/2022:11:39:30 +0000] "GET /pull/lastGamesData/psn/mini_niv HTTP/1.1" 200 140027 "-" "axios/0.21.4"
::ffff:127.0.0.1 - - [03/Jan/2022:11:39:35 +0000] "GET /pull/lastGamesData/psn/mini_niv/1639085759000 HTTP/1.1" 200 163782 "-" "axios/0.21.4"
::ffff:127.0.0.1 - - [03/Jan/2022:11:39:36 +0000] "GET /pull/lastGamesData/psn/mini_niv/1635976074000 HTTP/1.1" 200 147350 "-" "axios/0.21.4"
::ffff:127.0.0.1 - - [03/Jan/2022:11:39:38 +0000] "GET /pull/lastGamesData/psn/mini_niv/1635805949000 HTTP/1.1" 200 144990 "-" "axios/0.21.4"
::ffff:127.0.0.1 - - [03/Jan/2022:11:39:40 +0000] "GET /pull/lastGamesData/psn/mini_niv/1635281492000 HTTP/1.1" 200 141495 "-" "axios/0.21.4"
::ffff:127.0.0.1 - - [03/Jan/2022:11:39:40 +0000] "GET /pull/lastGamesData/psn/mini_niva HTTP/1.1" 500 62 "-" "axios/0.21.4"
::ffff:127.0.0.1 - - [03/Jan/2022:11:39:40 +0000] "GET /pull/lifetimeData/psn/mini_niva HTTP/1.1" 500 62 "-" "axios/0.21.4"
::ffff:127.0.0.1 - - [03/Jan/2022:11:39:41 +0000] "GET /pull/gameStats/16786187350052482478a HTTP/1.1" 500 30 "-" "axios/0.21.4"
::ffff:127.0.0.1 - - [03/Jan/2022:11:39:42 +0000] "GET /pull/gameStats/16786187350052482478a HTTP/1.1" 500 30 "-" "axios/0.21.4"
::ffff:127.0.0.1 - - [03/Jan/2022:11:39:42 +0000] "GET /extract/gameStatsById/16786187350052482478a HTTP/1.1" 500 229 "-" "axios/0.21.4"
::ffff:127.0.0.1 - - [03/Jan/2022:11:39:42 +0000] "GET /pull/lastGamesData/psn/mini_niva HTTP/1.1" 500 62 "-" "axios/0.21.4"
::ffff:127.0.0.1 - - [03/Jan/2022:11:39:42 +0000] "GET /extract/lastGamesStats/psn/mini_niva/5 HTTP/1.1" 500 240 "-" "axios/0.21.4"
::ffff:127.0.0.1 - - [03/Jan/2022:11:39:42 +0000] "GET /profile/username/mp3il/platform/psn HTTP/1.1" 200 25397 "-" "axios/0.21.4"
::ffff:127.0.0.1 - - [03/Jan/2022:11:39:42 +0000] "GET /profile/username/mini_niv/platform/psn HTTP/1.1" 200 27049 "-" "axios/0.21.4"
::ffff:127.0.0.1 - - [03/Jan/2022:11:39:42 +0000] "GET /profile/username/mp3il/platform/psn HTTP/1.1" 200 25397 "-" "axios/0.21.4"
::ffff:127.0.0.1 - - [03/Jan/2022:11:39:42 +0000] "GET /profile/username/mini_niv/platform/psn HTTP/1.1" 200 27049 "-" "axios/0.21.4"
::ffff:127.0.0.1 - - [03/Jan/2022:11:39:43 +0000] "GET /pull/lifetimeData/psn/mini_niva HTTP/1.1" 500 62 "-" "axios/0.21.4"
::ffff:127.0.0.1 - - [03/Jan/2022:11:39:43 +0000] "GET /extract/generalStats/psn/mini_niva HTTP/1.1" 500 246 "-" "axios/0.21.4"
::ffff:127.0.0.1 - - [03/Jan/2022:11:45:50 +0000] "GET /profile/username/Mp3Il/platform/psn HTTP/1.1" 200 25397 "-" "axios/0.21.4"
::ffff:127.0.0.1 - - [03/Jan/2022:11:45:50 +0000] "GET /profile/username/Mini_Niv/platform/psn HTTP/1.1" 200 27049 "-" "axios/0.21.4"
::1 - - [03/Jan/2022:11:45:50 +0000] "GET /squad/compare HTTP/1.1" 201 - "-" "PostmanRuntime/7.28.4"
::ffff:127.0.0.1 - - [03/Jan/2022:11:48:41 +0000] "GET /profile/username/Mini_Niv/platform/psn HTTP/1.1" 200 27049 "-" "axios/0.21.4"
::ffff:127.0.0.1 - - [03/Jan/2022:11:48:41 +0000] "GET /profile/username/Mp3Il/platform/psn HTTP/1.1" 200 25397 "-" "axios/0.21.4"
::1 - - [03/Jan/2022:11:48:41 +0000] "GET /squad/compare HTTP/1.1" 201 - "-" "PostmanRuntime/7.28.4"
::ffff:127.0.0.1 - - [03/Jan/2022:11:53:52 +0000] "GET /profile/username/Mini_Niv/platform/psn HTTP/1.1" 200 27049 "-" "axios/0.21.4"
::ffff:127.0.0.1 - - [03/Jan/2022:11:53:52 +0000] "GET /profile/username/Mp3Il/platform/psn HTTP/1.1" 200 25397 "-" "axios/0.21.4"
::1 - - [03/Jan/2022:11:55:57 +0000] "GET /squad/compare HTTP/1.1" 201 - "-" "PostmanRuntime/7.28.4"
::ffff:127.0.0.1 - - [04/Jan/2022:10:04:18 +0000] "GET /pull/lastGamesData/psn/mini_niv HTTP/1.1" 200 140027 "-" "axios/0.21.4"
::ffff:127.0.0.1 - - [04/Jan/2022:10:04:19 +0000] "GET /pull/lifetimeData/psn/mini_niv HTTP/1.1" 200 19929 "-" "axios/0.21.4"
::ffff:127.0.0.1 - - [04/Jan/2022:10:04:20 +0000] "GET /pull/gameStats/16786187350052482478 HTTP/1.1" 200 1090305 "-" "axios/0.21.4"
::ffff:127.0.0.1 - - [04/Jan/2022:10:04:21 +0000] "GET /pull/lastGamesData/psn/mini_niv HTTP/1.1" 200 140027 "-" "axios/0.21.4"
::ffff:127.0.0.1 - - [04/Jan/2022:10:04:22 +0000] "GET /pull/lastGamesData/psn/mini_niv/1639085759000 HTTP/1.1" 200 163782 "-" "axios/0.21.4"
::ffff:127.0.0.1 - - [04/Jan/2022:10:04:23 +0000] "GET /pull/lastGamesData/psn/mini_niv/1635976074000 HTTP/1.1" 200 147350 "-" "axios/0.21.4"
::ffff:127.0.0.1 - - [04/Jan/2022:10:04:24 +0000] "GET /pull/lastGamesData/psn/mini_niv/1635805949000 HTTP/1.1" 200 144990 "-" "axios/0.21.4"
::ffff:127.0.0.1 - - [04/Jan/2022:10:04:25 +0000] "GET /pull/lastGamesData/psn/mini_niv/1635281492000 HTTP/1.1" 200 141495 "-" "axios/0.21.4"
::ffff:127.0.0.1 - - [04/Jan/2022:10:04:25 +0000] "GET /pull/lastGamesData/psn/mini_niva HTTP/1.1" 500 62 "-" "axios/0.21.4"
::ffff:127.0.0.1 - - [04/Jan/2022:10:04:26 +0000] "GET /pull/lifetimeData/psn/mini_niva HTTP/1.1" 500 62 "-" "axios/0.21.4"
::ffff:127.0.0.1 - - [04/Jan/2022:10:04:26 +0000] "GET /pull/gameStats/16786187350052482478a HTTP/1.1" 500 30 "-" "axios/0.21.4"
::ffff:127.0.0.1 - - [04/Jan/2022:10:04:27 +0000] "GET /pull/gameStats/16786187350052482478a HTTP/1.1" 500 30 "-" "axios/0.21.4"
::ffff:127.0.0.1 - - [04/Jan/2022:10:04:27 +0000] "GET /extract/gameStatsById/16786187350052482478a HTTP/1.1" 500 229 "-" "axios/0.21.4"
::ffff:127.0.0.1 - - [04/Jan/2022:10:04:28 +0000] "GET /pull/lastGamesData/psn/mini_niva HTTP/1.1" 500 62 "-" "axios/0.21.4"
::ffff:127.0.0.1 - - [04/Jan/2022:10:04:28 +0000] "GET /extract/lastGamesStats/psn/mini_niva/5 HTTP/1.1" 500 240 "-" "axios/0.21.4"
::ffff:127.0.0.1 - - [04/Jan/2022:10:04:28 +0000] "GET /profile/username/mini_niv/platform/psn HTTP/1.1" 200 27049 "-" "axios/0.21.4"
::ffff:127.0.0.1 - - [04/Jan/2022:10:04:28 +0000] "GET /profile/username/mp3il/platform/psn HTTP/1.1" 200 25397 "-" "axios/0.21.4"
::ffff:127.0.0.1 - - [04/Jan/2022:10:04:28 +0000] "GET /pull/lifetimeData/psn/mini_niva HTTP/1.1" 500 62 "-" "axios/0.21.4"
::ffff:127.0.0.1 - - [04/Jan/2022:10:04:28 +0000] "GET /extract/generalStats/psn/mini_niva HTTP/1.1" 500 246 "-" "axios/0.21.4"
::ffff:127.0.0.1 - - [04/Jan/2022:10:04:53 +0000] "GET /profile/username/mini_niv/platform/psn HTTP/1.1" 200 27049 "-" "axios/0.21.4"
::ffff:127.0.0.1 - - [04/Jan/2022:10:04:53 +0000] "GET /profile/username/mp3il/platform/psn HTTP/1.1" 200 25397 "-" "axios/0.21.4"
::ffff:127.0.0.1 - - [04/Jan/2022:10:05:30 +0000] "GET /profile/username/Mini_Niv/platform/psn HTTP/1.1" 200 27049 "-" "axios/0.21.4"
::ffff:127.0.0.1 - - [04/Jan/2022:10:05:30 +0000] "GET /profile/username/Mp3Il/platform/psn HTTP/1.1" 200 25397 "-" "axios/0.21.4"
::1 - - [04/Jan/2022:10:05:30 +0000] "GET /squad/compare HTTP/1.1" 201 - "-" "PostmanRuntime/7.28.4"
::ffff:127.0.0.1 - - [04/Jan/2022:10:05:47 +0000] "GET /profile/username/Mp3Il/platform/psn HTTP/1.1" 200 25397 "-" "axios/0.21.4"
::ffff:127.0.0.1 - - [04/Jan/2022:10:05:47 +0000] "GET /profile/username/Mini_Niv/platform/psn HTTP/1.1" 200 27049 "-" "axios/0.21.4"
::1 - - [04/Jan/2022:10:05:47 +0000] "GET /squad/compare HTTP/1.1" 201 - "-" "PostmanRuntime/7.28.4"
::ffff:127.0.0.1 - - [04/Jan/2022:10:07:19 +0000] "GET /profile/username/Mini_Niv/platform/psn HTTP/1.1" 200 27049 "-" "axios/0.21.4"
::ffff:127.0.0.1 - - [04/Jan/2022:10:07:19 +0000] "GET /profile/username/Mp3Il/platform/psn HTTP/1.1" 200 25397 "-" "axios/0.21.4"
::1 - - [04/Jan/2022:10:07:19 +0000] "GET /squad/compare HTTP/1.1" 200 - "-" "PostmanRuntime/7.28.4"
::ffff:127.0.0.1 - - [04/Jan/2022:10:07:58 +0000] "GET /profile/username/Mini_Niv/platform/psn HTTP/1.1" 200 27049 "-" "axios/0.21.4"
::ffff:127.0.0.1 - - [04/Jan/2022:10:07:58 +0000] "GET /profile/username/legendary117%25232249/platform/battle HTTP/1.1" 200 29462 "-" "axios/0.21.4"
::ffff:127.0.0.1 - - [04/Jan/2022:10:07:58 +0000] "GET /profile/username/Mp3Il/platform/psn HTTP/1.1" 200 25397 "-" "axios/0.21.4"
::1 - - [04/Jan/2022:10:07:58 +0000] "GET /squad/compare HTTP/1.1" 200 1014 "-" "PostmanRuntime/7.28.4"
::ffff:127.0.0.1 - - [04/Jan/2022:10:08:43 +0000] "GET /profile/username/Mp3Il/platform/psn HTTP/1.1" 200 25397 "-" "axios/0.21.4"
::1 - - [04/Jan/2022:10:08:43 +0000] "GET /squad/compare HTTP/1.1" 200 - "-" "PostmanRuntime/7.28.4"
::1 - - [04/Jan/2022:10:09:37 +0000] "GET /squad/compare HTTP/1.1" 422 60 "-" "PostmanRuntime/7.28.4"
::1 - - [04/Jan/2022:10:09:43 +0000] "GET /squad/compare HTTP/1.1" 422 60 "-" "PostmanRuntime/7.28.4"
::ffff:127.0.0.1 - - [04/Jan/2022:10:09:46 +0000] "GET /profile/username/Mp3Il/platform/psn HTTP/1.1" 200 25397 "-" "axios/0.21.4"
::ffff:127.0.0.1 - - [04/Jan/2022:10:09:46 +0000] "GET /profile/username/Mini_Niv/platform/psn HTTP/1.1" 200 27049 "-" "axios/0.21.4"
::1 - - [04/Jan/2022:10:09:46 +0000] "GET /squad/compare HTTP/1.1" 200 - "-" "PostmanRuntime/7.28.4"
::ffff:127.0.0.1 - - [04/Jan/2022:10:21:48 +0000] "GET /pull/lastGamesData/psn/mini_niv HTTP/1.1" 200 140027 "-" "axios/0.21.4"
::ffff:127.0.0.1 - - [04/Jan/2022:10:21:48 +0000] "GET /pull/lifetimeData/psn/mini_niv HTTP/1.1" 200 19929 "-" "axios/0.21.4"
::ffff:127.0.0.1 - - [04/Jan/2022:10:21:50 +0000] "GET /pull/gameStats/16786187350052482478 HTTP/1.1" 200 1090305 "-" "axios/0.21.4"
::ffff:127.0.0.1 - - [04/Jan/2022:10:21:51 +0000] "GET /pull/lastGamesData/psn/mini_niv HTTP/1.1" 200 140027 "-" "axios/0.21.4"
::ffff:127.0.0.1 - - [04/Jan/2022:10:21:52 +0000] "GET /pull/lastGamesData/psn/mini_niv/1639085759000 HTTP/1.1" 200 163782 "-" "axios/0.21.4"
::ffff:127.0.0.1 - - [04/Jan/2022:10:21:54 +0000] "GET /pull/lastGamesData/psn/mini_niv/1635976074000 HTTP/1.1" 200 147350 "-" "axios/0.21.4"
::ffff:127.0.0.1 - - [04/Jan/2022:10:21:55 +0000] "GET /pull/lastGamesData/psn/mini_niv/1635805949000 HTTP/1.1" 200 144990 "-" "axios/0.21.4"
::ffff:127.0.0.1 - - [04/Jan/2022:10:21:55 +0000] "GET /pull/lastGamesData/psn/mini_niv/1635281492000 HTTP/1.1" 200 141495 "-" "axios/0.21.4"
::ffff:127.0.0.1 - - [04/Jan/2022:10:21:56 +0000] "GET /pull/lastGamesData/psn/mini_niva HTTP/1.1" 500 62 "-" "axios/0.21.4"
::ffff:127.0.0.1 - - [04/Jan/2022:10:21:56 +0000] "GET /pull/lifetimeData/psn/mini_niva HTTP/1.1" 500 62 "-" "axios/0.21.4"
::ffff:127.0.0.1 - - [04/Jan/2022:10:21:56 +0000] "GET /pull/gameStats/16786187350052482478a HTTP/1.1" 500 30 "-" "axios/0.21.4"
::ffff:127.0.0.1 - - [04/Jan/2022:10:21:57 +0000] "GET /pull/gameStats/16786187350052482478a HTTP/1.1" 500 30 "-" "axios/0.21.4"
::ffff:127.0.0.1 - - [04/Jan/2022:10:21:57 +0000] "GET /extract/gameStatsById/16786187350052482478a HTTP/1.1" 500 229 "-" "axios/0.21.4"
::ffff:127.0.0.1 - - [04/Jan/2022:10:21:58 +0000] "GET /pull/lifetimeData/psn/mini_niva HTTP/1.1" 500 62 "-" "axios/0.21.4"
::ffff:127.0.0.1 - - [04/Jan/2022:10:21:58 +0000] "GET /extract/generalStats/psn/mini_niva HTTP/1.1" 500 246 "-" "axios/0.21.4"
::ffff:127.0.0.1 - - [04/Jan/2022:10:21:58 +0000] "GET /profile/username/mini_niv/platform/psn HTTP/1.1" 200 27049 "-" "axios/0.21.4"
::ffff:127.0.0.1 - - [04/Jan/2022:10:21:58 +0000] "GET /profile/username/mp3il/platform/psn HTTP/1.1" 200 25397 "-" "axios/0.21.4"
::ffff:127.0.0.1 - - [04/Jan/2022:10:21:58 +0000] "GET /profile/username/mini_niv/platform/psn HTTP/1.1" 200 27049 "-" "axios/0.21.4"
::ffff:127.0.0.1 - - [04/Jan/2022:10:21:58 +0000] "GET /profile/username/mp3il/platform/psn HTTP/1.1" 200 25397 "-" "axios/0.21.4"
::ffff:127.0.0.1 - - [04/Jan/2022:10:21:58 +0000] "GET /pull/lastGamesData/psn/mini_niva HTTP/1.1" 500 62 "-" "axios/0.21.4"
::ffff:127.0.0.1 - - [04/Jan/2022:10:21:58 +0000] "GET /extract/lastGamesStats/psn/mini_niva/5 HTTP/1.1" 500 240 "-" "axios/0.21.4"
::ffff:127.0.0.1 - - [04/Jan/2022:10:30:23 +0000] "GET /profile/username/Mini_Niv/platform/psn HTTP/1.1" 200 27049 "-" "axios/0.21.4"
::ffff:127.0.0.1 - - [04/Jan/2022:10:30:23 +0000] "GET /profile/username/Mp3Il/platform/psn HTTP/1.1" 200 25397 "-" "axios/0.21.4"
::1 - - [04/Jan/2022:10:30:23 +0000] "GET /squad/create-squad HTTP/1.1" 201 - "-" "PostmanRuntime/7.28.4"
::ffff:127.0.0.1 - - [04/Jan/2022:12:46:01 +0000] "GET /profile/username/Mp3Il/platform/psn HTTP/1.1" 200 25397 "-" "axios/0.21.4"
::ffff:127.0.0.1 - - [04/Jan/2022:12:46:01 +0000] "GET /profile/username/Mini_Niv/platform/psn HTTP/1.1" 200 27049 "-" "axios/0.21.4"
::1 - - [04/Jan/2022:12:46:01 +0000] "GET /squad/compare HTTP/1.1" 200 - "-" "PostmanRuntime/7.28.4"
::ffff:127.0.0.1 - - [04/Jan/2022:12:46:41 +0000] "GET /profile/username/Mini_Niv/platform/psn HTTP/1.1" 200 27049 "-" "axios/0.21.4"
::ffff:127.0.0.1 - - [04/Jan/2022:12:46:41 +0000] "GET /profile/username/Mp3Il/platform/psn HTTP/1.1" 200 25397 "-" "axios/0.21.4"
::1 - - [04/Jan/2022:12:46:41 +0000] "GET /squad/compare HTTP/1.1" 200 - "-" "PostmanRuntime/7.28.4"
::ffff:127.0.0.1 - - [04/Jan/2022:12:48:54 +0000] "GET /profile/username/Mp3Il/platform/psn HTTP/1.1" 200 25397 "-" "axios/0.21.4"
::ffff:127.0.0.1 - - [04/Jan/2022:12:48:55 +0000] "GET /profile/username/Mini_Niv/platform/psn HTTP/1.1" 200 27049 "-" "axios/0.21.4"
::1 - - [04/Jan/2022:12:48:55 +0000] "GET /squad/compare HTTP/1.1" 200 - "-" "PostmanRuntime/7.28.4"
::ffff:127.0.0.1 - - [04/Jan/2022:12:49:08 +0000] "GET /profile/username/Mini_Niv/platform/psn HTTP/1.1" 200 27049 "-" "axios/0.21.4"
::ffff:127.0.0.1 - - [04/Jan/2022:12:49:08 +0000] "GET /profile/username/Mp3Il/platform/psn HTTP/1.1" 200 25397 "-" "axios/0.21.4"
::1 - - [04/Jan/2022:12:49:08 +0000] "GET /squad/compare HTTP/1.1" 200 - "-" "PostmanRuntime/7.28.4"
::ffff:127.0.0.1 - - [04/Jan/2022:13:02:54 +0000] "GET /profile/username/Mp3Il/platform/psn HTTP/1.1" 200 25397 "-" "axios/0.21.4"
::ffff:127.0.0.1 - - [04/Jan/2022:13:02:55 +0000] "GET /profile/username/Mini_Niv/platform/psn HTTP/1.1" 200 27049 "-" "axios/0.21.4"
::1 - - [04/Jan/2022:13:04:21 +0000] "GET /squad/create-squad HTTP/1.1" 201 - "-" "PostmanRuntime/7.28.4"
::ffff:127.0.0.1 - - [04/Jan/2022:13:06:11 +0000] "GET /profile/username/Mini_Niv/platform/psn HTTP/1.1" 200 27049 "-" "axios/0.21.4"
::ffff:127.0.0.1 - - [04/Jan/2022:13:06:12 +0000] "GET /profile/username/Mp3Il/platform/psn HTTP/1.1" 200 25397 "-" "axios/0.21.4"
::1 - - [04/Jan/2022:13:09:30 +0000] "GET /squad/create-squad HTTP/1.1" 500 53 "-" "PostmanRuntime/7.28.4"
::ffff:127.0.0.1 - - [04/Jan/2022:13:09:36 +0000] "GET /profile/username/Mp3Il/platform/psn HTTP/1.1" 200 25397 "-" "axios/0.21.4"
::ffff:127.0.0.1 - - [04/Jan/2022:13:09:36 +0000] "GET /profile/username/Mini_Niv/platform/psn HTTP/1.1" 200 27049 "-" "axios/0.21.4"
::1 - - [04/Jan/2022:13:09:55 +0000] "GET /squad/create-squad HTTP/1.1" 500 53 "-" "PostmanRuntime/7.28.4"
::ffff:127.0.0.1 - - [04/Jan/2022:13:09:58 +0000] "GET /profile/username/Mp3Il/platform/psn HTTP/1.1" 200 25397 "-" "axios/0.21.4"
::ffff:127.0.0.1 - - [04/Jan/2022:13:09:58 +0000] "GET /profile/username/Mini_Niv/platform/psn HTTP/1.1" 200 27049 "-" "axios/0.21.4"
::1 - - [04/Jan/2022:13:10:18 +0000] "GET /squad/create-squad HTTP/1.1" 500 53 "-" "PostmanRuntime/7.28.4"
::ffff:127.0.0.1 - - [04/Jan/2022:13:10:20 +0000] "GET /profile/username/Mini_Niv/platform/psn HTTP/1.1" 200 27049 "-" "axios/0.21.4"
::ffff:127.0.0.1 - - [04/Jan/2022:13:10:20 +0000] "GET /profile/username/Mp3Il/platform/psn HTTP/1.1" 200 25397 "-" "axios/0.21.4"
::1 - - [04/Jan/2022:13:10:49 +0000] "GET /squad/create-squad HTTP/1.1" 500 53 "-" "PostmanRuntime/7.28.4"
::ffff:127.0.0.1 - - [04/Jan/2022:13:10:52 +0000] "GET /profile/username/Mini_Niv/platform/psn HTTP/1.1" 200 27049 "-" "axios/0.21.4"
::ffff:127.0.0.1 - - [04/Jan/2022:13:10:52 +0000] "GET /profile/username/Mp3Il/platform/psn HTTP/1.1" 200 25397 "-" "axios/0.21.4"
::1 - - [04/Jan/2022:13:11:17 +0000] "GET /squad/create-squad HTTP/1.1" 500 53 "-" "PostmanRuntime/7.28.4"
::ffff:127.0.0.1 - - [04/Jan/2022:13:11:18 +0000] "GET /profile/username/Mini_Niv/platform/psn HTTP/1.1" 200 27049 "-" "axios/0.21.4"
::ffff:127.0.0.1 - - [04/Jan/2022:13:11:19 +0000] "GET /profile/username/Mp3Il/platform/psn HTTP/1.1" 200 25397 "-" "axios/0.21.4"
::1 - - [04/Jan/2022:13:11:32 +0000] "GET /squad/create-squad HTTP/1.1" 500 53 "-" "PostmanRuntime/7.28.4"
::ffff:127.0.0.1 - - [04/Jan/2022:13:11:34 +0000] "GET /profile/username/Mp3Il/platform/psn HTTP/1.1" 200 25397 "-" "axios/0.21.4"
::ffff:127.0.0.1 - - [04/Jan/2022:13:11:34 +0000] "GET /profile/username/Mini_Niv/platform/psn HTTP/1.1" 200 27049 "-" "axios/0.21.4"
::1 - - [04/Jan/2022:13:13:41 +0000] "GET /squad/create-squad HTTP/1.1" 500 53 "-" "PostmanRuntime/7.28.4"
::ffff:127.0.0.1 - - [04/Jan/2022:13:13:52 +0000] "GET /profile/username/Mp3Il/platform/psn HTTP/1.1" 200 25397 "-" "axios/0.21.4"
::ffff:127.0.0.1 - - [04/Jan/2022:13:13:53 +0000] "GET /profile/username/Mini_Niv/platform/psn HTTP/1.1" 200 27049 "-" "axios/0.21.4"
::ffff:127.0.0.1 - - [04/Jan/2022:13:15:37 +0000] "GET /profile/username/Mini_Niv/platform/psn HTTP/1.1" 200 27049 "-" "axios/0.21.4"
::ffff:127.0.0.1 - - [04/Jan/2022:13:15:37 +0000] "GET /profile/username/Mp3Il/platform/psn HTTP/1.1" 200 25397 "-" "axios/0.21.4"
::1 - - [04/Jan/2022:13:15:37 +0000] "GET /squad/create-squad HTTP/1.1" 500 53 "-" "PostmanRuntime/7.28.4"
::ffff:127.0.0.1 - - [04/Jan/2022:13:16:00 +0000] "GET /profile/username/Mp3Il/platform/psn HTTP/1.1" 200 25397 "-" "axios/0.21.4"
::ffff:127.0.0.1 - - [04/Jan/2022:13:16:00 +0000] "GET /profile/username/Mini_Niv/platform/psn HTTP/1.1" 200 27049 "-" "axios/0.21.4"
::1 - - [04/Jan/2022:13:16:08 +0000] "GET /squad/create-squad HTTP/1.1" 500 53 "-" "PostmanRuntime/7.28.4"
::ffff:127.0.0.1 - - [04/Jan/2022:13:16:10 +0000] "GET /profile/username/Mini_Niv/platform/psn HTTP/1.1" 200 27049 "-" "axios/0.21.4"
::ffff:127.0.0.1 - - [04/Jan/2022:13:16:10 +0000] "GET /profile/username/Mp3Il/platform/psn HTTP/1.1" 200 25397 "-" "axios/0.21.4"
::1 - - [04/Jan/2022:13:17:05 +0000] "GET /squad/create-squad HTTP/1.1" 500 53 "-" "PostmanRuntime/7.28.4"
::ffff:127.0.0.1 - - [04/Jan/2022:13:17:09 +0000] "GET /profile/username/Mp3Il/platform/psn HTTP/1.1" 200 25397 "-" "axios/0.21.4"
::ffff:127.0.0.1 - - [04/Jan/2022:13:17:09 +0000] "GET /profile/username/Mini_Niv/platform/psn HTTP/1.1" 200 27049 "-" "axios/0.21.4"
::1 - - [04/Jan/2022:13:17:16 +0000] "GET /squad/create-squad HTTP/1.1" 500 53 "-" "PostmanRuntime/7.28.4"
::ffff:127.0.0.1 - - [04/Jan/2022:13:17:18 +0000] "GET /profile/username/Mini_Niv/platform/psn HTTP/1.1" 200 27049 "-" "axios/0.21.4"
::ffff:127.0.0.1 - - [04/Jan/2022:13:17:18 +0000] "GET /profile/username/Mp3Il/platform/psn HTTP/1.1" 200 25397 "-" "axios/0.21.4"
::1 - - [04/Jan/2022:13:17:35 +0000] "GET /squad/create-squad HTTP/1.1" 500 53 "-" "PostmanRuntime/7.28.4"
::ffff:127.0.0.1 - - [04/Jan/2022:13:17:37 +0000] "GET /profile/username/Mp3Il/platform/psn HTTP/1.1" 200 25397 "-" "axios/0.21.4"
::ffff:127.0.0.1 - - [04/Jan/2022:13:17:37 +0000] "GET /profile/username/Mini_Niv/platform/psn HTTP/1.1" 200 27049 "-" "axios/0.21.4"
::1 - - [04/Jan/2022:13:21:05 +0000] "GET /squad/create-squad HTTP/1.1" 500 53 "-" "PostmanRuntime/7.28.4"
::ffff:127.0.0.1 - - [04/Jan/2022:13:23:13 +0000] "GET /profile/username/Mp3Il/platform/psn HTTP/1.1" 200 25397 "-" "axios/0.21.4"
::ffff:127.0.0.1 - - [04/Jan/2022:13:23:13 +0000] "GET /profile/username/Mini_Niv/platform/psn HTTP/1.1" 200 27049 "-" "axios/0.21.4"
::1 - - [04/Jan/2022:13:23:20 +0000] "GET /squad/create-squad HTTP/1.1" 500 53 "-" "PostmanRuntime/7.28.4"
::ffff:127.0.0.1 - - [04/Jan/2022:13:23:23 +0000] "GET /profile/username/Mp3Il/platform/psn HTTP/1.1" 200 25397 "-" "axios/0.21.4"
::ffff:127.0.0.1 - - [04/Jan/2022:13:23:23 +0000] "GET /profile/username/Mini_Niv/platform/psn HTTP/1.1" 200 27049 "-" "axios/0.21.4"
::ffff:127.0.0.1 - - [04/Jan/2022:13:24:39 +0000] "GET /profile/username/Mp3Il/platform/psn HTTP/1.1" 200 25397 "-" "axios/0.21.4"
::ffff:127.0.0.1 - - [04/Jan/2022:13:24:39 +0000] "GET /profile/username/Mini_Niv/platform/psn HTTP/1.1" 200 27049 "-" "axios/0.21.4"
::ffff:127.0.0.1 - - [04/Jan/2022:13:49:14 +0000] "GET /profile/username/Mp3Il/platform/psn HTTP/1.1" 200 25397 "-" "axios/0.21.4"
::ffff:127.0.0.1 - - [04/Jan/2022:13:49:15 +0000] "GET /profile/username/Mini_Niv/platform/psn HTTP/1.1" 200 27049 "-" "axios/0.21.4"
::1 - - [04/Jan/2022:13:50:06 +0000] "GET /squad/create-squad HTTP/1.1" 200 - "-" "PostmanRuntime/7.28.4"
::ffff:127.0.0.1 - - [04/Jan/2022:13:50:10 +0000] "GET /profile/username/Mp3Il/platform/psn HTTP/1.1" 200 25397 "-" "axios/0.21.4"
::ffff:127.0.0.1 - - [04/Jan/2022:13:50:10 +0000] "GET /profile/username/Mini_Niv/platform/psn HTTP/1.1" 200 27049 "-" "axios/0.21.4"
::1 - - [04/Jan/2022:13:52:35 +0000] "GET /squad/create-squad HTTP/1.1" 200 - "-" "PostmanRuntime/7.28.4"
::ffff:127.0.0.1 - - [04/Jan/2022:13:52:38 +0000] "GET /profile/username/Mp3Il/platform/psn HTTP/1.1" 200 25397 "-" "axios/0.21.4"
::ffff:127.0.0.1 - - [04/Jan/2022:13:52:39 +0000] "GET /profile/username/Mini_Niv/platform/psn HTTP/1.1" 200 27049 "-" "axios/0.21.4"
::ffff:127.0.0.1 - - [04/Jan/2022:13:53:07 +0000] "GET /profile/username/Mp3Il/platform/psn HTTP/1.1" 200 25397 "-" "axios/0.21.4"
::ffff:127.0.0.1 - - [04/Jan/2022:13:53:08 +0000] "GET /profile/username/Mini_Niv/platform/psn HTTP/1.1" 200 27049 "-" "axios/0.21.4"
::1 - - [04/Jan/2022:13:54:17 +0000] "GET /squad/create-squad HTTP/1.1" 200 - "-" "PostmanRuntime/7.28.4"
::ffff:127.0.0.1 - - [04/Jan/2022:13:54:20 +0000] "GET /profile/username/Mp3Il/platform/psn HTTP/1.1" 200 25397 "-" "axios/0.21.4"
::ffff:127.0.0.1 - - [04/Jan/2022:13:54:21 +0000] "GET /profile/username/Mini_Niv/platform/psn HTTP/1.1" 200 27049 "-" "axios/0.21.4"
::1 - - [04/Jan/2022:13:54:37 +0000] "GET /squad/create-squad HTTP/1.1" 200 - "-" "PostmanRuntime/7.28.4"
::ffff:127.0.0.1 - - [04/Jan/2022:13:54:42 +0000] "GET /profile/username/Mini_Niv/platform/psn HTTP/1.1" 200 27049 "-" "axios/0.21.4"
::ffff:127.0.0.1 - - [04/Jan/2022:13:54:42 +0000] "GET /profile/username/Mp3Il/platform/psn HTTP/1.1" 200 25397 "-" "axios/0.21.4"
::ffff:127.0.0.1 - - [04/Jan/2022:13:56:54 +0000] "GET /profile/username/Mp3Il/platform/psn HTTP/1.1" 200 25397 "-" "axios/0.21.4"
::ffff:127.0.0.1 - - [04/Jan/2022:13:56:54 +0000] "GET /profile/username/Mini_Niv/platform/psn HTTP/1.1" 200 27049 "-" "axios/0.21.4"
::1 - - [04/Jan/2022:13:56:58 +0000] "GET /squad/create-squad HTTP/1.1" 500 53 "-" "PostmanRuntime/7.28.4"
::ffff:127.0.0.1 - - [04/Jan/2022:13:57:49 +0000] "GET /profile/username/Mp3Il/platform/psn HTTP/1.1" 200 25397 "-" "axios/0.21.4"
::ffff:127.0.0.1 - - [04/Jan/2022:13:57:49 +0000] "GET /profile/username/Mini_Niv/platform/psn HTTP/1.1" 200 27049 "-" "axios/0.21.4"
::1 - - [04/Jan/2022:14:00:05 +0000] "GET /squad/create-squad HTTP/1.1" 500 53 "-" "PostmanRuntime/7.28.4"
::ffff:127.0.0.1 - - [04/Jan/2022:14:00:17 +0000] "GET /profile/username/Mp3Il/platform/psn HTTP/1.1" 200 25397 "-" "axios/0.21.4"
::ffff:127.0.0.1 - - [04/Jan/2022:14:00:17 +0000] "GET /profile/username/Mini_Niv/platform/psn HTTP/1.1" 200 27049 "-" "axios/0.21.4"
::1 - - [04/Jan/2022:14:00:26 +0000] "GET /squad/create-squad HTTP/1.1" 500 53 "-" "PostmanRuntime/7.28.4"
::ffff:127.0.0.1 - - [04/Jan/2022:14:00:39 +0000] "GET /profile/username/Mini_Niv/platform/psn HTTP/1.1" 200 27049 "-" "axios/0.21.4"
::ffff:127.0.0.1 - - [04/Jan/2022:14:00:39 +0000] "GET /profile/username/Mp3Il/platform/psn HTTP/1.1" 200 25397 "-" "axios/0.21.4"
::1 - - [04/Jan/2022:14:01:46 +0000] "GET /squad/create-squad HTTP/1.1" 500 53 "-" "PostmanRuntime/7.28.4"
::ffff:127.0.0.1 - - [04/Jan/2022:14:01:48 +0000] "GET /profile/username/Mp3Il/platform/psn HTTP/1.1" 200 25397 "-" "axios/0.21.4"
::ffff:127.0.0.1 - - [04/Jan/2022:14:01:49 +0000] "GET /profile/username/Mini_Niv/platform/psn HTTP/1.1" 200 27049 "-" "axios/0.21.4"
::1 - - [04/Jan/2022:14:02:34 +0000] "GET /squad/create-squad HTTP/1.1" 500 53 "-" "PostmanRuntime/7.28.4"
::ffff:127.0.0.1 - - [04/Jan/2022:14:02:37 +0000] "GET /profile/username/Mp3Il/platform/psn HTTP/1.1" 200 25397 "-" "axios/0.21.4"
::ffff:127.0.0.1 - - [04/Jan/2022:14:02:38 +0000] "GET /profile/username/Mini_Niv/platform/psn HTTP/1.1" 200 27049 "-" "axios/0.21.4"
::1 - - [04/Jan/2022:14:04:11 +0000] "GET /squad/create-squad HTTP/1.1" 500 53 "-" "PostmanRuntime/7.28.4"
::ffff:127.0.0.1 - - [04/Jan/2022:14:04:14 +0000] "GET /profile/username/Mp3Il/platform/psn HTTP/1.1" 200 25397 "-" "axios/0.21.4"
::ffff:127.0.0.1 - - [04/Jan/2022:14:04:15 +0000] "GET /profile/username/Mini_Niv/platform/psn HTTP/1.1" 200 27049 "-" "axios/0.21.4"
::ffff:127.0.0.1 - - [04/Jan/2022:14:04:52 +0000] "GET /profile/username/Mp3Il/platform/psn HTTP/1.1" 200 25397 "-" "axios/0.21.4"
::ffff:127.0.0.1 - - [04/Jan/2022:14:04:52 +0000] "GET /profile/username/Mini_Niv/platform/psn HTTP/1.1" 200 27049 "-" "axios/0.21.4"
::ffff:127.0.0.1 - - [04/Jan/2022:14:06:19 +0000] "GET /profile/username/Mp3Il/platform/psn HTTP/1.1" 200 25397 "-" "axios/0.21.4"
::ffff:127.0.0.1 - - [04/Jan/2022:14:06:19 +0000] "GET /profile/username/Mini_Niv/platform/psn HTTP/1.1" 200 27049 "-" "axios/0.21.4"
::1 - - [04/Jan/2022:14:06:20 +0000] "GET /squad/create-squad HTTP/1.1" 200 - "-" "PostmanRuntime/7.28.4"
::ffff:127.0.0.1 - - [04/Jan/2022:14:06:26 +0000] "GET /profile/username/Mini_Niv/platform/psn HTTP/1.1" 200 27049 "-" "axios/0.21.4"
::ffff:127.0.0.1 - - [04/Jan/2022:14:06:26 +0000] "GET /profile/username/Mp3Il/platform/psn HTTP/1.1" 200 25397 "-" "axios/0.21.4"
::1 - - [04/Jan/2022:14:10:20 +0000] "GET /squad/create-squad HTTP/1.1" 200 - "-" "PostmanRuntime/7.28.4"
::ffff:127.0.0.1 - - [05/Jan/2022:10:01:02 +0000] "GET /profile/username/Mini_Niv/platform/psn HTTP/1.1" 200 27049 "-" "axios/0.21.4"
::ffff:127.0.0.1 - - [05/Jan/2022:10:01:02 +0000] "GET /profile/username/Mp3Il/platform/psn HTTP/1.1" 200 25397 "-" "axios/0.21.4"
::1 - - [05/Jan/2022:10:05:39 +0000] "GET /squad/create-squad HTTP/1.1" 200 - "-" "PostmanRuntime/7.28.4"
::ffff:127.0.0.1 - - [05/Jan/2022:10:29:20 +0000] "GET /profile/username/Mini_Niv/platform/psn HTTP/1.1" 200 27049 "-" "axios/0.21.4"
::ffff:127.0.0.1 - - [05/Jan/2022:10:29:20 +0000] "GET /profile/username/Mp3Il/platform/psn HTTP/1.1" 200 25397 "-" "axios/0.21.4"
::1 - - [05/Jan/2022:10:29:36 +0000] "GET /squad/create-squad HTTP/1.1" 200 - "-" "PostmanRuntime/7.28.4"
::ffff:127.0.0.1 - - [05/Jan/2022:11:01:38 +0000] "GET /profile/username/Mini_Niv/platform/psn HTTP/1.1" 200 27049 "-" "axios/0.21.4"
::ffff:127.0.0.1 - - [05/Jan/2022:11:01:38 +0000] "GET /profile/username/Mp3Il/platform/psn HTTP/1.1" 200 25397 "-" "axios/0.21.4"
::1 - - [05/Jan/2022:11:01:53 +0000] "GET /squad/create-squad HTTP/1.1" 200 - "-" "PostmanRuntime/7.28.4"
::ffff:127.0.0.1 - - [05/Jan/2022:11:15:35 +0000] "GET /profile/username/Mini_Niv/platform/psn HTTP/1.1" 200 27049 "-" "axios/0.21.4"
::ffff:127.0.0.1 - - [05/Jan/2022:11:15:35 +0000] "GET /profile/username/Mp3Il/platform/psn HTTP/1.1" 200 25397 "-" "axios/0.21.4"
::ffff:127.0.0.1 - - [05/Jan/2022:11:19:15 +0000] "GET /profile/username/Mp3Il/platform/psn HTTP/1.1" 200 25397 "-" "axios/0.21.4"
::ffff:127.0.0.1 - - [05/Jan/2022:11:19:15 +0000] "GET /profile/username/Mini_Niv/platform/psn HTTP/1.1" 200 27049 "-" "axios/0.21.4"
::1 - - [05/Jan/2022:11:19:15 +0000] "GET /squad/create-squad HTTP/1.1" 200 - "-" "PostmanRuntime/7.28.4"
::ffff:127.0.0.1 - - [05/Jan/2022:11:19:47 +0000] "GET /profile/username/Mp3Il/platform/psn HTTP/1.1" 200 25397 "-" "axios/0.21.4"
::ffff:127.0.0.1 - - [05/Jan/2022:11:19:47 +0000] "GET /profile/username/Mini_Niv/platform/psn HTTP/1.1" 200 27049 "-" "axios/0.21.4"
::1 - - [05/Jan/2022:11:19:47 +0000] "GET /squad/create-squad HTTP/1.1" 200 - "-" "PostmanRuntime/7.28.4"
::ffff:127.0.0.1 - - [05/Jan/2022:11:19:54 +0000] "GET /profile/username/Mp3Il/platform/psn HTTP/1.1" 200 25397 "-" "axios/0.21.4"
::ffff:127.0.0.1 - - [05/Jan/2022:11:19:54 +0000] "GET /profile/username/Mini_Niv/platform/psn HTTP/1.1" 200 27049 "-" "axios/0.21.4"
::1 - - [05/Jan/2022:11:19:54 +0000] "GET /squad/create-squad HTTP/1.1" 200 - "-" "PostmanRuntime/7.28.4"
::ffff:127.0.0.1 - - [05/Jan/2022:11:20:39 +0000] "GET /profile/username/Mp3Il/platform/psn HTTP/1.1" 200 25397 "-" "axios/0.21.4"
::ffff:127.0.0.1 - - [05/Jan/2022:11:20:39 +0000] "GET /profile/username/Mini_Niv/platform/psn HTTP/1.1" 200 27049 "-" "axios/0.21.4"
::1 - - [05/Jan/2022:11:20:39 +0000] "GET /squad/create-squad HTTP/1.1" 200 - "-" "PostmanRuntime/7.28.4"
::ffff:127.0.0.1 - - [05/Jan/2022:12:02:57 +0000] "GET /profile/username/Mini_Niv/platform/psn HTTP/1.1" 200 27049 "-" "axios/0.21.4"
::ffff:127.0.0.1 - - [05/Jan/2022:12:02:57 +0000] "GET /profile/username/Mp3Il/platform/psn HTTP/1.1" 200 25397 "-" "axios/0.21.4"
::1 - - [05/Jan/2022:12:02:57 +0000] "GET /squad/create-squad HTTP/1.1" 201 - "-" "PostmanRuntime/7.28.4"
::ffff:127.0.0.1 - - [05/Jan/2022:12:03:28 +0000] "GET /profile/username/Mp3Il/platform/psn HTTP/1.1" 200 25397 "-" "axios/0.21.4"
::ffff:127.0.0.1 - - [05/Jan/2022:12:03:28 +0000] "GET /profile/username/Mini_Niv/platform/psn HTTP/1.1" 200 27049 "-" "axios/0.21.4"
::ffff:127.0.0.1 - - [05/Jan/2022:12:03:28 +0000] "GET /profile/username/legendary117%25232249/platform/battle HTTP/1.1" 200 29462 "-" "axios/0.21.4"
::1 - - [05/Jan/2022:12:03:28 +0000] "GET /squad/create-squad HTTP/1.1" 201 - "-" "PostmanRuntime/7.28.4"
::ffff:127.0.0.1 - - [05/Jan/2022:12:03:41 +0000] "GET /profile/username/legendary117%25232249/platform/battle HTTP/1.1" 200 29462 "-" "axios/0.21.4"
::ffff:127.0.0.1 - - [05/Jan/2022:12:03:41 +0000] "GET /profile/username/Mp3Il/platform/psn HTTP/1.1" 200 25397 "-" "axios/0.21.4"
::ffff:127.0.0.1 - - [05/Jan/2022:12:03:41 +0000] "GET /profile/username/Mini_Niv/platform/psn HTTP/1.1" 200 27049 "-" "axios/0.21.4"
::1 - - [05/Jan/2022:12:03:41 +0000] "GET /squad/create-squad HTTP/1.1" 200 - "-" "PostmanRuntime/7.28.4"
::ffff:127.0.0.1 - - [05/Jan/2022:12:03:57 +0000] "GET /profile/username/legendary117%25232249/platform/battle HTTP/1.1" 200 29462 "-" "axios/0.21.4"
::ffff:127.0.0.1 - - [05/Jan/2022:12:03:57 +0000] "GET /profile/username/Mini_Niv/platform/psn HTTP/1.1" 200 27049 "-" "axios/0.21.4"
::ffff:127.0.0.1 - - [05/Jan/2022:12:03:57 +0000] "GET /profile/username/Mp3Il/platform/psn HTTP/1.1" 200 25397 "-" "axios/0.21.4"
::1 - - [05/Jan/2022:12:04:25 +0000] "GET /squad/create-squad HTTP/1.1" 200 - "-" "PostmanRuntime/7.28.4"
::ffff:127.0.0.1 - - [05/Jan/2022:12:04:51 +0000] "GET /profile/username/Mp3Il/platform/psn HTTP/1.1" 200 25397 "-" "axios/0.21.4"
::ffff:127.0.0.1 - - [05/Jan/2022:12:04:51 +0000] "GET /profile/username/Mini_Niv/platform/psn HTTP/1.1" 200 27049 "-" "axios/0.21.4"
::1 - - [05/Jan/2022:12:04:58 +0000] "GET /squad/create-squad HTTP/1.1" 200 - "-" "PostmanRuntime/7.28.4"
::ffff:127.0.0.1 - - [05/Jan/2022:12:13:34 +0000] "GET /profile/username/Mp3Il/platform/psn HTTP/1.1" 200 25397 "-" "axios/0.21.4"
::ffff:127.0.0.1 - - [05/Jan/2022:12:13:35 +0000] "GET /profile/username/Mini_Niv/platform/psn HTTP/1.1" 200 27049 "-" "axios/0.21.4"
::1 - - [05/Jan/2022:12:13:35 +0000] "GET /squad/create-squad HTTP/1.1" 201 - "-" "PostmanRuntime/7.28.4"
::ffff:127.0.0.1 - - [05/Jan/2022:12:13:38 +0000] "GET /profile/username/Mini_Niv/platform/psn HTTP/1.1" 200 27049 "-" "axios/0.21.4"
::ffff:127.0.0.1 - - [05/Jan/2022:12:13:38 +0000] "GET /profile/username/Mp3Il/platform/psn HTTP/1.1" 200 25397 "-" "axios/0.21.4"
::1 - - [05/Jan/2022:12:13:56 +0000] "GET /squad/create-squad HTTP/1.1" 200 693 "-" "PostmanRuntime/7.28.4"
::ffff:127.0.0.1 - - [05/Jan/2022:12:14:15 +0000] "GET /profile/username/Mini_Niv/platform/psn HTTP/1.1" 200 27049 "-" "axios/0.21.4"
::ffff:127.0.0.1 - - [05/Jan/2022:12:14:16 +0000] "GET /profile/username/Mp3Il/platform/psn HTTP/1.1" 200 25397 "-" "axios/0.21.4"
::1 - - [05/Jan/2022:12:14:20 +0000] "GET /squad/create-squad HTTP/1.1" 200 751 "-" "PostmanRuntime/7.28.4"
::ffff:127.0.0.1 - - [05/Jan/2022:12:14:35 +0000] "GET /profile/username/Mini_Niv/platform/psn HTTP/1.1" 200 27049 "-" "axios/0.21.4"
::ffff:127.0.0.1 - - [05/Jan/2022:12:14:35 +0000] "GET /profile/username/Mp3Il/platform/psn HTTP/1.1" 200 25397 "-" "axios/0.21.4"
::1 - - [05/Jan/2022:12:14:54 +0000] "GET /squad/create-squad HTTP/1.1" 200 751 "-" "PostmanRuntime/7.28.4"
::ffff:127.0.0.1 - - [05/Jan/2022:12:15:14 +0000] "GET /profile/username/Mini_Niv/platform/psn HTTP/1.1" 200 27049 "-" "axios/0.21.4"
::ffff:127.0.0.1 - - [05/Jan/2022:12:15:14 +0000] "GET /profile/username/Mp3Il/platform/psn HTTP/1.1" 200 25397 "-" "axios/0.21.4"
::1 - - [05/Jan/2022:12:15:21 +0000] "GET /squad/create-squad HTTP/1.1" 200 751 "-" "PostmanRuntime/7.28.4"
::ffff:127.0.0.1 - - [05/Jan/2022:12:16:02 +0000] "GET /profile/username/Mp3Il/platform/psn HTTP/1.1" 200 25397 "-" "axios/0.21.4"
::ffff:127.0.0.1 - - [05/Jan/2022:12:16:02 +0000] "GET /profile/username/Mini_Niv/platform/psn HTTP/1.1" 200 27049 "-" "axios/0.21.4"
::1 - - [05/Jan/2022:12:16:09 +0000] "GET /squad/create-squad HTTP/1.1" 200 751 "-" "PostmanRuntime/7.28.4"
::ffff:127.0.0.1 - - [05/Jan/2022:12:16:25 +0000] "GET /profile/username/Mp3Il/platform/psn HTTP/1.1" 200 25397 "-" "axios/0.21.4"
::ffff:127.0.0.1 - - [05/Jan/2022:12:16:25 +0000] "GET /profile/username/Mini_Niv/platform/psn HTTP/1.1" 200 27049 "-" "axios/0.21.4"
::1 - - [05/Jan/2022:12:16:27 +0000] "GET /squad/create-squad HTTP/1.1" 200 751 "-" "PostmanRuntime/7.28.4"
::ffff:127.0.0.1 - - [05/Jan/2022:12:16:56 +0000] "GET /profile/username/Mp3Il/platform/psn HTTP/1.1" 200 25397 "-" "axios/0.21.4"
::ffff:127.0.0.1 - - [05/Jan/2022:12:16:56 +0000] "GET /profile/username/Mini_Niv/platform/psn HTTP/1.1" 200 27049 "-" "axios/0.21.4"
::1 - - [05/Jan/2022:12:16:58 +0000] "GET /squad/create-squad HTTP/1.1" 200 751 "-" "PostmanRuntime/7.28.4"
::ffff:127.0.0.1 - - [05/Jan/2022:12:18:16 +0000] "GET /profile/username/Mp3Il/platform/psn HTTP/1.1" 200 25397 "-" "axios/0.21.4"
::ffff:127.0.0.1 - - [05/Jan/2022:12:18:16 +0000] "GET /profile/username/Mini_Niv/platform/psn HTTP/1.1" 200 27049 "-" "axios/0.21.4"
::1 - - [05/Jan/2022:12:18:17 +0000] "GET /squad/create-squad HTTP/1.1" 200 751 "-" "PostmanRuntime/7.28.4"
::ffff:127.0.0.1 - - [05/Jan/2022:12:18:48 +0000] "GET /profile/username/Mp3Il/platform/psn HTTP/1.1" 200 25397 "-" "axios/0.21.4"
::ffff:127.0.0.1 - - [05/Jan/2022:12:18:48 +0000] "GET /profile/username/Mini_Niv/platform/psn HTTP/1.1" 200 27049 "-" "axios/0.21.4"
::1 - - [05/Jan/2022:12:18:51 +0000] "GET /squad/create-squad HTTP/1.1" 200 751 "-" "PostmanRuntime/7.28.4"
::ffff:127.0.0.1 - - [05/Jan/2022:12:20:09 +0000] "GET /profile/username/Mp3Il/platform/psn HTTP/1.1" 200 25397 "-" "axios/0.21.4"
::ffff:127.0.0.1 - - [05/Jan/2022:12:20:09 +0000] "GET /profile/username/Mini_Niv/platform/psn HTTP/1.1" 200 27049 "-" "axios/0.21.4"
::1 - - [05/Jan/2022:12:20:09 +0000] "GET /squad/create-squad HTTP/1.1" 200 751 "-" "PostmanRuntime/7.28.4"
::ffff:127.0.0.1 - - [05/Jan/2022:12:20:18 +0000] "GET /profile/username/Mini_Niv/platform/psn HTTP/1.1" 200 27049 "-" "axios/0.21.4"
::ffff:127.0.0.1 - - [05/Jan/2022:12:20:18 +0000] "GET /profile/username/Mp3Il/platform/psn HTTP/1.1" 200 25397 "-" "axios/0.21.4"
::1 - - [05/Jan/2022:12:20:18 +0000] "GET /squad/create-squad HTTP/1.1" 200 751 "-" "PostmanRuntime/7.28.4"
::ffff:127.0.0.1 - - [05/Jan/2022:12:20:21 +0000] "GET /profile/username/Mp3Il/platform/psn HTTP/1.1" 200 25397 "-" "axios/0.21.4"
::ffff:127.0.0.1 - - [05/Jan/2022:12:20:21 +0000] "GET /profile/username/Mini_Niv/platform/psn HTTP/1.1" 200 27049 "-" "axios/0.21.4"
::1 - - [05/Jan/2022:12:20:21 +0000] "GET /squad/create-squad HTTP/1.1" 200 751 "-" "PostmanRuntime/7.28.4"
::ffff:127.0.0.1 - - [05/Jan/2022:12:24:12 +0000] "GET /profile/username/Mini_Niv/platform/psn HTTP/1.1" 200 27049 "-" "axios/0.21.4"
::ffff:127.0.0.1 - - [05/Jan/2022:12:24:12 +0000] "GET /profile/username/Mp3Il/platform/psn HTTP/1.1" 200 25397 "-" "axios/0.21.4"
::1 - - [05/Jan/2022:12:24:34 +0000] "GET /squad/create-squad HTTP/1.1" 200 751 "-" "PostmanRuntime/7.28.4"
::ffff:127.0.0.1 - - [05/Jan/2022:12:26:16 +0000] "GET /profile/username/Mp3Il/platform/psn HTTP/1.1" 200 25397 "-" "axios/0.21.4"
::ffff:127.0.0.1 - - [05/Jan/2022:12:26:16 +0000] "GET /profile/username/Mini_Niv/platform/psn HTTP/1.1" 200 27049 "-" "axios/0.21.4"
::1 - - [05/Jan/2022:12:26:20 +0000] "GET /squad/create-squad HTTP/1.1" 200 751 "-" "PostmanRuntime/7.28.4"
::ffff:127.0.0.1 - - [05/Jan/2022:12:27:36 +0000] "GET /profile/username/Mini_Niv/platform/psn HTTP/1.1" 200 27049 "-" "axios/0.21.4"
::ffff:127.0.0.1 - - [05/Jan/2022:12:27:36 +0000] "GET /profile/username/Mp3Il/platform/psn HTTP/1.1" 200 25397 "-" "axios/0.21.4"
::ffff:127.0.0.1 - - [05/Jan/2022:12:28:51 +0000] "GET /profile/username/Mp3Il/platform/psn HTTP/1.1" 200 25397 "-" "axios/0.21.4"
::ffff:127.0.0.1 - - [05/Jan/2022:12:28:51 +0000] "GET /profile/username/Mini_Niv/platform/psn HTTP/1.1" 200 27049 "-" "axios/0.21.4"
::1 - - [05/Jan/2022:12:28:52 +0000] "GET /squad/create-squad HTTP/1.1" 200 751 "-" "PostmanRuntime/7.28.4"
::ffff:127.0.0.1 - - [05/Jan/2022:12:29:54 +0000] "GET /profile/username/Mp3Il/platform/psn HTTP/1.1" 200 25397 "-" "axios/0.21.4"
::ffff:127.0.0.1 - - [05/Jan/2022:12:29:54 +0000] "GET /profile/username/Mini_Niv/platform/psn HTTP/1.1" 200 27049 "-" "axios/0.21.4"
::1 - - [05/Jan/2022:12:30:24 +0000] "GET /squad/create-squad HTTP/1.1" 200 751 "-" "PostmanRuntime/7.28.4"
::ffff:127.0.0.1 - - [05/Jan/2022:12:30:26 +0000] "GET /profile/username/Mp3Il/platform/psn HTTP/1.1" 200 25397 "-" "axios/0.21.4"
::ffff:127.0.0.1 - - [05/Jan/2022:12:30:26 +0000] "GET /profile/username/Mini_Niv/platform/psn HTTP/1.1" 200 27049 "-" "axios/0.21.4"
::1 - - [05/Jan/2022:12:31:09 +0000] "GET /squad/create-squad HTTP/1.1" 200 751 "-" "PostmanRuntime/7.28.4"
::ffff:127.0.0.1 - - [05/Jan/2022:12:31:12 +0000] "GET /profile/username/Mp3Il/platform/psn HTTP/1.1" 200 25397 "-" "axios/0.21.4"
::ffff:127.0.0.1 - - [05/Jan/2022:12:31:12 +0000] "GET /profile/username/Mini_Niv/platform/psn HTTP/1.1" 200 27049 "-" "axios/0.21.4"
::1 - - [05/Jan/2022:12:34:39 +0000] "GET /squad/create-squad HTTP/1.1" 200 751 "-" "PostmanRuntime/7.28.4"
::ffff:127.0.0.1 - - [05/Jan/2022:12:34:43 +0000] "GET /profile/username/Mp3Il/platform/psn HTTP/1.1" 200 25397 "-" "axios/0.21.4"
::ffff:127.0.0.1 - - [05/Jan/2022:12:34:44 +0000] "GET /profile/username/Mini_Niv/platform/psn HTTP/1.1" 200 27049 "-" "axios/0.21.4"
::1 - - [05/Jan/2022:12:35:11 +0000] "GET /squad/create-squad HTTP/1.1" 201 - "-" "PostmanRuntime/7.28.4"
::ffff:127.0.0.1 - - [05/Jan/2022:12:35:22 +0000] "GET /profile/username/Mp3Il/platform/psn HTTP/1.1" 200 25397 "-" "axios/0.21.4"
::ffff:127.0.0.1 - - [05/Jan/2022:12:35:22 +0000] "GET /profile/username/Mini_Niv/platform/psn HTTP/1.1" 200 27049 "-" "axios/0.21.4"
::1 - - [05/Jan/2022:12:36:17 +0000] "GET /squad/create-squad HTTP/1.1" 200 - "-" "PostmanRuntime/7.28.4"
::ffff:127.0.0.1 - - [05/Jan/2022:12:37:34 +0000] "GET /profile/username/Mini_Niv/platform/psn HTTP/1.1" 200 27049 "-" "axios/0.21.4"
::ffff:127.0.0.1 - - [05/Jan/2022:12:37:34 +0000] "GET /profile/username/Mp3Il/platform/psn HTTP/1.1" 200 25397 "-" "axios/0.21.4"
::ffff:127.0.0.1 - - [05/Jan/2022:12:38:36 +0000] "GET /profile/username/Mini_Niv/platform/psn HTTP/1.1" 200 27049 "-" "axios/0.21.4"
::ffff:127.0.0.1 - - [05/Jan/2022:12:38:36 +0000] "GET /profile/username/Mp3Il/platform/psn HTTP/1.1" 200 25397 "-" "axios/0.21.4"
::1 - - [05/Jan/2022:12:39:07 +0000] "GET /squad/create-squad HTTP/1.1" 200 - "-" "PostmanRuntime/7.28.4"
::ffff:127.0.0.1 - - [05/Jan/2022:12:39:30 +0000] "GET /profile/username/Mini_Niv/platform/psn HTTP/1.1" 200 27049 "-" "axios/0.21.4"
::ffff:127.0.0.1 - - [05/Jan/2022:12:39:30 +0000] "GET /profile/username/Mp3Il/platform/psn HTTP/1.1" 200 25397 "-" "axios/0.21.4"
::ffff:127.0.0.1 - - [05/Jan/2022:12:39:30 +0000] "GET /profile/username/legendary117%25232249/platform/battle HTTP/1.1" 200 29462 "-" "axios/0.21.4"
::1 - - [05/Jan/2022:12:39:41 +0000] "GET /squad/create-squad HTTP/1.1" 200 - "-" "PostmanRuntime/7.28.4"
::ffff:127.0.0.1 - - [05/Jan/2022:12:41:42 +0000] "GET /profile/username/Mini_Niv/platform/psn HTTP/1.1" 200 27049 "-" "axios/0.21.4"
::ffff:127.0.0.1 - - [05/Jan/2022:12:41:42 +0000] "GET /profile/username/Mp3Il/platform/psn HTTP/1.1" 200 25397 "-" "axios/0.21.4"
::1 - - [05/Jan/2022:12:42:01 +0000] "GET /squad/create-squad HTTP/1.1" 200 - "-" "PostmanRuntime/7.28.4"
::ffff:127.0.0.1 - - [05/Jan/2022:12:53:46 +0000] "GET /profile/username/Mini_Niv/platform/psn HTTP/1.1" 200 27049 "-" "axios/0.21.4"
::ffff:127.0.0.1 - - [05/Jan/2022:12:53:46 +0000] "GET /profile/username/Mp3Il/platform/psn HTTP/1.1" 200 25397 "-" "axios/0.21.4"
::1 - - [05/Jan/2022:12:53:46 +0000] "GET /squad/create-squad HTTP/1.1" 201 - "-" "PostmanRuntime/7.28.4"
::ffff:127.0.0.1 - - [05/Jan/2022:12:54:01 +0000] "GET /pull/lifetimeData/battle/legendary117%232249 HTTP/1.1" 200 24200 "-" "axios/0.21.4"
::ffff:127.0.0.1 - - [05/Jan/2022:12:54:01 +0000] "GET /extract/generalStats/battle/legendary117%25232249 HTTP/1.1" 200 2717 "-" "axios/0.21.4"
::ffff:127.0.0.1 - - [05/Jan/2022:12:54:01 +0000] "GET /pull/lifetimeData/psn/mp3il HTTP/1.1" 200 20783 "-" "axios/0.21.4"
::ffff:127.0.0.1 - - [05/Jan/2022:12:54:01 +0000] "GET /extract/generalStats/psn/mp3il HTTP/1.1" 200 384 "-" "axios/0.21.4"
::ffff:127.0.0.1 - - [05/Jan/2022:12:54:01 +0000] "GET /pull/lifetimeData/psn/nikto-armada HTTP/1.1" 200 21639 "-" "axios/0.21.4"
::ffff:127.0.0.1 - - [05/Jan/2022:12:54:01 +0000] "GET /extract/generalStats/psn/nikto-armada HTTP/1.1" 200 386 "-" "axios/0.21.4"
::ffff:127.0.0.1 - - [05/Jan/2022:12:54:01 +0000] "GET /pull/lifetimeData/psn/mini_niv HTTP/1.1" 200 19929 "-" "axios/0.21.4"
::ffff:127.0.0.1 - - [05/Jan/2022:12:54:01 +0000] "GET /extract/generalStats/psn/mini_niv HTTP/1.1" 200 386 "-" "axios/0.21.4"
::ffff:127.0.0.1 - - [05/Jan/2022:12:54:01 +0000] "GET /pull/lastGamesData/battle/legendary117%232249 HTTP/1.1" 200 143931 "-" "axios/0.21.4"
::ffff:127.0.0.1 - - [05/Jan/2022:12:54:01 +0000] "GET /extract/lastGamesStats/battle/legendary117%25232249 HTTP/1.1" 200 5609 "-" "axios/0.21.4"
::ffff:127.0.0.1 - - [05/Jan/2022:12:54:01 +0000] "GET /pull/lastGamesData/psn/mini_niv HTTP/1.1" 200 140027 "-" "axios/0.21.4"
::ffff:127.0.0.1 - - [05/Jan/2022:12:54:01 +0000] "GET /extract/lastGamesStats/psn/mini_niv HTTP/1.1" 200 5652 "-" "axios/0.21.4"
::ffff:127.0.0.1 - - [05/Jan/2022:12:54:01 +0000] "GET /pull/lastGamesData/psn/mp3il HTTP/1.1" 200 132889 "-" "axios/0.21.4"
::ffff:127.0.0.1 - - [05/Jan/2022:12:54:01 +0000] "GET /extract/lastGamesStats/psn/mp3il HTTP/1.1" 200 5524 "-" "axios/0.21.4"
::ffff:127.0.0.1 - - [05/Jan/2022:12:54:02 +0000] "GET /pull/lastGamesData/psn/nikto-armada HTTP/1.1" 200 166896 "-" "axios/0.21.4"
::ffff:127.0.0.1 - - [05/Jan/2022:12:54:02 +0000] "GET /extract/lastGamesStats/psn/nikto-armada HTTP/1.1" 200 5690 "-" "axios/0.21.4"
::ffff:127.0.0.1 - - [05/Jan/2022:12:55:00 +0000] "GET /pull/lifetimeData/psn/nikto-armada HTTP/1.1" 200 21639 "-" "axios/0.21.4"
::ffff:127.0.0.1 - - [05/Jan/2022:12:55:00 +0000] "GET /extract/generalStats/psn/nikto-armada HTTP/1.1" 200 386 "-" "axios/0.21.4"
::ffff:127.0.0.1 - - [05/Jan/2022:12:55:00 +0000] "GET /pull/lifetimeData/psn/mp3il HTTP/1.1" 200 20783 "-" "axios/0.21.4"
::ffff:127.0.0.1 - - [05/Jan/2022:12:55:00 +0000] "GET /extract/generalStats/psn/mp3il HTTP/1.1" 200 384 "-" "axios/0.21.4"
::ffff:127.0.0.1 - - [05/Jan/2022:12:55:00 +0000] "GET /pull/lifetimeData/battle/legendary117%232249 HTTP/1.1" 200 24200 "-" "axios/0.21.4"
::ffff:127.0.0.1 - - [05/Jan/2022:12:55:00 +0000] "GET /extract/generalStats/battle/legendary117%25232249 HTTP/1.1" 200 2717 "-" "axios/0.21.4"
::ffff:127.0.0.1 - - [05/Jan/2022:12:55:00 +0000] "GET /pull/lifetimeData/psn/mini_niv HTTP/1.1" 200 19929 "-" "axios/0.21.4"
::ffff:127.0.0.1 - - [05/Jan/2022:12:55:00 +0000] "GET /extract/generalStats/psn/mini_niv HTTP/1.1" 200 386 "-" "axios/0.21.4"
::ffff:127.0.0.1 - - [05/Jan/2022:12:55:01 +0000] "GET /pull/lastGamesData/battle/legendary117%232249 HTTP/1.1" 200 143931 "-" "axios/0.21.4"
::ffff:127.0.0.1 - - [05/Jan/2022:12:55:01 +0000] "GET /extract/lastGamesStats/battle/legendary117%25232249 HTTP/1.1" 200 5609 "-" "axios/0.21.4"
::ffff:127.0.0.1 - - [05/Jan/2022:12:55:01 +0000] "GET /pull/lastGamesData/psn/nikto-armada HTTP/1.1" 200 166896 "-" "axios/0.21.4"
::ffff:127.0.0.1 - - [05/Jan/2022:12:55:01 +0000] "GET /extract/lastGamesStats/psn/nikto-armada HTTP/1.1" 200 5690 "-" "axios/0.21.4"
::ffff:127.0.0.1 - - [05/Jan/2022:12:55:01 +0000] "GET /pull/lastGamesData/psn/mp3il HTTP/1.1" 200 132889 "-" "axios/0.21.4"
::ffff:127.0.0.1 - - [05/Jan/2022:12:55:01 +0000] "GET /extract/lastGamesStats/psn/mp3il HTTP/1.1" 200 5524 "-" "axios/0.21.4"
::ffff:127.0.0.1 - - [05/Jan/2022:12:55:01 +0000] "GET /pull/lastGamesData/psn/mini_niv HTTP/1.1" 200 140027 "-" "axios/0.21.4"
::ffff:127.0.0.1 - - [05/Jan/2022:12:55:01 +0000] "GET /extract/lastGamesStats/psn/mini_niv HTTP/1.1" 200 5652 "-" "axios/0.21.4"
::ffff:127.0.0.1 - - [05/Jan/2022:12:56:01 +0000] "GET /pull/lifetimeData/psn/nikto-armada HTTP/1.1" 200 21639 "-" "axios/0.21.4"
::ffff:127.0.0.1 - - [05/Jan/2022:12:56:01 +0000] "GET /extract/generalStats/psn/nikto-armada HTTP/1.1" 200 386 "-" "axios/0.21.4"
::ffff:127.0.0.1 - - [05/Jan/2022:12:56:01 +0000] "GET /pull/lifetimeData/psn/mp3il HTTP/1.1" 200 20783 "-" "axios/0.21.4"
::ffff:127.0.0.1 - - [05/Jan/2022:12:56:01 +0000] "GET /extract/generalStats/psn/mp3il HTTP/1.1" 200 384 "-" "axios/0.21.4"
::ffff:127.0.0.1 - - [05/Jan/2022:12:56:01 +0000] "GET /pull/lifetimeData/battle/legendary117%232249 HTTP/1.1" 200 24200 "-" "axios/0.21.4"
::ffff:127.0.0.1 - - [05/Jan/2022:12:56:01 +0000] "GET /extract/generalStats/battle/legendary117%25232249 HTTP/1.1" 200 2717 "-" "axios/0.21.4"
::ffff:127.0.0.1 - - [05/Jan/2022:12:56:01 +0000] "GET /pull/lifetimeData/psn/mini_niv HTTP/1.1" 200 19929 "-" "axios/0.21.4"
::ffff:127.0.0.1 - - [05/Jan/2022:12:56:01 +0000] "GET /extract/generalStats/psn/mini_niv HTTP/1.1" 200 386 "-" "axios/0.21.4"
::ffff:127.0.0.1 - - [05/Jan/2022:12:56:01 +0000] "GET /pull/lastGamesData/psn/mini_niv HTTP/1.1" 200 140027 "-" "axios/0.21.4"
::ffff:127.0.0.1 - - [05/Jan/2022:12:56:01 +0000] "GET /pull/lastGamesData/battle/legendary117%232249 HTTP/1.1" 200 143931 "-" "axios/0.21.4"
::ffff:127.0.0.1 - - [05/Jan/2022:12:56:01 +0000] "GET /extract/lastGamesStats/psn/mini_niv HTTP/1.1" 200 5652 "-" "axios/0.21.4"
::ffff:127.0.0.1 - - [05/Jan/2022:12:56:01 +0000] "GET /extract/lastGamesStats/battle/legendary117%25232249 HTTP/1.1" 200 5609 "-" "axios/0.21.4"
::ffff:127.0.0.1 - - [05/Jan/2022:12:56:01 +0000] "GET /pull/lastGamesData/psn/mp3il HTTP/1.1" 200 132889 "-" "axios/0.21.4"
::ffff:127.0.0.1 - - [05/Jan/2022:12:56:01 +0000] "GET /extract/lastGamesStats/psn/mp3il HTTP/1.1" 200 5524 "-" "axios/0.21.4"
::ffff:127.0.0.1 - - [05/Jan/2022:12:56:01 +0000] "GET /pull/lastGamesData/psn/nikto-armada HTTP/1.1" 200 166896 "-" "axios/0.21.4"
::ffff:127.0.0.1 - - [05/Jan/2022:12:56:01 +0000] "GET /extract/lastGamesStats/psn/nikto-armada HTTP/1.1" 200 5690 "-" "axios/0.21.4"
::ffff:127.0.0.1 - - [05/Jan/2022:12:57:01 +0000] "GET /pull/lifetimeData/psn/nikto-armada HTTP/1.1" 200 21639 "-" "axios/0.21.4"
::ffff:127.0.0.1 - - [05/Jan/2022:12:57:01 +0000] "GET /extract/generalStats/psn/nikto-armada HTTP/1.1" 200 386 "-" "axios/0.21.4"
::ffff:127.0.0.1 - - [05/Jan/2022:12:57:01 +0000] "GET /pull/lifetimeData/psn/mini_niv HTTP/1.1" 200 19929 "-" "axios/0.21.4"
::ffff:127.0.0.1 - - [05/Jan/2022:12:57:01 +0000] "GET /extract/generalStats/psn/mini_niv HTTP/1.1" 200 386 "-" "axios/0.21.4"
::ffff:127.0.0.1 - - [05/Jan/2022:12:57:01 +0000] "GET /pull/lifetimeData/psn/mp3il HTTP/1.1" 200 20783 "-" "axios/0.21.4"
::ffff:127.0.0.1 - - [05/Jan/2022:12:57:01 +0000] "GET /extract/generalStats/psn/mp3il HTTP/1.1" 200 384 "-" "axios/0.21.4"
::ffff:127.0.0.1 - - [05/Jan/2022:12:57:01 +0000] "GET /pull/lifetimeData/battle/legendary117%232249 HTTP/1.1" 200 24200 "-" "axios/0.21.4"
